Archive member included to satisfy reference by file (symbol)

../lib/libxc.a(bzero.o)       ../device/tty/ttyClose.o (bzero)
../lib/libxc.a(ctype_.o)      ../device/tty/ttyRead.o (_ctype_)
../lib/libxc.a(doprnt.o)      ../device/uart-pl011/../uart/kvprintf.o (_doprnt)
../lib/libxc.a(fprintf.o)     ../device/usb/usbdebug.o (fprintf)
../lib/libxc.a(fputc.o)       ../device/usb/usbdebug.o (fputc)
../lib/libxc.a(memcpy.o)      ../system/platforms/arm-rpi3/kexec.o (memcpy)
../lib/libxc.a(memset.o)      ../lib/libxc.a(bzero.o) (memset)
../lib/libxc.a(printf.o)      ../device/uart-pl011/uartHwStat.o (printf)
../lib/libxc.a(sprintf.o)     ../device/usb/usbdebug.o (sprintf)
../lib/libxc.a(strlcpy.o)     ../system/platforms/arm-rpi3/platforminit.o (strlcpy)
../lib/libxc.a(strlen.o)      ../lib/libxc.a(doprnt.o) (strlen)
../lib/libxc.a(strncmp.o)     ../system/getdev.o (strncmp)

Discarded input sections

 .data          0x0000000000000000        0x0 ../loader/platforms/arm-rpi3/start.o
 .bss           0x0000000000000000        0x0 ../loader/platforms/arm-rpi3/start.o
 .data          0x0000000000000000        0x0 ../system/platforms/arm-rpi3/ctxsw.o
 .bss           0x0000000000000000        0x0 ../system/platforms/arm-rpi3/ctxsw.o
 .data          0x0000000000000000        0x0 ../system/platforms/arm-rpi3/halt.o
 .bss           0x0000000000000000        0x0 ../system/platforms/arm-rpi3/halt.o
 .data          0x0000000000000000        0x0 ../system/platforms/arm-rpi3/intutils.o
 .bss           0x0000000000000000        0x0 ../system/platforms/arm-rpi3/intutils.o
 .data          0x0000000000000000        0x0 ../system/platforms/arm-rpi3/irq_handler.o
 .bss           0x0000000000000000        0x0 ../system/platforms/arm-rpi3/irq_handler.o
 .data          0x0000000000000000        0x0 ../system/platforms/arm-rpi3/memory_barrier.o
 .bss           0x0000000000000000        0x0 ../system/platforms/arm-rpi3/memory_barrier.o
 .text          0x0000000000000000        0x8 ../system/platforms/arm-rpi3/pause.o
 .data          0x0000000000000000        0x0 ../system/platforms/arm-rpi3/pause.o
 .bss           0x0000000000000000        0x0 ../system/platforms/arm-rpi3/pause.o
 .ARM.attributes
                0x0000000000000000       0x28 ../system/platforms/arm-rpi3/pause.o
 .data          0x0000000000000000        0x0 ../system/platforms/arm-rpi3/getmode.o
 .bss           0x0000000000000000        0x0 ../system/platforms/arm-rpi3/getmode.o
 .data          0x0000000000000000        0x0 ../system/platforms/arm-rpi3/getcpuid.o
 .bss           0x0000000000000000        0x0 ../system/platforms/arm-rpi3/getcpuid.o
 .text          0x0000000000000000        0x0 ../system/platforms/arm-rpi3/setupStack.o
 .data          0x0000000000000000        0x0 ../system/platforms/arm-rpi3/setupStack.o
 .bss           0x0000000000000000        0x0 ../system/platforms/arm-rpi3/setupStack.o
 .comment       0x0000000000000000       0x22 ../system/platforms/arm-rpi3/setupStack.o
 .text          0x0000000000000000        0x0 ../system/platforms/arm-rpi3/bcm2837_power.o
 .data          0x0000000000000000        0x0 ../system/platforms/arm-rpi3/bcm2837_power.o
 .text.bcm2837_setpower
                0x0000000000000000       0x88 ../system/platforms/arm-rpi3/bcm2837_power.o
 .comment       0x0000000000000000       0x22 ../system/platforms/arm-rpi3/bcm2837_power.o
 .text          0x0000000000000000        0x0 ../system/platforms/arm-rpi3/dispatch.o
 .data          0x0000000000000000        0x0 ../system/platforms/arm-rpi3/dispatch.o
 .bss           0x0000000000000000      0x12c ../system/platforms/arm-rpi3/dispatch.o
 .text.enable_irq
                0x0000000000000000       0x6c ../system/platforms/arm-rpi3/dispatch.o
 .text.disable_irq
                0x0000000000000000       0x6c ../system/platforms/arm-rpi3/dispatch.o
 .comment       0x0000000000000000       0x22 ../system/platforms/arm-rpi3/dispatch.o
 .text          0x0000000000000000        0x0 ../system/platforms/arm-rpi3/kexec.o
 .data          0x0000000000000000        0x0 ../system/platforms/arm-rpi3/kexec.o
 .bss           0x0000000000000000        0x0 ../system/platforms/arm-rpi3/kexec.o
 .text.kexec    0x0000000000000000       0x58 ../system/platforms/arm-rpi3/kexec.o
 .rodata        0x0000000000000000       0x18 ../system/platforms/arm-rpi3/kexec.o
 .comment       0x0000000000000000       0x22 ../system/platforms/arm-rpi3/kexec.o
 .ARM.attributes
                0x0000000000000000       0x38 ../system/platforms/arm-rpi3/kexec.o
 .text          0x0000000000000000        0x0 ../system/platforms/arm-rpi3/platforminit.o
 .bss           0x0000000000000000        0x0 ../system/platforms/arm-rpi3/platforminit.o
 .comment       0x0000000000000000       0x22 ../system/platforms/arm-rpi3/platforminit.o
 .text          0x0000000000000000        0x0 ../system/platforms/arm-rpi3/timer.o
 .data          0x0000000000000000        0x0 ../system/platforms/arm-rpi3/timer.o
 .bss           0x0000000000000000        0x0 ../system/platforms/arm-rpi3/timer.o
 .text.clkupdate
                0x0000000000000000       0x30 ../system/platforms/arm-rpi3/timer.o
 .comment       0x0000000000000000       0x22 ../system/platforms/arm-rpi3/timer.o
 .text          0x0000000000000000        0x0 ../system/platforms/arm-rpi3/usb_dwc_hcd.o
 .data          0x0000000000000000        0x0 ../system/platforms/arm-rpi3/usb_dwc_hcd.o
 .bss           0x0000000000000000     0x203c ../system/platforms/arm-rpi3/usb_dwc_hcd.o
 .text.dwc_get_host_port_ctrlstatus
                0x0000000000000000       0x14 ../system/platforms/arm-rpi3/usb_dwc_hcd.o
 .text.dwc_host_port_status_changed
                0x0000000000000000       0x38 ../system/platforms/arm-rpi3/usb_dwc_hcd.o
 .text.dwc_channel_start_transaction
                0x0000000000000000       0x90 ../system/platforms/arm-rpi3/usb_dwc_hcd.o
 .text.dwc_channel_start_xfer
                0x0000000000000000      0x2e4 ../system/platforms/arm-rpi3/usb_dwc_hcd.o
 .text.dwc_get_free_channel
                0x0000000000000000       0x44 ../system/platforms/arm-rpi3/usb_dwc_hcd.o
 .text.defer_xfer_thread
                0x0000000000000000       0xd0 ../system/platforms/arm-rpi3/usb_dwc_hcd.o
 .text.dwc_schedule_xfer_requests
                0x0000000000000000      0x38c ../system/platforms/arm-rpi3/usb_dwc_hcd.o
 .text.dwc_interrupt_handler
                0x0000000000000000      0x670 ../system/platforms/arm-rpi3/usb_dwc_hcd.o
 .text.hcd_start
                0x0000000000000000      0x134 ../system/platforms/arm-rpi3/usb_dwc_hcd.o
 .text.hcd_stop
                0x0000000000000000       0x4c ../system/platforms/arm-rpi3/usb_dwc_hcd.o
 .text.hcd_submit_xfer_request
                0x0000000000000000       0x20 ../system/platforms/arm-rpi3/usb_dwc_hcd.o
 .rodata        0x0000000000000000       0x67 ../system/platforms/arm-rpi3/usb_dwc_hcd.o
 .rodata.str1.1
                0x0000000000000000       0x1d ../system/platforms/arm-rpi3/usb_dwc_hcd.o
 .comment       0x0000000000000000       0x22 ../system/platforms/arm-rpi3/usb_dwc_hcd.o
 .ARM.attributes
                0x0000000000000000       0x38 ../system/platforms/arm-rpi3/usb_dwc_hcd.o
 .text          0x0000000000000000        0x0 ../system/platforms/arm-rpi3/watchdog.o
 .data          0x0000000000000000        0x0 ../system/platforms/arm-rpi3/watchdog.o
 .bss           0x0000000000000000        0x0 ../system/platforms/arm-rpi3/watchdog.o
 .text.watchdogset
                0x0000000000000000       0x34 ../system/platforms/arm-rpi3/watchdog.o
 .comment       0x0000000000000000       0x22 ../system/platforms/arm-rpi3/watchdog.o
 .ARM.attributes
                0x0000000000000000       0x38 ../system/platforms/arm-rpi3/watchdog.o
 .text          0x0000000000000000        0x0 ../system/initialize.o
 .data          0x0000000000000000        0x0 ../system/initialize.o
 .text.led_on   0x0000000000000000       0x14 ../system/initialize.o
 .comment       0x0000000000000000       0x22 ../system/initialize.o
 .text          0x0000000000000000        0x0 ../system/queue.o
 .data          0x0000000000000000        0x0 ../system/queue.o
 .comment       0x0000000000000000       0x22 ../system/queue.o
 .text          0x0000000000000000        0x0 ../system/main.o
 .data          0x0000000000000000        0x0 ../system/main.o
 .bss           0x0000000000000000        0x0 ../system/main.o
 .text.startup.main
                0x0000000000000000        0x8 ../system/main.o
 .comment       0x0000000000000000       0x22 ../system/main.o
 .text          0x0000000000000000        0x0 ../system/create.o
 .data          0x0000000000000000        0x0 ../system/create.o
 .comment       0x0000000000000000       0x22 ../system/create.o
 .text          0x0000000000000000        0x0 ../system/kill.o
 .data          0x0000000000000000        0x0 ../system/kill.o
 .bss           0x0000000000000000        0x0 ../system/kill.o
 .comment       0x0000000000000000       0x22 ../system/kill.o
 .text          0x0000000000000000        0x0 ../system/ready.o
 .data          0x0000000000000000        0x0 ../system/ready.o
 .bss           0x0000000000000000        0x0 ../system/ready.o
 .comment       0x0000000000000000       0x22 ../system/ready.o
 .text          0x0000000000000000        0x0 ../system/resched.o
 .data          0x0000000000000000        0x0 ../system/resched.o
 .comment       0x0000000000000000       0x22 ../system/resched.o
 .text          0x0000000000000000        0x0 ../system/resume.o
 .data          0x0000000000000000        0x0 ../system/resume.o
 .bss           0x0000000000000000        0x0 ../system/resume.o
 .text.resume   0x0000000000000000       0x68 ../system/resume.o
 .comment       0x0000000000000000       0x22 ../system/resume.o
 .ARM.attributes
                0x0000000000000000       0x38 ../system/resume.o
 .text          0x0000000000000000        0x0 ../system/suspend.o
 .data          0x0000000000000000        0x0 ../system/suspend.o
 .bss           0x0000000000000000        0x0 ../system/suspend.o
 .text.suspend  0x0000000000000000       0x94 ../system/suspend.o
 .comment       0x0000000000000000       0x22 ../system/suspend.o
 .ARM.attributes
                0x0000000000000000       0x38 ../system/suspend.o
 .text          0x0000000000000000        0x0 ../system/getitem.o
 .data          0x0000000000000000        0x0 ../system/getitem.o
 .bss           0x0000000000000000        0x0 ../system/getitem.o
 .text.getlast  0x0000000000000000       0x4c ../system/getitem.o
 .comment       0x0000000000000000       0x22 ../system/getitem.o
 .text          0x0000000000000000        0x0 ../system/queinit.o
 .bss           0x0000000000000000        0x0 ../system/queinit.o
 .comment       0x0000000000000000       0x22 ../system/queinit.o
 .text          0x0000000000000000        0x0 ../system/insert.o
 .data          0x0000000000000000        0x0 ../system/insert.o
 .bss           0x0000000000000000        0x0 ../system/insert.o
 .comment       0x0000000000000000       0x22 ../system/insert.o
 .text          0x0000000000000000        0x0 ../system/gettid.o
 .data          0x0000000000000000        0x0 ../system/gettid.o
 .bss           0x0000000000000000        0x0 ../system/gettid.o
 .comment       0x0000000000000000       0x22 ../system/gettid.o
 .text          0x0000000000000000        0x0 ../system/xdone.o
 .data          0x0000000000000000        0x0 ../system/xdone.o
 .bss           0x0000000000000000        0x0 ../system/xdone.o
 .comment       0x0000000000000000       0x22 ../system/xdone.o
 .text          0x0000000000000000        0x0 ../system/yield.o
 .data          0x0000000000000000        0x0 ../system/yield.o
 .bss           0x0000000000000000        0x0 ../system/yield.o
 .text.yield    0x0000000000000000       0x20 ../system/yield.o
 .comment       0x0000000000000000       0x22 ../system/yield.o
 .ARM.attributes
                0x0000000000000000       0x38 ../system/yield.o
 .text          0x0000000000000000        0x0 ../system/userret.o
 .data          0x0000000000000000        0x0 ../system/userret.o
 .bss           0x0000000000000000        0x0 ../system/userret.o
 .comment       0x0000000000000000       0x22 ../system/userret.o
 .text          0x0000000000000000        0x0 ../system/unsleep.o
 .data          0x0000000000000000        0x0 ../system/unsleep.o
 .bss           0x0000000000000000        0x0 ../system/unsleep.o
 .comment       0x0000000000000000       0x22 ../system/unsleep.o
 .text          0x0000000000000000        0x0 ../system/wakeup.o
 .data          0x0000000000000000        0x0 ../system/wakeup.o
 .bss           0x0000000000000000        0x0 ../system/wakeup.o
 .text.wakeup   0x0000000000000000       0x54 ../system/wakeup.o
 .comment       0x0000000000000000       0x22 ../system/wakeup.o
 .ARM.attributes
                0x0000000000000000       0x38 ../system/wakeup.o
 .text          0x0000000000000000        0x0 ../system/udelay.o
 .data          0x0000000000000000        0x0 ../system/udelay.o
 .bss           0x0000000000000000        0x0 ../system/udelay.o
 .comment       0x0000000000000000       0x22 ../system/udelay.o
 .text          0x0000000000000000        0x0 ../system/signal.o
 .data          0x0000000000000000        0x0 ../system/signal.o
 .bss           0x0000000000000000        0x0 ../system/signal.o
 .text.signal   0x0000000000000000       0x7c ../system/signal.o
 .comment       0x0000000000000000       0x22 ../system/signal.o
 .ARM.attributes
                0x0000000000000000       0x38 ../system/signal.o
 .text          0x0000000000000000        0x0 ../system/signaln.o
 .data          0x0000000000000000        0x0 ../system/signaln.o
 .bss           0x0000000000000000        0x0 ../system/signaln.o
 .comment       0x0000000000000000       0x22 ../system/signaln.o
 .text          0x0000000000000000        0x0 ../system/wait.o
 .data          0x0000000000000000        0x0 ../system/wait.o
 .bss           0x0000000000000000        0x0 ../system/wait.o
 .comment       0x0000000000000000       0x22 ../system/wait.o
 .text          0x0000000000000000        0x0 ../system/memget.o
 .data          0x0000000000000000        0x0 ../system/memget.o
 .bss           0x0000000000000000        0x0 ../system/memget.o
 .text.memget   0x0000000000000000       0x98 ../system/memget.o
 .comment       0x0000000000000000       0x22 ../system/memget.o
 .ARM.attributes
                0x0000000000000000       0x38 ../system/memget.o
 .text          0x0000000000000000        0x0 ../system/memfree.o
 .data          0x0000000000000000        0x0 ../system/memfree.o
 .bss           0x0000000000000000        0x0 ../system/memfree.o
 .comment       0x0000000000000000       0x22 ../system/memfree.o
 .text          0x0000000000000000        0x0 ../system/stkget.o
 .data          0x0000000000000000        0x0 ../system/stkget.o
 .bss           0x0000000000000000        0x0 ../system/stkget.o
 .comment       0x0000000000000000       0x22 ../system/stkget.o
 .text          0x0000000000000000        0x0 ../system/send.o
 .data          0x0000000000000000        0x0 ../system/send.o
 .bss           0x0000000000000000        0x0 ../system/send.o
 .comment       0x0000000000000000       0x22 ../system/send.o
 .text          0x0000000000000000        0x0 ../system/ioerr.o
 .data          0x0000000000000000        0x0 ../system/ioerr.o
 .bss           0x0000000000000000        0x0 ../system/ioerr.o
 .comment       0x0000000000000000       0x22 ../system/ioerr.o
 .text          0x0000000000000000        0x0 ../system/ionull.o
 .data          0x0000000000000000        0x0 ../system/ionull.o
 .bss           0x0000000000000000        0x0 ../system/ionull.o
 .comment       0x0000000000000000       0x22 ../system/ionull.o
 .text          0x0000000000000000        0x0 ../system/read.o
 .data          0x0000000000000000        0x0 ../system/read.o
 .bss           0x0000000000000000        0x0 ../system/read.o
 .text.read     0x0000000000000000       0x28 ../system/read.o
 .comment       0x0000000000000000       0x22 ../system/read.o
 .ARM.attributes
                0x0000000000000000       0x38 ../system/read.o
 .text          0x0000000000000000        0x0 ../system/putc.o
 .data          0x0000000000000000        0x0 ../system/putc.o
 .bss           0x0000000000000000        0x0 ../system/putc.o
 .text.putc     0x0000000000000000       0x28 ../system/putc.o
 .comment       0x0000000000000000       0x22 ../system/putc.o
 .ARM.attributes
                0x0000000000000000       0x38 ../system/putc.o
 .text          0x0000000000000000        0x0 ../system/seek.o
 .data          0x0000000000000000        0x0 ../system/seek.o
 .bss           0x0000000000000000        0x0 ../system/seek.o
 .text.seek     0x0000000000000000       0x28 ../system/seek.o
 .comment       0x0000000000000000       0x22 ../system/seek.o
 .ARM.attributes
                0x0000000000000000       0x38 ../system/seek.o
 .text          0x0000000000000000        0x0 ../system/write.o
 .data          0x0000000000000000        0x0 ../system/write.o
 .bss           0x0000000000000000        0x0 ../system/write.o
 .text.write    0x0000000000000000       0x28 ../system/write.o
 .comment       0x0000000000000000       0x22 ../system/write.o
 .ARM.attributes
                0x0000000000000000       0x38 ../system/write.o
 .text          0x0000000000000000        0x0 ../system/getdev.o
 .data          0x0000000000000000        0x0 ../system/getdev.o
 .bss           0x0000000000000000        0x0 ../system/getdev.o
 .text.getdev   0x0000000000000000       0x4c ../system/getdev.o
 .comment       0x0000000000000000       0x22 ../system/getdev.o
 .ARM.attributes
                0x0000000000000000       0x38 ../system/getdev.o
 .text          0x0000000000000000        0x0 ../system/open.o
 .data          0x0000000000000000        0x0 ../system/open.o
 .bss           0x0000000000000000        0x0 ../system/open.o
 .text.open     0x0000000000000000       0x48 ../system/open.o
 .comment       0x0000000000000000       0x22 ../system/open.o
 .ARM.attributes
                0x0000000000000000       0x38 ../system/open.o
 .text          0x0000000000000000        0x0 ../device/uart-pl011/kgetc.o
 .data          0x0000000000000000        0x0 ../device/uart-pl011/kgetc.o
 .bss           0x0000000000000000        0x0 ../device/uart-pl011/kgetc.o
 .text.kgetc    0x0000000000000000       0x50 ../device/uart-pl011/kgetc.o
 .comment       0x0000000000000000       0x22 ../device/uart-pl011/kgetc.o
 .ARM.attributes
                0x0000000000000000       0x38 ../device/uart-pl011/kgetc.o
 .text          0x0000000000000000        0x0 ../device/uart-pl011/kputc.o
 .data          0x0000000000000000        0x0 ../device/uart-pl011/kputc.o
 .bss           0x0000000000000000        0x0 ../device/uart-pl011/kputc.o
 .comment       0x0000000000000000       0x22 ../device/uart-pl011/kputc.o
 .text          0x0000000000000000        0x0 ../device/uart-pl011/../uart/uartControl.o
 .data          0x0000000000000000        0x0 ../device/uart-pl011/../uart/uartControl.o
 .bss           0x0000000000000000        0x0 ../device/uart-pl011/../uart/uartControl.o
 .comment       0x0000000000000000       0x22 ../device/uart-pl011/../uart/uartControl.o
 .text          0x0000000000000000        0x0 ../device/uart-pl011/../uart/uartGetc.o
 .data          0x0000000000000000        0x0 ../device/uart-pl011/../uart/uartGetc.o
 .bss           0x0000000000000000        0x0 ../device/uart-pl011/../uart/uartGetc.o
 .comment       0x0000000000000000       0x22 ../device/uart-pl011/../uart/uartGetc.o
 .text          0x0000000000000000        0x0 ../device/uart-pl011/uartHwInit.o
 .data          0x0000000000000000        0x0 ../device/uart-pl011/uartHwInit.o
 .bss           0x0000000000000000        0x0 ../device/uart-pl011/uartHwInit.o
 .comment       0x0000000000000000       0x22 ../device/uart-pl011/uartHwInit.o
 .text          0x0000000000000000        0x0 ../device/uart-pl011/uartHwPutc.o
 .data          0x0000000000000000        0x0 ../device/uart-pl011/uartHwPutc.o
 .bss           0x0000000000000000        0x0 ../device/uart-pl011/uartHwPutc.o
 .comment       0x0000000000000000       0x22 ../device/uart-pl011/uartHwPutc.o
 .text          0x0000000000000000        0x0 ../device/uart-pl011/uartHwStat.o
 .data          0x0000000000000000        0x0 ../device/uart-pl011/uartHwStat.o
 .bss           0x0000000000000000        0x0 ../device/uart-pl011/uartHwStat.o
 .text.uartHwStat
                0x0000000000000000       0x5c ../device/uart-pl011/uartHwStat.o
 .rodata        0x0000000000000000        0x8 ../device/uart-pl011/uartHwStat.o
 .rodata.str1.1
                0x0000000000000000       0x91 ../device/uart-pl011/uartHwStat.o
 .comment       0x0000000000000000       0x22 ../device/uart-pl011/uartHwStat.o
 .ARM.attributes
                0x0000000000000000       0x38 ../device/uart-pl011/uartHwStat.o
 .text          0x0000000000000000        0x0 ../device/uart-pl011/../uart/uartInit.o
 .data          0x0000000000000000        0x0 ../device/uart-pl011/../uart/uartInit.o
 .comment       0x0000000000000000       0x22 ../device/uart-pl011/../uart/uartInit.o
 .text          0x0000000000000000        0x0 ../device/uart-pl011/uartInterrupt.o
 .data          0x0000000000000000        0x0 ../device/uart-pl011/uartInterrupt.o
 .bss           0x0000000000000000        0x0 ../device/uart-pl011/uartInterrupt.o
 .comment       0x0000000000000000       0x22 ../device/uart-pl011/uartInterrupt.o
 .text          0x0000000000000000        0x0 ../device/uart-pl011/../uart/uartPutc.o
 .data          0x0000000000000000        0x0 ../device/uart-pl011/../uart/uartPutc.o
 .bss           0x0000000000000000        0x0 ../device/uart-pl011/../uart/uartPutc.o
 .comment       0x0000000000000000       0x22 ../device/uart-pl011/../uart/uartPutc.o
 .text          0x0000000000000000        0x0 ../device/uart-pl011/../uart/uartRead.o
 .data          0x0000000000000000        0x0 ../device/uart-pl011/../uart/uartRead.o
 .bss           0x0000000000000000        0x0 ../device/uart-pl011/../uart/uartRead.o
 .comment       0x0000000000000000       0x22 ../device/uart-pl011/../uart/uartRead.o
 .text          0x0000000000000000        0x0 ../device/uart-pl011/../uart/uartWrite.o
 .data          0x0000000000000000        0x0 ../device/uart-pl011/../uart/uartWrite.o
 .bss           0x0000000000000000        0x0 ../device/uart-pl011/../uart/uartWrite.o
 .comment       0x0000000000000000       0x22 ../device/uart-pl011/../uart/uartWrite.o
 .text          0x0000000000000000        0x0 ../device/uart-pl011/../uart/uartStat.o
 .data          0x0000000000000000        0x0 ../device/uart-pl011/../uart/uartStat.o
 .bss           0x0000000000000000        0x0 ../device/uart-pl011/../uart/uartStat.o
 .text.uartStat
                0x0000000000000000       0xcc ../device/uart-pl011/../uart/uartStat.o
 .rodata.str1.1
                0x0000000000000000       0xd2 ../device/uart-pl011/../uart/uartStat.o
 .comment       0x0000000000000000       0x22 ../device/uart-pl011/../uart/uartStat.o
 .ARM.attributes
                0x0000000000000000       0x38 ../device/uart-pl011/../uart/uartStat.o
 .text          0x0000000000000000        0x0 ../device/uart-pl011/../uart/kprintf.o
 .data          0x0000000000000000        0x0 ../device/uart-pl011/../uart/kprintf.o
 .bss           0x0000000000000000        0x0 ../device/uart-pl011/../uart/kprintf.o
 .comment       0x0000000000000000       0x22 ../device/uart-pl011/../uart/kprintf.o
 .text          0x0000000000000000        0x0 ../device/uart-pl011/../uart/kvprintf.o
 .data          0x0000000000000000        0x0 ../device/uart-pl011/../uart/kvprintf.o
 .bss           0x0000000000000000        0x0 ../device/uart-pl011/../uart/kvprintf.o
 .comment       0x0000000000000000       0x22 ../device/uart-pl011/../uart/kvprintf.o
 .text          0x0000000000000000        0x0 ../device/tty/ttyControl.o
 .data          0x0000000000000000        0x0 ../device/tty/ttyControl.o
 .bss           0x0000000000000000        0x0 ../device/tty/ttyControl.o
 .comment       0x0000000000000000       0x22 ../device/tty/ttyControl.o
 .text          0x0000000000000000        0x0 ../device/tty/ttyOpen.o
 .data          0x0000000000000000        0x0 ../device/tty/ttyOpen.o
 .bss           0x0000000000000000        0x0 ../device/tty/ttyOpen.o
 .comment       0x0000000000000000       0x22 ../device/tty/ttyOpen.o
 .text          0x0000000000000000        0x0 ../device/tty/ttyRead.o
 .data          0x0000000000000000        0x0 ../device/tty/ttyRead.o
 .bss           0x0000000000000000        0x0 ../device/tty/ttyRead.o
 .comment       0x0000000000000000       0x22 ../device/tty/ttyRead.o
 .text          0x0000000000000000        0x0 ../device/tty/ttyClose.o
 .data          0x0000000000000000        0x0 ../device/tty/ttyClose.o
 .bss           0x0000000000000000        0x0 ../device/tty/ttyClose.o
 .comment       0x0000000000000000       0x22 ../device/tty/ttyClose.o
 .text          0x0000000000000000        0x0 ../device/tty/ttyGetc.o
 .data          0x0000000000000000        0x0 ../device/tty/ttyGetc.o
 .bss           0x0000000000000000        0x0 ../device/tty/ttyGetc.o
 .comment       0x0000000000000000       0x22 ../device/tty/ttyGetc.o
 .text          0x0000000000000000        0x0 ../device/tty/ttyInit.o
 .data          0x0000000000000000        0x0 ../device/tty/ttyInit.o
 .comment       0x0000000000000000       0x22 ../device/tty/ttyInit.o
 .text          0x0000000000000000        0x0 ../device/tty/ttyPutc.o
 .data          0x0000000000000000        0x0 ../device/tty/ttyPutc.o
 .bss           0x0000000000000000        0x0 ../device/tty/ttyPutc.o
 .comment       0x0000000000000000       0x22 ../device/tty/ttyPutc.o
 .text          0x0000000000000000        0x0 ../device/tty/ttyWrite.o
 .data          0x0000000000000000        0x0 ../device/tty/ttyWrite.o
 .bss           0x0000000000000000        0x0 ../device/tty/ttyWrite.o
 .comment       0x0000000000000000       0x22 ../device/tty/ttyWrite.o
 .text          0x0000000000000000        0x0 ../device/usb/usbcore.o
 .data          0x0000000000000000        0x0 ../device/usb/usbcore.o
 .bss           0x0000000000000000     0x4d8c ../device/usb/usbcore.o
 .text.signal_control_msg_done
                0x0000000000000000        0x8 ../device/usb/usbcore.o
 .text.usb_try_to_bind_device_driver
                0x0000000000000000       0x64 ../device/usb/usbcore.o
 .text.usb_init_xfer_request
                0x0000000000000000       0x20 ../device/usb/usbcore.o
 .text.usb_alloc_xfer_request
                0x0000000000000000       0x38 ../device/usb/usbcore.o
 .text.usb_free_xfer_request
                0x0000000000000000       0x30 ../device/usb/usbcore.o
 .text.usb_submit_xfer_request
                0x0000000000000000       0xb4 ../device/usb/usbcore.o
 .text.usb_complete_xfer
                0x0000000000000000       0x90 ../device/usb/usbcore.o
 .text.usb_control_msg
                0x0000000000000000      0x10c ../device/usb/usbcore.o
 .text.usb_get_descriptor
                0x0000000000000000       0x98 ../device/usb/usbcore.o
 .text.usb_alloc_device
                0x0000000000000000       0xa4 ../device/usb/usbcore.o
 .text.usb_free_device
                0x0000000000000000       0x80 ../device/usb/usbcore.o
 .text.usb_attach_device
                0x0000000000000000      0x2e0 ../device/usb/usbcore.o
 .text.usb_lock_bus
                0x0000000000000000       0x10 ../device/usb/usbcore.o
 .text.usb_unlock_bus
                0x0000000000000000       0x10 ../device/usb/usbcore.o
 .text.usb_register_device_driver
                0x0000000000000000       0x88 ../device/usb/usbcore.o
 .text.usbinit  0x0000000000000000       0xa0 ../device/usb/usbcore.o
 .comment       0x0000000000000000       0x22 ../device/usb/usbcore.o
 .ARM.attributes
                0x0000000000000000       0x38 ../device/usb/usbcore.o
 .text          0x0000000000000000        0x0 ../device/usb/usbhub.o
 .data          0x0000000000000000        0x4 ../device/usb/usbhub.o
 .bss           0x0000000000000000     0x1a0c ../device/usb/usbhub.o
 .text.hub_unbind_device
                0x0000000000000000       0x78 ../device/usb/usbhub.o
 .text.port_get_status
                0x0000000000000000       0x40 ../device/usb/usbhub.o
 .text.port_change_feature
                0x0000000000000000       0x40 ../device/usb/usbhub.o
 .text.port_clear_feature
                0x0000000000000000        0x8 ../device/usb/usbhub.o
 .text.hub_status_changed
                0x0000000000000000       0x38 ../device/usb/usbhub.o
 .text.hub_thread
                0x0000000000000000      0x2f4 ../device/usb/usbhub.o
 .text.hub_bind_device
                0x0000000000000000      0x2c0 ../device/usb/usbhub.o
 .text.usb_hub_for_device_in_tree
                0x0000000000000000       0x64 ../device/usb/usbhub.o
 .rodata        0x0000000000000000        0xc ../device/usb/usbhub.o
 .rodata.str1.1
                0x0000000000000000       0x1e ../device/usb/usbhub.o
 .comment       0x0000000000000000       0x22 ../device/usb/usbhub.o
 .ARM.attributes
                0x0000000000000000       0x38 ../device/usb/usbhub.o
 .text          0x0000000000000000        0x0 ../device/usb/usbdebug.o
 .data          0x0000000000000000        0x0 ../device/usb/usbdebug.o
 .bss           0x0000000000000000      0x20a ../device/usb/usbdebug.o
 .text.usb_bcd_version_to_string
                0x0000000000000000       0x4c ../device/usb/usbdebug.o
 .text.usb_status_string
                0x0000000000000000       0x24 ../device/usb/usbdebug.o
 .text.usb_class_code_to_string
                0x0000000000000000      0x108 ../device/usb/usbdebug.o
 .text.usbinfo_device_callback
                0x0000000000000000      0x47c ../device/usb/usbdebug.o
 .text.usb_speed_to_string
                0x0000000000000000       0x20 ../device/usb/usbdebug.o
 .text.usb_transfer_type_to_string
                0x0000000000000000       0x20 ../device/usb/usbdebug.o
 .text.usb_direction_to_string
                0x0000000000000000       0x30 ../device/usb/usbdebug.o
 .text.usb_get_string_descriptor
                0x0000000000000000       0x24 ../device/usb/usbdebug.o
 .text.usb_get_ascii_string
                0x0000000000000000       0xec ../device/usb/usbdebug.o
 .text.usb_device_description
                0x0000000000000000      0x138 ../device/usb/usbdebug.o
 .text.usbinfo_tree_callback
                0x0000000000000000      0x104 ../device/usb/usbdebug.o
 .text.usbinfo  0x0000000000000000       0x88 ../device/usb/usbdebug.o
 .rodata        0x0000000000000000       0x44 ../device/usb/usbdebug.o
 .rodata.str1.1
                0x0000000000000000      0x8ec ../device/usb/usbdebug.o
 .comment       0x0000000000000000       0x22 ../device/usb/usbdebug.o
 .ARM.attributes
                0x0000000000000000       0x38 ../device/usb/usbdebug.o
 .text          0x0000000000000000        0x0 ../test/test_threadcreation.o
 .data          0x0000000000000000        0x0 ../test/test_threadcreation.o
 .bss           0x0000000000000000        0x0 ../test/test_threadcreation.o
 .text.somerand
                0x0000000000000000       0x14 ../test/test_threadcreation.o
 .comment       0x0000000000000000       0x22 ../test/test_threadcreation.o
 .text          0x0000000000000000        0x0 ../test/test_semaphore_core.o
 .data          0x0000000000000000        0x0 ../test/test_semaphore_core.o
 .bss           0x0000000000000000        0x4 ../test/test_semaphore_core.o
 .comment       0x0000000000000000       0x22 ../test/test_semaphore_core.o
 .text          0x0000000000000000        0x0 ../system/conf.o
 .data          0x0000000000000000        0x0 ../system/conf.o
 .bss           0x0000000000000000        0x0 ../system/conf.o
 .comment       0x0000000000000000       0x22 ../system/conf.o
 .text          0x0000000000000000        0x0 ../lib/libxc.a(bzero.o)
 .data          0x0000000000000000        0x0 ../lib/libxc.a(bzero.o)
 .bss           0x0000000000000000        0x0 ../lib/libxc.a(bzero.o)
 .comment       0x0000000000000000       0x22 ../lib/libxc.a(bzero.o)
 .text          0x0000000000000000        0x0 ../lib/libxc.a(ctype_.o)
 .data          0x0000000000000000        0x0 ../lib/libxc.a(ctype_.o)
 .bss           0x0000000000000000        0x0 ../lib/libxc.a(ctype_.o)
 .comment       0x0000000000000000       0x22 ../lib/libxc.a(ctype_.o)
 .text          0x0000000000000000        0x0 ../lib/libxc.a(doprnt.o)
 .data          0x0000000000000000        0x0 ../lib/libxc.a(doprnt.o)
 .bss           0x0000000000000000        0x0 ../lib/libxc.a(doprnt.o)
 .comment       0x0000000000000000       0x22 ../lib/libxc.a(doprnt.o)
 .text          0x0000000000000000        0x0 ../lib/libxc.a(fprintf.o)
 .data          0x0000000000000000        0x0 ../lib/libxc.a(fprintf.o)
 .bss           0x0000000000000000        0x0 ../lib/libxc.a(fprintf.o)
 .text.fprintf  0x0000000000000000       0x34 ../lib/libxc.a(fprintf.o)
 .comment       0x0000000000000000       0x22 ../lib/libxc.a(fprintf.o)
 .ARM.attributes
                0x0000000000000000       0x38 ../lib/libxc.a(fprintf.o)
 .text          0x0000000000000000        0x0 ../lib/libxc.a(fputc.o)
 .data          0x0000000000000000        0x0 ../lib/libxc.a(fputc.o)
 .bss           0x0000000000000000        0x0 ../lib/libxc.a(fputc.o)
 .text.fputc    0x0000000000000000       0x28 ../lib/libxc.a(fputc.o)
 .comment       0x0000000000000000       0x22 ../lib/libxc.a(fputc.o)
 .ARM.attributes
                0x0000000000000000       0x38 ../lib/libxc.a(fputc.o)
 .text          0x0000000000000000        0x0 ../lib/libxc.a(memcpy.o)
 .data          0x0000000000000000        0x0 ../lib/libxc.a(memcpy.o)
 .bss           0x0000000000000000        0x0 ../lib/libxc.a(memcpy.o)
 .comment       0x0000000000000000       0x22 ../lib/libxc.a(memcpy.o)
 .text          0x0000000000000000        0x0 ../lib/libxc.a(memset.o)
 .data          0x0000000000000000        0x0 ../lib/libxc.a(memset.o)
 .bss           0x0000000000000000        0x0 ../lib/libxc.a(memset.o)
 .comment       0x0000000000000000       0x22 ../lib/libxc.a(memset.o)
 .text          0x0000000000000000        0x0 ../lib/libxc.a(printf.o)
 .data          0x0000000000000000        0x0 ../lib/libxc.a(printf.o)
 .bss           0x0000000000000000        0x0 ../lib/libxc.a(printf.o)
 .text.printf   0x0000000000000000       0x50 ../lib/libxc.a(printf.o)
 .comment       0x0000000000000000       0x22 ../lib/libxc.a(printf.o)
 .ARM.attributes
                0x0000000000000000       0x38 ../lib/libxc.a(printf.o)
 .text          0x0000000000000000        0x0 ../lib/libxc.a(sprintf.o)
 .data          0x0000000000000000        0x0 ../lib/libxc.a(sprintf.o)
 .bss           0x0000000000000000        0x0 ../lib/libxc.a(sprintf.o)
 .text.sprntf   0x0000000000000000       0x14 ../lib/libxc.a(sprintf.o)
 .text.sprintf  0x0000000000000000       0x50 ../lib/libxc.a(sprintf.o)
 .comment       0x0000000000000000       0x22 ../lib/libxc.a(sprintf.o)
 .ARM.attributes
                0x0000000000000000       0x38 ../lib/libxc.a(sprintf.o)
 .text          0x0000000000000000        0x0 ../lib/libxc.a(strlcpy.o)
 .data          0x0000000000000000        0x0 ../lib/libxc.a(strlcpy.o)
 .bss           0x0000000000000000        0x0 ../lib/libxc.a(strlcpy.o)
 .comment       0x0000000000000000       0x22 ../lib/libxc.a(strlcpy.o)
 .text          0x0000000000000000        0x0 ../lib/libxc.a(strlen.o)
 .data          0x0000000000000000        0x0 ../lib/libxc.a(strlen.o)
 .bss           0x0000000000000000        0x0 ../lib/libxc.a(strlen.o)
 .comment       0x0000000000000000       0x22 ../lib/libxc.a(strlen.o)
 .text          0x0000000000000000        0x0 ../lib/libxc.a(strncmp.o)
 .data          0x0000000000000000        0x0 ../lib/libxc.a(strncmp.o)
 .bss           0x0000000000000000        0x0 ../lib/libxc.a(strncmp.o)
 .text.strncmp  0x0000000000000000       0x4c ../lib/libxc.a(strncmp.o)
 .comment       0x0000000000000000       0x22 ../lib/libxc.a(strncmp.o)
 .ARM.attributes
                0x0000000000000000       0x38 ../lib/libxc.a(strncmp.o)

Memory Configuration

Name             Origin             Length             Attributes
*default*        0x0000000000000000 0xffffffffffffffff

Linker script and memory map

                0x0000000000008000                . = 0x8000

.init           0x0000000000008000       0x84
 *(.init .init.*)
 .init          0x0000000000008000       0x84 ../loader/platforms/arm-rpi3/start.o
                0x0000000000008000                _start
                0x00000000000080c0                . = ALIGN (0x40)

.text           0x00000000000080c0     0x36c8
 *(.txt .text.*)
 .text.setupStack
                0x00000000000080c0       0xa8 ../system/platforms/arm-rpi3/setupStack.o
                0x00000000000080c0                setupStack
 .text.bcm2837_power_init
                0x0000000000008168       0x2c ../system/platforms/arm-rpi3/bcm2837_power.o
                0x0000000000008168                bcm2837_power_init
 .text.dispatch
                0x0000000000008194        0xc ../system/platforms/arm-rpi3/dispatch.o
                0x0000000000008194                dispatch
 .text.pl011init
                0x00000000000081a0       0x90 ../system/platforms/arm-rpi3/platforminit.o
                0x00000000000081a0                pl011init
 .text.platforminit
                0x0000000000008230      0x10c ../system/platforms/arm-rpi3/platforminit.o
                0x0000000000008230                platforminit
 .text.clkcount
                0x000000000000833c       0x20 ../system/platforms/arm-rpi3/timer.o
                0x000000000000833c                clkcount
 .text.init_led
                0x000000000000835c       0x24 ../system/initialize.o
                0x000000000000835c                init_led
 .text.led_off  0x0000000000008380       0x14 ../system/initialize.o
                0x0000000000008380                led_off
 .text.nulluser
                0x0000000000008394      0x1d4 ../system/initialize.o
                0x0000000000008394                nulluser
 .text.enqueue  0x0000000000008568       0x70 ../system/queue.o
                0x0000000000008568                enqueue
 .text.dequeue  0x00000000000085d8       0x7c ../system/queue.o
                0x00000000000085d8                dequeue
 .text.print_os_info
                0x0000000000008654      0x144 ../system/main.o
                0x0000000000008654                print_os_info
 .text.create   0x0000000000008798      0x15c ../system/create.o
                0x0000000000008798                create
 .text.kill     0x00000000000088f4      0x144 ../system/kill.o
                0x00000000000088f4                kill
 .text.ready    0x0000000000008a38       0x70 ../system/ready.o
                0x0000000000008a38                ready
 .text.resched  0x0000000000008aa8      0x118 ../system/resched.o
                0x0000000000008aa8                resched
 .text.getitem  0x0000000000008bc0       0x38 ../system/getitem.o
                0x0000000000008bc0                getitem
 .text.getfirst
                0x0000000000008bf8       0x44 ../system/getitem.o
                0x0000000000008bf8                getfirst
 .text.queinit  0x0000000000008c3c       0x70 ../system/queinit.o
                0x0000000000008c3c                queinit
 .text.insert   0x0000000000008cac       0xa0 ../system/insert.o
                0x0000000000008cac                insert
 .text.gettid   0x0000000000008d4c       0x10 ../system/gettid.o
                0x0000000000008d4c                gettid
 .text.xdone    0x0000000000008d5c       0x20 ../system/xdone.o
                0x0000000000008d5c                xdone
 .text.userret  0x0000000000008d7c       0x10 ../system/userret.o
                0x0000000000008d7c                userret
 .text.unsleep  0x0000000000008d8c       0x98 ../system/unsleep.o
                0x0000000000008d8c                unsleep
 .text.udelay   0x0000000000008e24       0x70 ../system/udelay.o
                0x0000000000008e24                udelay
 .text.signaln  0x0000000000008e94       0x90 ../system/signaln.o
                0x0000000000008e94                signaln
 .text.wait     0x0000000000008f24       0xa4 ../system/wait.o
                0x0000000000008f24                wait
 .text.memfree  0x0000000000008fc8      0x108 ../system/memfree.o
                0x0000000000008fc8                memfree
 .text.stkget   0x00000000000090d0       0xa0 ../system/stkget.o
                0x00000000000090d0                stkget
 .text.send     0x0000000000009170       0x9c ../system/send.o
                0x0000000000009170                send
 .text.ioerr    0x000000000000920c        0x8 ../system/ioerr.o
                0x000000000000920c                ioerr
 .text.ionull   0x0000000000009214        0x8 ../system/ionull.o
                0x0000000000009214                ionull
 .text.kputc    0x000000000000921c       0x4c ../device/uart-pl011/kputc.o
                0x000000000000921c                kputc
 .text.uartControl
                0x0000000000009268      0x100 ../device/uart-pl011/../uart/uartControl.o
                0x0000000000009268                uartControl
 .text.uartGetc
                0x0000000000009368       0x24 ../device/uart-pl011/../uart/uartGetc.o
                0x0000000000009368                uartGetc
 .text.uartHwInit
                0x000000000000938c       0x98 ../device/uart-pl011/uartHwInit.o
                0x000000000000938c                uartHwInit
 .text.uartHwPutc
                0x0000000000009424        0x8 ../device/uart-pl011/uartHwPutc.o
                0x0000000000009424                uartHwPutc
 .text.uartInit
                0x000000000000942c       0x54 ../device/uart-pl011/../uart/uartInit.o
                0x000000000000942c                uartInit
 .text.uartInterrupt
                0x0000000000009480      0x160 ../device/uart-pl011/uartInterrupt.o
                0x0000000000009480                uartInterrupt
 .text.uartPutc
                0x00000000000095e0       0x2c ../device/uart-pl011/../uart/uartPutc.o
                0x00000000000095e0                uartPutc
 .text.uartRead
                0x000000000000960c       0xd0 ../device/uart-pl011/../uart/uartRead.o
                0x000000000000960c                uartRead
 .text.uartWrite
                0x00000000000096dc       0xf0 ../device/uart-pl011/../uart/uartWrite.o
                0x00000000000096dc                uartWrite
 .text.kprintf  0x00000000000097cc       0x28 ../device/uart-pl011/../uart/kprintf.o
                0x00000000000097cc                kprintf
 .text.kvprintf
                0x00000000000097f4       0x44 ../device/uart-pl011/../uart/kvprintf.o
                0x00000000000097f4                kvprintf
 .text.ttyControl
                0x0000000000009838       0xb4 ../device/tty/ttyControl.o
                0x0000000000009838                ttyControl
 .text.ttyOpen  0x00000000000098ec       0x80 ../device/tty/ttyOpen.o
                0x00000000000098ec                ttyOpen
 .text.ttyEcho  0x000000000000996c       0x50 ../device/tty/ttyRead.o
 .text.ttyRead  0x00000000000099bc      0x2dc ../device/tty/ttyRead.o
                0x00000000000099bc                ttyRead
 .text.ttyClose
                0x0000000000009c98       0x38 ../device/tty/ttyClose.o
                0x0000000000009c98                ttyClose
 .text.ttyGetc  0x0000000000009cd0       0x20 ../device/tty/ttyGetc.o
                0x0000000000009cd0                ttyGetc
 .text.ttyInit  0x0000000000009cf0       0x24 ../device/tty/ttyInit.o
                0x0000000000009cf0                ttyInit
 .text.ttyPutc  0x0000000000009d14       0x88 ../device/tty/ttyPutc.o
                0x0000000000009d14                ttyPutc
 .text.ttyWrite
                0x0000000000009d9c       0x38 ../device/tty/ttyWrite.o
                0x0000000000009d9c                ttyWrite
 .text.testproc
                0x0000000000009dd4      0x214 ../test/test_threadcreation.o
                0x0000000000009dd4                testproc
 .text.testbigargs
                0x0000000000009fe8       0xe8 ../test/test_threadcreation.o
                0x0000000000009fe8                testbigargs
 .text.printtid
                0x000000000000a0d0       0xcc ../test/test_threadcreation.o
                0x000000000000a0d0                printtid
 .text.testmain
                0x000000000000a19c      0x1ac ../test/test_threadcreation.o
                0x000000000000a19c                testmain
 .text.testcore1
                0x000000000000a348        0xc ../test/test_semaphore_core.o
                0x000000000000a348                testcore1
 .text.testcore2
                0x000000000000a354       0x18 ../test/test_semaphore_core.o
                0x000000000000a354                testcore2
 .text.testcore3
                0x000000000000a36c       0x18 ../test/test_semaphore_core.o
                0x000000000000a36c                testcore3
 .text.testcore4
                0x000000000000a384       0x18 ../test/test_semaphore_core.o
                0x000000000000a384                testcore4
 .text.bzero    0x000000000000a39c        0xc ../lib/libxc.a(bzero.o)
                0x000000000000a39c                bzero
 .text._doprnt  0x000000000000a3a8      0x508 ../lib/libxc.a(doprnt.o)
                0x000000000000a3a8                _doprnt
 .text.memcpy   0x000000000000a8b0       0x1c ../lib/libxc.a(memcpy.o)
                0x000000000000a8b0                memcpy
 .text.memset   0x000000000000a8cc       0x1c ../lib/libxc.a(memset.o)
                0x000000000000a8cc                memset
 .text.strlcpy  0x000000000000a8e8       0x50 ../lib/libxc.a(strlcpy.o)
                0x000000000000a8e8                strlcpy
 .text.strlen   0x000000000000a938       0x1c ../lib/libxc.a(strlen.o)
                0x000000000000a938                strlen
 *(.rodata .rodata.*)
 .rodata.str1.1
                0x000000000000a954       0x16 ../system/platforms/arm-rpi3/dispatch.o
 .rodata.str1.1
                0x000000000000a96a       0x17 ../system/platforms/arm-rpi3/platforminit.o
 .rodata.str1.1
                0x000000000000a981       0xb5 ../system/initialize.o
                                         0xf6 (size before relaxing)
 .rodata.str1.1
                0x000000000000aa36      0x16c ../system/main.o
                                        0x174 (size before relaxing)
 .rodata.str1.1
                0x000000000000aba2       0x19 ../system/resched.o
 .rodata.str1.1
                0x000000000000abbb       0x2b ../system/xdone.o
 .rodata.str1.1
                0x000000000000abe6      0x83c ../test/test_threadcreation.o
 .rodata.str1.1
                0x000000000000b422       0x38 ../test/test_semaphore_core.o
 *fill*         0x000000000000b45a        0x2 
 .rodata        0x000000000000b45c       0xb4 ../system/conf.o
                0x000000000000b45c                devtab
 .rodata.str1.1
                0x000000000000b510       0x18 ../system/conf.o
 .rodata        0x000000000000b528      0x100 ../lib/libxc.a(ctype_.o)
                0x000000000000b528                _ctype_
 .rodata        0x000000000000b628       0x31 ../lib/libxc.a(doprnt.o)
 .rodata.str1.1
                0x000000000000b659        0x7 ../lib/libxc.a(doprnt.o)
 .text          0x000000000000b660       0x9c ../loader/platforms/arm-rpi3/start.o
 *fill*         0x000000000000b6fc        0x4 
 .text          0x000000000000b700       0x1c ../system/platforms/arm-rpi3/ctxsw.o
                0x000000000000b700                ctxsw
 .text          0x000000000000b71c        0x4 ../system/platforms/arm-rpi3/halt.o
                0x000000000000b71c                halt
 .text          0x000000000000b720       0x1c ../system/platforms/arm-rpi3/intutils.o
                0x000000000000b720                enable
                0x000000000000b728                disable
                0x000000000000b734                restore
 .text          0x000000000000b73c       0x30 ../system/platforms/arm-rpi3/irq_handler.o
                0x000000000000b73c                irq_handler
 .text          0x000000000000b76c        0xc ../system/platforms/arm-rpi3/memory_barrier.o
                0x000000000000b76c                dmb
 .text          0x000000000000b778        0x8 ../system/platforms/arm-rpi3/getmode.o
                0x000000000000b778                getmode
 .text          0x000000000000b780        0x8 ../system/platforms/arm-rpi3/getcpuid.o
                0x000000000000b780                getcpuid

.glue_7         0x000000000000b788        0x0
 .glue_7        0x000000000000b788        0x0 linker stubs

.glue_7t        0x000000000000b788        0x0
 .glue_7t       0x000000000000b788        0x0 linker stubs

.vfp11_veneer   0x000000000000b788        0x0
 .vfp11_veneer  0x000000000000b788        0x0 linker stubs

.v4_bx          0x000000000000b788        0x0
 .v4_bx         0x000000000000b788        0x0 linker stubs

.iplt           0x000000000000b788        0x0
 .iplt          0x000000000000b788        0x0 ../loader/platforms/arm-rpi3/start.o

.rel.dyn        0x000000000000b788        0x0
 .rel.iplt      0x000000000000b788        0x0 ../loader/platforms/arm-rpi3/start.o
                0x000000000000b7c0                . = ALIGN (0x40)

.data           0x000000000000b7c0        0x8
 *(.data .data.*)
 .data          0x000000000000b7c0        0x4 ../system/platforms/arm-rpi3/platforminit.o
                0x000000000000b7c0                atags_ptr
 .data          0x000000000000b7c4        0x4 ../system/queinit.o

.igot.plt       0x000000000000b7c8        0x0
 .igot.plt      0x000000000000b7c8        0x0 ../loader/platforms/arm-rpi3/start.o
                0x000000000000b800                . = ALIGN (0x40)
                0x000000000000b800                _bss = .

.bss            0x000000000000b800     0x4548
 *(.bss .bss.*)
 .bss           0x000000000000b800        0x4 ../system/platforms/arm-rpi3/bcm2837_power.o
 .bss           0x000000000000b804     0x2698 ../system/initialize.o
                0x000000000000b804                thrcount
                0x000000000000b808                memheap
                0x000000000000b80c                platform
                0x000000000000b848                memlist
                0x000000000000b850                thrcurrent
                0x000000000000b854                bfptab
                0x000000000000b914                readylist
                0x000000000000b918                cpuid
                0x000000000000b91c                semtab
                0x000000000000b91c                montab
                0x000000000000bdcc                thrtab
 .bss           0x000000000000de9c      0xe40 ../system/queue.o
                0x000000000000de9c                quetab
 .bss           0x000000000000ecdc        0x4 ../system/create.o
 .bss           0x000000000000ece0        0x4 ../system/resched.o
                0x000000000000ece0                resdefer
 .bss           0x000000000000ece4      0x83c ../device/uart-pl011/../uart/uartInit.o
                0x000000000000ece4                uarttab
 .bss           0x000000000000f520      0x828 ../device/tty/ttyInit.o
                0x000000000000f520                ttytab
                0x000000000000fd80                . = ALIGN (0x40)
                0x000000000000fd80                _end = .

/DISCARD/
 *(.comment .comment.* .note .note.*)
LOAD ../loader/platforms/arm-rpi3/start.o
LOAD ../system/platforms/arm-rpi3/ctxsw.o
LOAD ../system/platforms/arm-rpi3/halt.o
LOAD ../system/platforms/arm-rpi3/intutils.o
LOAD ../system/platforms/arm-rpi3/irq_handler.o
LOAD ../system/platforms/arm-rpi3/memory_barrier.o
LOAD ../system/platforms/arm-rpi3/pause.o
LOAD ../system/platforms/arm-rpi3/getmode.o
LOAD ../system/platforms/arm-rpi3/getcpuid.o
LOAD ../system/platforms/arm-rpi3/setupStack.o
LOAD ../system/platforms/arm-rpi3/bcm2837_power.o
LOAD ../system/platforms/arm-rpi3/dispatch.o
LOAD ../system/platforms/arm-rpi3/kexec.o
LOAD ../system/platforms/arm-rpi3/platforminit.o
LOAD ../system/platforms/arm-rpi3/timer.o
LOAD ../system/platforms/arm-rpi3/usb_dwc_hcd.o
LOAD ../system/platforms/arm-rpi3/watchdog.o
LOAD ../system/initialize.o
LOAD ../system/queue.o
LOAD ../system/main.o
LOAD ../system/create.o
LOAD ../system/kill.o
LOAD ../system/ready.o
LOAD ../system/resched.o
LOAD ../system/resume.o
LOAD ../system/suspend.o
LOAD ../system/getitem.o
LOAD ../system/queinit.o
LOAD ../system/insert.o
LOAD ../system/gettid.o
LOAD ../system/xdone.o
LOAD ../system/yield.o
LOAD ../system/userret.o
LOAD ../system/unsleep.o
LOAD ../system/wakeup.o
LOAD ../system/udelay.o
LOAD ../system/signal.o
LOAD ../system/signaln.o
LOAD ../system/wait.o
LOAD ../system/memget.o
LOAD ../system/memfree.o
LOAD ../system/stkget.o
LOAD ../system/send.o
LOAD ../system/ioerr.o
LOAD ../system/ionull.o
LOAD ../system/read.o
LOAD ../system/putc.o
LOAD ../system/seek.o
LOAD ../system/write.o
LOAD ../system/getdev.o
LOAD ../system/open.o
LOAD ../device/uart-pl011/kgetc.o
LOAD ../device/uart-pl011/kputc.o
LOAD ../device/uart-pl011/../uart/uartControl.o
LOAD ../device/uart-pl011/../uart/uartGetc.o
LOAD ../device/uart-pl011/uartHwInit.o
LOAD ../device/uart-pl011/uartHwPutc.o
LOAD ../device/uart-pl011/uartHwStat.o
LOAD ../device/uart-pl011/../uart/uartInit.o
LOAD ../device/uart-pl011/uartInterrupt.o
LOAD ../device/uart-pl011/../uart/uartPutc.o
LOAD ../device/uart-pl011/../uart/uartRead.o
LOAD ../device/uart-pl011/../uart/uartWrite.o
LOAD ../device/uart-pl011/../uart/uartStat.o
LOAD ../device/uart-pl011/../uart/kprintf.o
LOAD ../device/uart-pl011/../uart/kvprintf.o
LOAD ../device/tty/ttyControl.o
LOAD ../device/tty/ttyOpen.o
LOAD ../device/tty/ttyRead.o
LOAD ../device/tty/ttyClose.o
LOAD ../device/tty/ttyGetc.o
LOAD ../device/tty/ttyInit.o
LOAD ../device/tty/ttyPutc.o
LOAD ../device/tty/ttyWrite.o
LOAD ../device/usb/usbcore.o
LOAD ../device/usb/usbhub.o
LOAD ../device/usb/usbdebug.o
LOAD ../test/test_threadcreation.o
LOAD ../test/test_semaphore_core.o
LOAD ../system/conf.o
LOAD ../lib/libxc.a
OUTPUT(xinu.elf elf32-littlearm)

.ARM.attributes
                0x0000000000000000       0x34
 .ARM.attributes
                0x0000000000000000       0x28 ../loader/platforms/arm-rpi3/start.o
 .ARM.attributes
                0x0000000000000028       0x28 ../system/platforms/arm-rpi3/ctxsw.o
 .ARM.attributes
                0x0000000000000050       0x28 ../system/platforms/arm-rpi3/halt.o
 .ARM.attributes
                0x0000000000000078       0x28 ../system/platforms/arm-rpi3/intutils.o
 .ARM.attributes
                0x00000000000000a0       0x28 ../system/platforms/arm-rpi3/irq_handler.o
 .ARM.attributes
                0x00000000000000c8       0x28 ../system/platforms/arm-rpi3/memory_barrier.o
 .ARM.attributes
                0x00000000000000f0       0x28 ../system/platforms/arm-rpi3/getmode.o
 .ARM.attributes
                0x0000000000000118       0x28 ../system/platforms/arm-rpi3/getcpuid.o
 .ARM.attributes
                0x0000000000000140       0x38 ../system/platforms/arm-rpi3/setupStack.o
 .ARM.attributes
                0x0000000000000178       0x38 ../system/platforms/arm-rpi3/bcm2837_power.o
 .ARM.attributes
                0x00000000000001b0       0x38 ../system/platforms/arm-rpi3/dispatch.o
 .ARM.attributes
                0x00000000000001e8       0x38 ../system/platforms/arm-rpi3/platforminit.o
 .ARM.attributes
                0x0000000000000220       0x38 ../system/platforms/arm-rpi3/timer.o
 .ARM.attributes
                0x0000000000000258       0x38 ../system/initialize.o
 .ARM.attributes
                0x0000000000000290       0x38 ../system/queue.o
 .ARM.attributes
                0x00000000000002c8       0x38 ../system/main.o
 .ARM.attributes
                0x0000000000000300       0x38 ../system/create.o
 .ARM.attributes
                0x0000000000000338       0x38 ../system/kill.o
 .ARM.attributes
                0x0000000000000370       0x38 ../system/ready.o
 .ARM.attributes
                0x00000000000003a8       0x38 ../system/resched.o
 .ARM.attributes
                0x00000000000003e0       0x38 ../system/getitem.o
 .ARM.attributes
                0x0000000000000418       0x38 ../system/queinit.o
 .ARM.attributes
                0x0000000000000450       0x38 ../system/insert.o
 .ARM.attributes
                0x0000000000000488       0x38 ../system/gettid.o
 .ARM.attributes
                0x00000000000004c0       0x38 ../system/xdone.o
 .ARM.attributes
                0x00000000000004f8       0x38 ../system/userret.o
 .ARM.attributes
                0x0000000000000530       0x38 ../system/unsleep.o
 .ARM.attributes
                0x0000000000000568       0x38 ../system/udelay.o
 .ARM.attributes
                0x00000000000005a0       0x38 ../system/signaln.o
 .ARM.attributes
                0x00000000000005d8       0x38 ../system/wait.o
 .ARM.attributes
                0x0000000000000610       0x38 ../system/memfree.o
 .ARM.attributes
                0x0000000000000648       0x38 ../system/stkget.o
 .ARM.attributes
                0x0000000000000680       0x38 ../system/send.o
 .ARM.attributes
                0x00000000000006b8       0x38 ../system/ioerr.o
 .ARM.attributes
                0x00000000000006f0       0x38 ../system/ionull.o
 .ARM.attributes
                0x0000000000000728       0x38 ../device/uart-pl011/kputc.o
 .ARM.attributes
                0x0000000000000760       0x38 ../device/uart-pl011/../uart/uartControl.o
 .ARM.attributes
                0x0000000000000798       0x38 ../device/uart-pl011/../uart/uartGetc.o
 .ARM.attributes
                0x00000000000007d0       0x38 ../device/uart-pl011/uartHwInit.o
 .ARM.attributes
                0x0000000000000808       0x38 ../device/uart-pl011/uartHwPutc.o
 .ARM.attributes
                0x0000000000000840       0x38 ../device/uart-pl011/../uart/uartInit.o
 .ARM.attributes
                0x0000000000000878       0x38 ../device/uart-pl011/uartInterrupt.o
 .ARM.attributes
                0x00000000000008b0       0x38 ../device/uart-pl011/../uart/uartPutc.o
 .ARM.attributes
                0x00000000000008e8       0x38 ../device/uart-pl011/../uart/uartRead.o
 .ARM.attributes
                0x0000000000000920       0x38 ../device/uart-pl011/../uart/uartWrite.o
 .ARM.attributes
                0x0000000000000958       0x38 ../device/uart-pl011/../uart/kprintf.o
 .ARM.attributes
                0x0000000000000990       0x38 ../device/uart-pl011/../uart/kvprintf.o
 .ARM.attributes
                0x00000000000009c8       0x38 ../device/tty/ttyControl.o
 .ARM.attributes
                0x0000000000000a00       0x38 ../device/tty/ttyOpen.o
 .ARM.attributes
                0x0000000000000a38       0x38 ../device/tty/ttyRead.o
 .ARM.attributes
                0x0000000000000a70       0x38 ../device/tty/ttyClose.o
 .ARM.attributes
                0x0000000000000aa8       0x38 ../device/tty/ttyGetc.o
 .ARM.attributes
                0x0000000000000ae0       0x38 ../device/tty/ttyInit.o
 .ARM.attributes
                0x0000000000000b18       0x38 ../device/tty/ttyPutc.o
 .ARM.attributes
                0x0000000000000b50       0x38 ../device/tty/ttyWrite.o
 .ARM.attributes
                0x0000000000000b88       0x38 ../test/test_threadcreation.o
 .ARM.attributes
                0x0000000000000bc0       0x38 ../test/test_semaphore_core.o
 .ARM.attributes
                0x0000000000000bf8       0x38 ../system/conf.o
 .ARM.attributes
                0x0000000000000c30       0x38 ../lib/libxc.a(bzero.o)
 .ARM.attributes
                0x0000000000000c68       0x38 ../lib/libxc.a(ctype_.o)
 .ARM.attributes
                0x0000000000000ca0       0x38 ../lib/libxc.a(doprnt.o)
 .ARM.attributes
                0x0000000000000cd8       0x38 ../lib/libxc.a(memcpy.o)
 .ARM.attributes
                0x0000000000000d10       0x38 ../lib/libxc.a(memset.o)
 .ARM.attributes
                0x0000000000000d48       0x38 ../lib/libxc.a(strlcpy.o)
 .ARM.attributes
                0x0000000000000d80       0x38 ../lib/libxc.a(strlen.o)
