Archive member included to satisfy reference by file (symbol)

../lib/libxc.a(bzero.o)       ../device/tty/ttyClose.o (bzero)
../lib/libxc.a(ctype_.o)      ../device/tty/ttyRead.o (_ctype_)
../lib/libxc.a(doprnt.o)      ../device/uart-pl011/../uart/kvprintf.o (_doprnt)
../lib/libxc.a(memcpy.o)      ../system/platforms/arm-rpi3/kexec.o (memcpy)
../lib/libxc.a(memset.o)      ../lib/libxc.a(bzero.o) (memset)
../lib/libxc.a(printf.o)      ../device/uart-pl011/uartHwStat.o (printf)
../lib/libxc.a(strlcpy.o)     ../system/platforms/arm-rpi3/platforminit.o (strlcpy)
../lib/libxc.a(strlen.o)      ../lib/libxc.a(doprnt.o) (strlen)
../lib/libxc.a(strncmp.o)     ../system/getdev.o (strncmp)
../lib/libxc.a(fputc.o)       ../lib/libxc.a(printf.o) (fputc)

Discarded input sections

 .data          0x0000000000000000        0x0 ../loader/platforms/arm-rpi3/start.o
 .bss           0x0000000000000000        0x0 ../loader/platforms/arm-rpi3/start.o
 .data          0x0000000000000000        0x0 ../system/platforms/arm-rpi3/ctxsw.o
 .bss           0x0000000000000000        0x0 ../system/platforms/arm-rpi3/ctxsw.o
 .data          0x0000000000000000        0x0 ../system/platforms/arm-rpi3/halt.o
 .bss           0x0000000000000000        0x0 ../system/platforms/arm-rpi3/halt.o
 .data          0x0000000000000000        0x0 ../system/platforms/arm-rpi3/intutils.o
 .bss           0x0000000000000000        0x0 ../system/platforms/arm-rpi3/intutils.o
 .data          0x0000000000000000        0x0 ../system/platforms/arm-rpi3/irq_handler.o
 .bss           0x0000000000000000        0x0 ../system/platforms/arm-rpi3/irq_handler.o
 .data          0x0000000000000000        0x0 ../system/platforms/arm-rpi3/memory_barrier.o
 .bss           0x0000000000000000        0x0 ../system/platforms/arm-rpi3/memory_barrier.o
 .text          0x0000000000000000        0x8 ../system/platforms/arm-rpi3/pause.o
 .data          0x0000000000000000        0x0 ../system/platforms/arm-rpi3/pause.o
 .bss           0x0000000000000000        0x0 ../system/platforms/arm-rpi3/pause.o
 .ARM.attributes
                0x0000000000000000       0x28 ../system/platforms/arm-rpi3/pause.o
 .data          0x0000000000000000        0x0 ../system/platforms/arm-rpi3/getmode.o
 .bss           0x0000000000000000        0x0 ../system/platforms/arm-rpi3/getmode.o
 .text          0x0000000000000000        0x0 ../system/platforms/arm-rpi3/setupStack.o
 .data          0x0000000000000000        0x0 ../system/platforms/arm-rpi3/setupStack.o
 .bss           0x0000000000000000        0x0 ../system/platforms/arm-rpi3/setupStack.o
 .comment       0x0000000000000000       0x22 ../system/platforms/arm-rpi3/setupStack.o
 .text          0x0000000000000000        0x0 ../system/platforms/arm-rpi3/bcm2837_power.o
 .data          0x0000000000000000        0x0 ../system/platforms/arm-rpi3/bcm2837_power.o
 .text.bcm2837_setpower
                0x0000000000000000       0x8c ../system/platforms/arm-rpi3/bcm2837_power.o
 .comment       0x0000000000000000       0x22 ../system/platforms/arm-rpi3/bcm2837_power.o
 .text          0x0000000000000000        0x0 ../system/platforms/arm-rpi3/dispatch.o
 .data          0x0000000000000000        0x0 ../system/platforms/arm-rpi3/dispatch.o
 .text.enable_irq
                0x0000000000000000       0x6c ../system/platforms/arm-rpi3/dispatch.o
 .text.disable_irq
                0x0000000000000000       0x6c ../system/platforms/arm-rpi3/dispatch.o
 .comment       0x0000000000000000       0x22 ../system/platforms/arm-rpi3/dispatch.o
 .text          0x0000000000000000        0x0 ../system/platforms/arm-rpi3/kexec.o
 .data          0x0000000000000000        0x0 ../system/platforms/arm-rpi3/kexec.o
 .bss           0x0000000000000000        0x0 ../system/platforms/arm-rpi3/kexec.o
 .text.kexec    0x0000000000000000       0x58 ../system/platforms/arm-rpi3/kexec.o
 .rodata        0x0000000000000000       0x18 ../system/platforms/arm-rpi3/kexec.o
 .comment       0x0000000000000000       0x22 ../system/platforms/arm-rpi3/kexec.o
 .ARM.attributes
                0x0000000000000000       0x38 ../system/platforms/arm-rpi3/kexec.o
 .text          0x0000000000000000        0x0 ../system/platforms/arm-rpi3/platforminit.o
 .bss           0x0000000000000000        0x0 ../system/platforms/arm-rpi3/platforminit.o
 .comment       0x0000000000000000       0x22 ../system/platforms/arm-rpi3/platforminit.o
 .text          0x0000000000000000        0x0 ../system/platforms/arm-rpi3/timer.o
 .data          0x0000000000000000        0x0 ../system/platforms/arm-rpi3/timer.o
 .bss           0x0000000000000000        0x0 ../system/platforms/arm-rpi3/timer.o
 .text.clkupdate
                0x0000000000000000       0x30 ../system/platforms/arm-rpi3/timer.o
 .comment       0x0000000000000000       0x22 ../system/platforms/arm-rpi3/timer.o
 .text          0x0000000000000000        0x0 ../system/platforms/arm-rpi3/usb_dwc_hcd.o
 .data          0x0000000000000000        0x0 ../system/platforms/arm-rpi3/usb_dwc_hcd.o
 .bss           0x0000000000000000     0x203c ../system/platforms/arm-rpi3/usb_dwc_hcd.o
 .text.dwc_get_host_port_ctrlstatus
                0x0000000000000000       0x14 ../system/platforms/arm-rpi3/usb_dwc_hcd.o
 .text.dwc_host_port_status_changed
                0x0000000000000000       0x38 ../system/platforms/arm-rpi3/usb_dwc_hcd.o
 .text.dwc_channel_start_transaction
                0x0000000000000000       0x8c ../system/platforms/arm-rpi3/usb_dwc_hcd.o
 .text.dwc_channel_start_xfer
                0x0000000000000000      0x2d8 ../system/platforms/arm-rpi3/usb_dwc_hcd.o
 .text.dwc_get_free_channel
                0x0000000000000000       0x44 ../system/platforms/arm-rpi3/usb_dwc_hcd.o
 .text.defer_xfer_thread
                0x0000000000000000       0xd0 ../system/platforms/arm-rpi3/usb_dwc_hcd.o
 .text.dwc_schedule_xfer_requests
                0x0000000000000000      0x390 ../system/platforms/arm-rpi3/usb_dwc_hcd.o
 .text.dwc_interrupt_handler
                0x0000000000000000      0x66c ../system/platforms/arm-rpi3/usb_dwc_hcd.o
 .text.hcd_start
                0x0000000000000000      0x134 ../system/platforms/arm-rpi3/usb_dwc_hcd.o
 .text.hcd_stop
                0x0000000000000000       0x4c ../system/platforms/arm-rpi3/usb_dwc_hcd.o
 .text.hcd_submit_xfer_request
                0x0000000000000000       0x20 ../system/platforms/arm-rpi3/usb_dwc_hcd.o
 .rodata        0x0000000000000000       0x67 ../system/platforms/arm-rpi3/usb_dwc_hcd.o
 .rodata.str1.1
                0x0000000000000000       0x1d ../system/platforms/arm-rpi3/usb_dwc_hcd.o
 .comment       0x0000000000000000       0x22 ../system/platforms/arm-rpi3/usb_dwc_hcd.o
 .ARM.attributes
                0x0000000000000000       0x38 ../system/platforms/arm-rpi3/usb_dwc_hcd.o
 .text          0x0000000000000000        0x0 ../system/platforms/arm-rpi3/watchdog.o
 .data          0x0000000000000000        0x0 ../system/platforms/arm-rpi3/watchdog.o
 .bss           0x0000000000000000        0x0 ../system/platforms/arm-rpi3/watchdog.o
 .text.watchdogset
                0x0000000000000000       0x34 ../system/platforms/arm-rpi3/watchdog.o
 .comment       0x0000000000000000       0x22 ../system/platforms/arm-rpi3/watchdog.o
 .ARM.attributes
                0x0000000000000000       0x38 ../system/platforms/arm-rpi3/watchdog.o
 .text          0x0000000000000000        0x0 ../system/initialize.o
 .data          0x0000000000000000        0x0 ../system/initialize.o
 .text.led_off  0x0000000000000000       0x14 ../system/initialize.o
 .text.button_lev
                0x0000000000000000       0x14 ../system/initialize.o
 .text.gpio_handler
                0x0000000000000000       0x24 ../system/initialize.o
 .comment       0x0000000000000000       0x22 ../system/initialize.o
 .text          0x0000000000000000        0x0 ../system/queue.o
 .data          0x0000000000000000        0x0 ../system/queue.o
 .comment       0x0000000000000000       0x22 ../system/queue.o
 .text          0x0000000000000000        0x0 ../system/main.o
 .data          0x0000000000000000        0x0 ../system/main.o
 .bss           0x0000000000000000        0x0 ../system/main.o
 .text.startup.main
                0x0000000000000000        0x8 ../system/main.o
 .comment       0x0000000000000000       0x22 ../system/main.o
 .text          0x0000000000000000        0x0 ../system/create.o
 .data          0x0000000000000000        0x0 ../system/create.o
 .comment       0x0000000000000000       0x22 ../system/create.o
 .text          0x0000000000000000        0x0 ../system/kill.o
 .data          0x0000000000000000        0x0 ../system/kill.o
 .bss           0x0000000000000000        0x0 ../system/kill.o
 .comment       0x0000000000000000       0x22 ../system/kill.o
 .text          0x0000000000000000        0x0 ../system/ready.o
 .data          0x0000000000000000        0x0 ../system/ready.o
 .bss           0x0000000000000000        0x0 ../system/ready.o
 .comment       0x0000000000000000       0x22 ../system/ready.o
 .text          0x0000000000000000        0x0 ../system/resched.o
 .data          0x0000000000000000        0x0 ../system/resched.o
 .comment       0x0000000000000000       0x22 ../system/resched.o
 .text          0x0000000000000000        0x0 ../system/resume.o
 .data          0x0000000000000000        0x0 ../system/resume.o
 .bss           0x0000000000000000        0x0 ../system/resume.o
 .text.resume   0x0000000000000000       0x68 ../system/resume.o
 .comment       0x0000000000000000       0x22 ../system/resume.o
 .ARM.attributes
                0x0000000000000000       0x38 ../system/resume.o
 .text          0x0000000000000000        0x0 ../system/suspend.o
 .data          0x0000000000000000        0x0 ../system/suspend.o
 .bss           0x0000000000000000        0x0 ../system/suspend.o
 .text.suspend  0x0000000000000000       0x94 ../system/suspend.o
 .comment       0x0000000000000000       0x22 ../system/suspend.o
 .ARM.attributes
                0x0000000000000000       0x38 ../system/suspend.o
 .text          0x0000000000000000        0x0 ../system/getitem.o
 .data          0x0000000000000000        0x0 ../system/getitem.o
 .bss           0x0000000000000000        0x0 ../system/getitem.o
 .text.getlast  0x0000000000000000       0x4c ../system/getitem.o
 .comment       0x0000000000000000       0x22 ../system/getitem.o
 .text          0x0000000000000000        0x0 ../system/queinit.o
 .bss           0x0000000000000000        0x0 ../system/queinit.o
 .comment       0x0000000000000000       0x22 ../system/queinit.o
 .text          0x0000000000000000        0x0 ../system/insert.o
 .data          0x0000000000000000        0x0 ../system/insert.o
 .bss           0x0000000000000000        0x0 ../system/insert.o
 .comment       0x0000000000000000       0x22 ../system/insert.o
 .text          0x0000000000000000        0x0 ../system/gettid.o
 .data          0x0000000000000000        0x0 ../system/gettid.o
 .bss           0x0000000000000000        0x0 ../system/gettid.o
 .comment       0x0000000000000000       0x22 ../system/gettid.o
 .text          0x0000000000000000        0x0 ../system/xdone.o
 .data          0x0000000000000000        0x0 ../system/xdone.o
 .bss           0x0000000000000000        0x0 ../system/xdone.o
 .comment       0x0000000000000000       0x22 ../system/xdone.o
 .text          0x0000000000000000        0x0 ../system/yield.o
 .data          0x0000000000000000        0x0 ../system/yield.o
 .bss           0x0000000000000000        0x0 ../system/yield.o
 .text.yield    0x0000000000000000       0x20 ../system/yield.o
 .comment       0x0000000000000000       0x22 ../system/yield.o
 .ARM.attributes
                0x0000000000000000       0x38 ../system/yield.o
 .text          0x0000000000000000        0x0 ../system/userret.o
 .data          0x0000000000000000        0x0 ../system/userret.o
 .bss           0x0000000000000000        0x0 ../system/userret.o
 .comment       0x0000000000000000       0x22 ../system/userret.o
 .text          0x0000000000000000        0x0 ../system/unsleep.o
 .data          0x0000000000000000        0x0 ../system/unsleep.o
 .bss           0x0000000000000000        0x0 ../system/unsleep.o
 .comment       0x0000000000000000       0x22 ../system/unsleep.o
 .text          0x0000000000000000        0x0 ../system/wakeup.o
 .data          0x0000000000000000        0x0 ../system/wakeup.o
 .bss           0x0000000000000000        0x0 ../system/wakeup.o
 .text.wakeup   0x0000000000000000       0x54 ../system/wakeup.o
 .comment       0x0000000000000000       0x22 ../system/wakeup.o
 .ARM.attributes
                0x0000000000000000       0x38 ../system/wakeup.o
 .text          0x0000000000000000        0x0 ../system/udelay.o
 .data          0x0000000000000000        0x0 ../system/udelay.o
 .bss           0x0000000000000000        0x0 ../system/udelay.o
 .comment       0x0000000000000000       0x22 ../system/udelay.o
 .text          0x0000000000000000        0x0 ../system/signal.o
 .data          0x0000000000000000        0x0 ../system/signal.o
 .bss           0x0000000000000000        0x0 ../system/signal.o
 .text.signal   0x0000000000000000       0x7c ../system/signal.o
 .comment       0x0000000000000000       0x22 ../system/signal.o
 .ARM.attributes
                0x0000000000000000       0x38 ../system/signal.o
 .text          0x0000000000000000        0x0 ../system/signaln.o
 .data          0x0000000000000000        0x0 ../system/signaln.o
 .bss           0x0000000000000000        0x0 ../system/signaln.o
 .comment       0x0000000000000000       0x22 ../system/signaln.o
 .text          0x0000000000000000        0x0 ../system/wait.o
 .data          0x0000000000000000        0x0 ../system/wait.o
 .bss           0x0000000000000000        0x0 ../system/wait.o
 .comment       0x0000000000000000       0x22 ../system/wait.o
 .text          0x0000000000000000        0x0 ../system/memget.o
 .data          0x0000000000000000        0x0 ../system/memget.o
 .bss           0x0000000000000000        0x0 ../system/memget.o
 .text.memget   0x0000000000000000       0x98 ../system/memget.o
 .comment       0x0000000000000000       0x22 ../system/memget.o
 .ARM.attributes
                0x0000000000000000       0x38 ../system/memget.o
 .text          0x0000000000000000        0x0 ../system/memfree.o
 .data          0x0000000000000000        0x0 ../system/memfree.o
 .bss           0x0000000000000000        0x0 ../system/memfree.o
 .comment       0x0000000000000000       0x22 ../system/memfree.o
 .text          0x0000000000000000        0x0 ../system/stkget.o
 .data          0x0000000000000000        0x0 ../system/stkget.o
 .bss           0x0000000000000000        0x0 ../system/stkget.o
 .comment       0x0000000000000000       0x22 ../system/stkget.o
 .text          0x0000000000000000        0x0 ../system/send.o
 .data          0x0000000000000000        0x0 ../system/send.o
 .bss           0x0000000000000000        0x0 ../system/send.o
 .comment       0x0000000000000000       0x22 ../system/send.o
 .text          0x0000000000000000        0x0 ../system/ioerr.o
 .data          0x0000000000000000        0x0 ../system/ioerr.o
 .bss           0x0000000000000000        0x0 ../system/ioerr.o
 .comment       0x0000000000000000       0x22 ../system/ioerr.o
 .text          0x0000000000000000        0x0 ../system/ionull.o
 .data          0x0000000000000000        0x0 ../system/ionull.o
 .bss           0x0000000000000000        0x0 ../system/ionull.o
 .comment       0x0000000000000000       0x22 ../system/ionull.o
 .text          0x0000000000000000        0x0 ../system/read.o
 .data          0x0000000000000000        0x0 ../system/read.o
 .bss           0x0000000000000000        0x0 ../system/read.o
 .text.read     0x0000000000000000       0x28 ../system/read.o
 .comment       0x0000000000000000       0x22 ../system/read.o
 .ARM.attributes
                0x0000000000000000       0x38 ../system/read.o
 .text          0x0000000000000000        0x0 ../system/putc.o
 .data          0x0000000000000000        0x0 ../system/putc.o
 .bss           0x0000000000000000        0x0 ../system/putc.o
 .text.putc     0x0000000000000000       0x28 ../system/putc.o
 .comment       0x0000000000000000       0x22 ../system/putc.o
 .ARM.attributes
                0x0000000000000000       0x38 ../system/putc.o
 .text          0x0000000000000000        0x0 ../system/seek.o
 .data          0x0000000000000000        0x0 ../system/seek.o
 .bss           0x0000000000000000        0x0 ../system/seek.o
 .text.seek     0x0000000000000000       0x28 ../system/seek.o
 .comment       0x0000000000000000       0x22 ../system/seek.o
 .ARM.attributes
                0x0000000000000000       0x38 ../system/seek.o
 .text          0x0000000000000000        0x0 ../system/write.o
 .data          0x0000000000000000        0x0 ../system/write.o
 .bss           0x0000000000000000        0x0 ../system/write.o
 .text.write    0x0000000000000000       0x28 ../system/write.o
 .comment       0x0000000000000000       0x22 ../system/write.o
 .ARM.attributes
                0x0000000000000000       0x38 ../system/write.o
 .text          0x0000000000000000        0x0 ../system/getdev.o
 .data          0x0000000000000000        0x0 ../system/getdev.o
 .bss           0x0000000000000000        0x0 ../system/getdev.o
 .text.getdev   0x0000000000000000       0x4c ../system/getdev.o
 .comment       0x0000000000000000       0x22 ../system/getdev.o
 .ARM.attributes
                0x0000000000000000       0x38 ../system/getdev.o
 .text          0x0000000000000000        0x0 ../system/open.o
 .data          0x0000000000000000        0x0 ../system/open.o
 .bss           0x0000000000000000        0x0 ../system/open.o
 .text.open     0x0000000000000000       0x48 ../system/open.o
 .comment       0x0000000000000000       0x22 ../system/open.o
 .ARM.attributes
                0x0000000000000000       0x38 ../system/open.o
 .text          0x0000000000000000        0x0 ../device/uart-pl011/kgetc.o
 .data          0x0000000000000000        0x0 ../device/uart-pl011/kgetc.o
 .bss           0x0000000000000000        0x0 ../device/uart-pl011/kgetc.o
 .text.kgetc    0x0000000000000000       0x50 ../device/uart-pl011/kgetc.o
 .comment       0x0000000000000000       0x22 ../device/uart-pl011/kgetc.o
 .ARM.attributes
                0x0000000000000000       0x38 ../device/uart-pl011/kgetc.o
 .text          0x0000000000000000        0x0 ../device/uart-pl011/kputc.o
 .data          0x0000000000000000        0x0 ../device/uart-pl011/kputc.o
 .bss           0x0000000000000000        0x0 ../device/uart-pl011/kputc.o
 .comment       0x0000000000000000       0x22 ../device/uart-pl011/kputc.o
 .text          0x0000000000000000        0x0 ../device/uart-pl011/../uart/uartControl.o
 .data          0x0000000000000000        0x0 ../device/uart-pl011/../uart/uartControl.o
 .bss           0x0000000000000000        0x0 ../device/uart-pl011/../uart/uartControl.o
 .comment       0x0000000000000000       0x22 ../device/uart-pl011/../uart/uartControl.o
 .text          0x0000000000000000        0x0 ../device/uart-pl011/../uart/uartGetc.o
 .data          0x0000000000000000        0x0 ../device/uart-pl011/../uart/uartGetc.o
 .bss           0x0000000000000000        0x0 ../device/uart-pl011/../uart/uartGetc.o
 .comment       0x0000000000000000       0x22 ../device/uart-pl011/../uart/uartGetc.o
 .text          0x0000000000000000        0x0 ../device/uart-pl011/uartHwInit.o
 .data          0x0000000000000000        0x0 ../device/uart-pl011/uartHwInit.o
 .bss           0x0000000000000000        0x0 ../device/uart-pl011/uartHwInit.o
 .comment       0x0000000000000000       0x22 ../device/uart-pl011/uartHwInit.o
 .text          0x0000000000000000        0x0 ../device/uart-pl011/uartHwPutc.o
 .data          0x0000000000000000        0x0 ../device/uart-pl011/uartHwPutc.o
 .bss           0x0000000000000000        0x0 ../device/uart-pl011/uartHwPutc.o
 .comment       0x0000000000000000       0x22 ../device/uart-pl011/uartHwPutc.o
 .text          0x0000000000000000        0x0 ../device/uart-pl011/uartHwStat.o
 .data          0x0000000000000000        0x0 ../device/uart-pl011/uartHwStat.o
 .bss           0x0000000000000000        0x0 ../device/uart-pl011/uartHwStat.o
 .text.uartHwStat
                0x0000000000000000       0x5c ../device/uart-pl011/uartHwStat.o
 .rodata        0x0000000000000000        0x8 ../device/uart-pl011/uartHwStat.o
 .rodata.str1.1
                0x0000000000000000       0x91 ../device/uart-pl011/uartHwStat.o
 .comment       0x0000000000000000       0x22 ../device/uart-pl011/uartHwStat.o
 .ARM.attributes
                0x0000000000000000       0x38 ../device/uart-pl011/uartHwStat.o
 .text          0x0000000000000000        0x0 ../device/uart-pl011/../uart/uartInit.o
 .data          0x0000000000000000        0x0 ../device/uart-pl011/../uart/uartInit.o
 .comment       0x0000000000000000       0x22 ../device/uart-pl011/../uart/uartInit.o
 .text          0x0000000000000000        0x0 ../device/uart-pl011/uartInterrupt.o
 .data          0x0000000000000000        0x0 ../device/uart-pl011/uartInterrupt.o
 .bss           0x0000000000000000        0x0 ../device/uart-pl011/uartInterrupt.o
 .comment       0x0000000000000000       0x22 ../device/uart-pl011/uartInterrupt.o
 .text          0x0000000000000000        0x0 ../device/uart-pl011/../uart/uartPutc.o
 .data          0x0000000000000000        0x0 ../device/uart-pl011/../uart/uartPutc.o
 .bss           0x0000000000000000        0x0 ../device/uart-pl011/../uart/uartPutc.o
 .comment       0x0000000000000000       0x22 ../device/uart-pl011/../uart/uartPutc.o
 .text          0x0000000000000000        0x0 ../device/uart-pl011/../uart/uartRead.o
 .data          0x0000000000000000        0x0 ../device/uart-pl011/../uart/uartRead.o
 .bss           0x0000000000000000        0x0 ../device/uart-pl011/../uart/uartRead.o
 .comment       0x0000000000000000       0x22 ../device/uart-pl011/../uart/uartRead.o
 .text          0x0000000000000000        0x0 ../device/uart-pl011/../uart/uartWrite.o
 .data          0x0000000000000000        0x0 ../device/uart-pl011/../uart/uartWrite.o
 .bss           0x0000000000000000        0x0 ../device/uart-pl011/../uart/uartWrite.o
 .comment       0x0000000000000000       0x22 ../device/uart-pl011/../uart/uartWrite.o
 .text          0x0000000000000000        0x0 ../device/uart-pl011/../uart/uartStat.o
 .data          0x0000000000000000        0x0 ../device/uart-pl011/../uart/uartStat.o
 .bss           0x0000000000000000        0x0 ../device/uart-pl011/../uart/uartStat.o
 .text.uartStat
                0x0000000000000000       0xcc ../device/uart-pl011/../uart/uartStat.o
 .rodata.str1.1
                0x0000000000000000       0xd2 ../device/uart-pl011/../uart/uartStat.o
 .comment       0x0000000000000000       0x22 ../device/uart-pl011/../uart/uartStat.o
 .ARM.attributes
                0x0000000000000000       0x38 ../device/uart-pl011/../uart/uartStat.o
 .text          0x0000000000000000        0x0 ../device/uart-pl011/../uart/kprintf.o
 .data          0x0000000000000000        0x0 ../device/uart-pl011/../uart/kprintf.o
 .bss           0x0000000000000000        0x0 ../device/uart-pl011/../uart/kprintf.o
 .comment       0x0000000000000000       0x22 ../device/uart-pl011/../uart/kprintf.o
 .text          0x0000000000000000        0x0 ../device/uart-pl011/../uart/kvprintf.o
 .data          0x0000000000000000        0x0 ../device/uart-pl011/../uart/kvprintf.o
 .bss           0x0000000000000000        0x0 ../device/uart-pl011/../uart/kvprintf.o
 .comment       0x0000000000000000       0x22 ../device/uart-pl011/../uart/kvprintf.o
 .text          0x0000000000000000        0x0 ../device/tty/ttyControl.o
 .data          0x0000000000000000        0x0 ../device/tty/ttyControl.o
 .bss           0x0000000000000000        0x0 ../device/tty/ttyControl.o
 .comment       0x0000000000000000       0x22 ../device/tty/ttyControl.o
 .text          0x0000000000000000        0x0 ../device/tty/ttyOpen.o
 .data          0x0000000000000000        0x0 ../device/tty/ttyOpen.o
 .bss           0x0000000000000000        0x0 ../device/tty/ttyOpen.o
 .comment       0x0000000000000000       0x22 ../device/tty/ttyOpen.o
 .text          0x0000000000000000        0x0 ../device/tty/ttyRead.o
 .data          0x0000000000000000        0x0 ../device/tty/ttyRead.o
 .bss           0x0000000000000000        0x0 ../device/tty/ttyRead.o
 .comment       0x0000000000000000       0x22 ../device/tty/ttyRead.o
 .text          0x0000000000000000        0x0 ../device/tty/ttyClose.o
 .data          0x0000000000000000        0x0 ../device/tty/ttyClose.o
 .bss           0x0000000000000000        0x0 ../device/tty/ttyClose.o
 .comment       0x0000000000000000       0x22 ../device/tty/ttyClose.o
 .text          0x0000000000000000        0x0 ../device/tty/ttyGetc.o
 .data          0x0000000000000000        0x0 ../device/tty/ttyGetc.o
 .bss           0x0000000000000000        0x0 ../device/tty/ttyGetc.o
 .comment       0x0000000000000000       0x22 ../device/tty/ttyGetc.o
 .text          0x0000000000000000        0x0 ../device/tty/ttyInit.o
 .data          0x0000000000000000        0x0 ../device/tty/ttyInit.o
 .comment       0x0000000000000000       0x22 ../device/tty/ttyInit.o
 .text          0x0000000000000000        0x0 ../device/tty/ttyPutc.o
 .data          0x0000000000000000        0x0 ../device/tty/ttyPutc.o
 .bss           0x0000000000000000        0x0 ../device/tty/ttyPutc.o
 .comment       0x0000000000000000       0x22 ../device/tty/ttyPutc.o
 .text          0x0000000000000000        0x0 ../device/tty/ttyWrite.o
 .data          0x0000000000000000        0x0 ../device/tty/ttyWrite.o
 .bss           0x0000000000000000        0x0 ../device/tty/ttyWrite.o
 .comment       0x0000000000000000       0x22 ../device/tty/ttyWrite.o
 .text          0x0000000000000000        0x0 ../test/test_processcreation.o
 .data          0x0000000000000000        0x0 ../test/test_processcreation.o
 .bss           0x0000000000000000        0x0 ../test/test_processcreation.o
 .text.testbigargs
                0x0000000000000000       0xd0 ../test/test_processcreation.o
 .comment       0x0000000000000000       0x22 ../test/test_processcreation.o
 .text          0x0000000000000000        0x0 ../system/conf.o
 .data          0x0000000000000000        0x0 ../system/conf.o
 .bss           0x0000000000000000        0x0 ../system/conf.o
 .comment       0x0000000000000000       0x22 ../system/conf.o
 .text          0x0000000000000000        0x0 ../lib/libxc.a(bzero.o)
 .data          0x0000000000000000        0x0 ../lib/libxc.a(bzero.o)
 .bss           0x0000000000000000        0x0 ../lib/libxc.a(bzero.o)
 .comment       0x0000000000000000       0x22 ../lib/libxc.a(bzero.o)
 .text          0x0000000000000000        0x0 ../lib/libxc.a(ctype_.o)
 .data          0x0000000000000000        0x0 ../lib/libxc.a(ctype_.o)
 .bss           0x0000000000000000        0x0 ../lib/libxc.a(ctype_.o)
 .comment       0x0000000000000000       0x22 ../lib/libxc.a(ctype_.o)
 .text          0x0000000000000000        0x0 ../lib/libxc.a(doprnt.o)
 .data          0x0000000000000000        0x0 ../lib/libxc.a(doprnt.o)
 .bss           0x0000000000000000        0x0 ../lib/libxc.a(doprnt.o)
 .comment       0x0000000000000000       0x22 ../lib/libxc.a(doprnt.o)
 .text          0x0000000000000000        0x0 ../lib/libxc.a(memcpy.o)
 .data          0x0000000000000000        0x0 ../lib/libxc.a(memcpy.o)
 .bss           0x0000000000000000        0x0 ../lib/libxc.a(memcpy.o)
 .comment       0x0000000000000000       0x22 ../lib/libxc.a(memcpy.o)
 .text          0x0000000000000000        0x0 ../lib/libxc.a(memset.o)
 .data          0x0000000000000000        0x0 ../lib/libxc.a(memset.o)
 .bss           0x0000000000000000        0x0 ../lib/libxc.a(memset.o)
 .comment       0x0000000000000000       0x22 ../lib/libxc.a(memset.o)
 .text          0x0000000000000000        0x0 ../lib/libxc.a(printf.o)
 .data          0x0000000000000000        0x0 ../lib/libxc.a(printf.o)
 .bss           0x0000000000000000        0x0 ../lib/libxc.a(printf.o)
 .text.printf   0x0000000000000000       0x50 ../lib/libxc.a(printf.o)
 .comment       0x0000000000000000       0x22 ../lib/libxc.a(printf.o)
 .ARM.attributes
                0x0000000000000000       0x38 ../lib/libxc.a(printf.o)
 .text          0x0000000000000000        0x0 ../lib/libxc.a(strlcpy.o)
 .data          0x0000000000000000        0x0 ../lib/libxc.a(strlcpy.o)
 .bss           0x0000000000000000        0x0 ../lib/libxc.a(strlcpy.o)
 .comment       0x0000000000000000       0x22 ../lib/libxc.a(strlcpy.o)
 .text          0x0000000000000000        0x0 ../lib/libxc.a(strlen.o)
 .data          0x0000000000000000        0x0 ../lib/libxc.a(strlen.o)
 .bss           0x0000000000000000        0x0 ../lib/libxc.a(strlen.o)
 .comment       0x0000000000000000       0x22 ../lib/libxc.a(strlen.o)
 .text          0x0000000000000000        0x0 ../lib/libxc.a(strncmp.o)
 .data          0x0000000000000000        0x0 ../lib/libxc.a(strncmp.o)
 .bss           0x0000000000000000        0x0 ../lib/libxc.a(strncmp.o)
 .text.strncmp  0x0000000000000000       0x68 ../lib/libxc.a(strncmp.o)
 .comment       0x0000000000000000       0x22 ../lib/libxc.a(strncmp.o)
 .ARM.attributes
                0x0000000000000000       0x38 ../lib/libxc.a(strncmp.o)
 .text          0x0000000000000000        0x0 ../lib/libxc.a(fputc.o)
 .data          0x0000000000000000        0x0 ../lib/libxc.a(fputc.o)
 .bss           0x0000000000000000        0x0 ../lib/libxc.a(fputc.o)
 .text.fputc    0x0000000000000000       0x28 ../lib/libxc.a(fputc.o)
 .comment       0x0000000000000000       0x22 ../lib/libxc.a(fputc.o)
 .ARM.attributes
                0x0000000000000000       0x38 ../lib/libxc.a(fputc.o)

Memory Configuration

Name             Origin             Length             Attributes
*default*        0x0000000000000000 0xffffffffffffffff

Linker script and memory map

                0x0000000000008000                . = 0x8000

.init           0x0000000000008000       0x78
 *(.init .init.*)
 .init          0x0000000000008000       0x78 ../loader/platforms/arm-rpi3/start.o
                0x0000000000008000                _start
                0x0000000000008080                . = ALIGN (0x40)

.text           0x0000000000008080     0x3258
 *(.txt .text.*)
 .text.setupStack
                0x0000000000008080       0xd4 ../system/platforms/arm-rpi3/setupStack.o
                0x0000000000008080                setupStack
 .text.bcm2837_power_init
                0x0000000000008154       0x2c ../system/platforms/arm-rpi3/bcm2837_power.o
                0x0000000000008154                bcm2837_power_init
 .text.dispatch
                0x0000000000008180       0xbc ../system/platforms/arm-rpi3/dispatch.o
                0x0000000000008180                dispatch
 .text.pl011init
                0x000000000000823c       0x90 ../system/platforms/arm-rpi3/platforminit.o
                0x000000000000823c                pl011init
 .text.platforminit
                0x00000000000082cc      0x1ec ../system/platforms/arm-rpi3/platforminit.o
                0x00000000000082cc                platforminit
 .text.clkcount
                0x00000000000084b8       0x20 ../system/platforms/arm-rpi3/timer.o
                0x00000000000084b8                clkcount
 .text.init_led
                0x00000000000084d8       0x24 ../system/initialize.o
                0x00000000000084d8                init_led
 .text.init_button
                0x00000000000084fc       0x18 ../system/initialize.o
                0x00000000000084fc                init_button
 .text.led_on   0x0000000000008514       0x14 ../system/initialize.o
                0x0000000000008514                led_on
 .text.nulluser
                0x0000000000008528      0x178 ../system/initialize.o
                0x0000000000008528                nulluser
 .text.enqueue  0x00000000000086a0       0x70 ../system/queue.o
                0x00000000000086a0                enqueue
 .text.dequeue  0x0000000000008710       0x7c ../system/queue.o
                0x0000000000008710                dequeue
 .text.print_os_info
                0x000000000000878c      0x130 ../system/main.o
                0x000000000000878c                print_os_info
 .text.create   0x00000000000088bc      0x228 ../system/create.o
                0x00000000000088bc                create
 .text.kill     0x0000000000008ae4      0x144 ../system/kill.o
                0x0000000000008ae4                kill
 .text.ready    0x0000000000008c28       0x70 ../system/ready.o
                0x0000000000008c28                ready
 .text.resched  0x0000000000008c98      0x118 ../system/resched.o
                0x0000000000008c98                resched
 .text.getitem  0x0000000000008db0       0x38 ../system/getitem.o
                0x0000000000008db0                getitem
 .text.getfirst
                0x0000000000008de8       0x44 ../system/getitem.o
                0x0000000000008de8                getfirst
 .text.queinit  0x0000000000008e2c       0x70 ../system/queinit.o
                0x0000000000008e2c                queinit
 .text.insert   0x0000000000008e9c       0xf0 ../system/insert.o
                0x0000000000008e9c                insert
 .text.gettid   0x0000000000008f8c       0x10 ../system/gettid.o
                0x0000000000008f8c                gettid
 .text.xdone    0x0000000000008f9c       0x1c ../system/xdone.o
                0x0000000000008f9c                xdone
 .text.userret  0x0000000000008fb8       0x10 ../system/userret.o
                0x0000000000008fb8                userret
 .text.unsleep  0x0000000000008fc8       0x98 ../system/unsleep.o
                0x0000000000008fc8                unsleep
 .text.udelay   0x0000000000009060       0x70 ../system/udelay.o
                0x0000000000009060                udelay
 .text.signaln  0x00000000000090d0       0x90 ../system/signaln.o
                0x00000000000090d0                signaln
 .text.wait     0x0000000000009160       0xa4 ../system/wait.o
                0x0000000000009160                wait
 .text.memfree  0x0000000000009204      0x100 ../system/memfree.o
                0x0000000000009204                memfree
 .text.stkget   0x0000000000009304       0xb4 ../system/stkget.o
                0x0000000000009304                stkget
 .text.send     0x00000000000093b8       0x9c ../system/send.o
                0x00000000000093b8                send
 .text.ioerr    0x0000000000009454        0x8 ../system/ioerr.o
                0x0000000000009454                ioerr
 .text.ionull   0x000000000000945c        0x8 ../system/ionull.o
                0x000000000000945c                ionull
 .text.kputc    0x0000000000009464       0x4c ../device/uart-pl011/kputc.o
                0x0000000000009464                kputc
 .text.uartControl
                0x00000000000094b0      0x100 ../device/uart-pl011/../uart/uartControl.o
                0x00000000000094b0                uartControl
 .text.uartGetc
                0x00000000000095b0       0x24 ../device/uart-pl011/../uart/uartGetc.o
                0x00000000000095b0                uartGetc
 .text.uartHwInit
                0x00000000000095d4       0x98 ../device/uart-pl011/uartHwInit.o
                0x00000000000095d4                uartHwInit
 .text.uartHwPutc
                0x000000000000966c        0x8 ../device/uart-pl011/uartHwPutc.o
                0x000000000000966c                uartHwPutc
 .text.uartInit
                0x0000000000009674       0x54 ../device/uart-pl011/../uart/uartInit.o
                0x0000000000009674                uartInit
 .text.uartInterrupt
                0x00000000000096c8      0x160 ../device/uart-pl011/uartInterrupt.o
                0x00000000000096c8                uartInterrupt
 .text.uartPutc
                0x0000000000009828       0x2c ../device/uart-pl011/../uart/uartPutc.o
                0x0000000000009828                uartPutc
 .text.uartRead
                0x0000000000009854       0xd0 ../device/uart-pl011/../uart/uartRead.o
                0x0000000000009854                uartRead
 .text.uartWrite
                0x0000000000009924       0xf0 ../device/uart-pl011/../uart/uartWrite.o
                0x0000000000009924                uartWrite
 .text.kprintf  0x0000000000009a14       0x28 ../device/uart-pl011/../uart/kprintf.o
                0x0000000000009a14                kprintf
 .text.kvprintf
                0x0000000000009a3c       0x44 ../device/uart-pl011/../uart/kvprintf.o
                0x0000000000009a3c                kvprintf
 .text.ttyControl
                0x0000000000009a80       0xb4 ../device/tty/ttyControl.o
                0x0000000000009a80                ttyControl
 .text.ttyOpen  0x0000000000009b34       0x84 ../device/tty/ttyOpen.o
                0x0000000000009b34                ttyOpen
 .text.ttyEcho  0x0000000000009bb8       0x50 ../device/tty/ttyRead.o
 .text.ttyRead  0x0000000000009c08      0x2d4 ../device/tty/ttyRead.o
                0x0000000000009c08                ttyRead
 .text.ttyClose
                0x0000000000009edc       0x38 ../device/tty/ttyClose.o
                0x0000000000009edc                ttyClose
 .text.ttyGetc  0x0000000000009f14       0x20 ../device/tty/ttyGetc.o
                0x0000000000009f14                ttyGetc
 .text.ttyInit  0x0000000000009f34       0x24 ../device/tty/ttyInit.o
                0x0000000000009f34                ttyInit
 .text.ttyPutc  0x0000000000009f58       0x88 ../device/tty/ttyPutc.o
                0x0000000000009f58                ttyPutc
 .text.ttyWrite
                0x0000000000009fe0       0x3c ../device/tty/ttyWrite.o
                0x0000000000009fe0                ttyWrite
 .text.testproc
                0x000000000000a01c        0xc ../test/test_processcreation.o
                0x000000000000a01c                testproc
 .text.printtid
                0x000000000000a028       0xd4 ../test/test_processcreation.o
                0x000000000000a028                printtid
 .text.testmain
                0x000000000000a0fc       0xd0 ../test/test_processcreation.o
                0x000000000000a0fc                testmain
 .text.bzero    0x000000000000a1cc        0xc ../lib/libxc.a(bzero.o)
                0x000000000000a1cc                bzero
 .text._doprnt  0x000000000000a1d8      0x4f8 ../lib/libxc.a(doprnt.o)
                0x000000000000a1d8                _doprnt
 .text.memcpy   0x000000000000a6d0       0x20 ../lib/libxc.a(memcpy.o)
                0x000000000000a6d0                memcpy
 .text.memset   0x000000000000a6f0       0x20 ../lib/libxc.a(memset.o)
                0x000000000000a6f0                memset
 .text.strlcpy  0x000000000000a710       0x50 ../lib/libxc.a(strlcpy.o)
                0x000000000000a710                strlcpy
 .text.strlen   0x000000000000a760       0x1c ../lib/libxc.a(strlen.o)
                0x000000000000a760                strlen
 *(.rodata .rodata.*)
 .rodata.str1.1
                0x000000000000a77c       0x3f ../system/platforms/arm-rpi3/setupStack.o
 .rodata.str1.1
                0x000000000000a7bb       0x30 ../system/platforms/arm-rpi3/dispatch.o
 .rodata.str1.1
                0x000000000000a7eb      0x163 ../system/platforms/arm-rpi3/platforminit.o
 .rodata.str1.1
                0x000000000000a94e       0x94 ../system/initialize.o
 .rodata.str1.1
                0x000000000000a9e2      0x147 ../system/main.o
                                        0x14f (size before relaxing)
 .rodata.str1.1
                0x000000000000ab29       0xfb ../system/create.o
 .rodata.str1.1
                0x000000000000ac24       0x19 ../system/resched.o
 .rodata.str1.1
                0x000000000000ac3d       0x49 ../system/insert.o
                                         0x52 (size before relaxing)
 .rodata.str1.1
                0x000000000000ac86       0x2b ../system/xdone.o
 .rodata.str1.1
                0x000000000000acb1       0x23 ../system/stkget.o
 .rodata.str1.1
                0x000000000000acd4      0x302 ../test/test_processcreation.o
 *fill*         0x000000000000afd6        0x2 
 .rodata        0x000000000000afd8       0xb4 ../system/conf.o
                0x000000000000afd8                devtab
 .rodata.str1.1
                0x000000000000b08c       0x18 ../system/conf.o
 .rodata        0x000000000000b0a4      0x100 ../lib/libxc.a(ctype_.o)
                0x000000000000b0a4                _ctype_
 .rodata        0x000000000000b1a4       0x31 ../lib/libxc.a(doprnt.o)
 .rodata.str1.1
                0x000000000000b1d5        0x7 ../lib/libxc.a(doprnt.o)
 .text          0x000000000000b1dc       0x74 ../loader/platforms/arm-rpi3/start.o
 .text          0x000000000000b250       0x1c ../system/platforms/arm-rpi3/ctxsw.o
                0x000000000000b250                ctxsw
 .text          0x000000000000b26c        0xc ../system/platforms/arm-rpi3/halt.o
                0x000000000000b26c                halt
 .text          0x000000000000b278       0x1c ../system/platforms/arm-rpi3/intutils.o
                0x000000000000b278                enable
                0x000000000000b280                disable
                0x000000000000b28c                restore
 .text          0x000000000000b294       0x30 ../system/platforms/arm-rpi3/irq_handler.o
                0x000000000000b294                irq_handler
 .text          0x000000000000b2c4        0xc ../system/platforms/arm-rpi3/memory_barrier.o
                0x000000000000b2c4                dmb
 .text          0x000000000000b2d0        0x8 ../system/platforms/arm-rpi3/getmode.o
                0x000000000000b2d0                getmode

.glue_7         0x000000000000b2d8        0x0
 .glue_7        0x000000000000b2d8        0x0 linker stubs

.glue_7t        0x000000000000b2d8        0x0
 .glue_7t       0x000000000000b2d8        0x0 linker stubs

.vfp11_veneer   0x000000000000b2d8        0x0
 .vfp11_veneer  0x000000000000b2d8        0x0 linker stubs

.v4_bx          0x000000000000b2d8        0x0
 .v4_bx         0x000000000000b2d8        0x0 linker stubs

.iplt           0x000000000000b2d8        0x0
 .iplt          0x000000000000b2d8        0x0 ../loader/platforms/arm-rpi3/start.o

.rel.dyn        0x000000000000b2d8        0x0
 .rel.iplt      0x000000000000b2d8        0x0 ../loader/platforms/arm-rpi3/start.o
                0x000000000000b300                . = ALIGN (0x40)

.data           0x000000000000b300        0x8
 *(.data .data.*)
 .data          0x000000000000b300        0x4 ../system/platforms/arm-rpi3/platforminit.o
                0x000000000000b300                atags_ptr
 .data          0x000000000000b304        0x4 ../system/queinit.o

.igot.plt       0x000000000000b308        0x0
 .igot.plt      0x000000000000b308        0x0 ../loader/platforms/arm-rpi3/start.o
                0x000000000000b340                . = ALIGN (0x40)
                0x000000000000b340                _bss = .

.bss            0x000000000000b340     0x4674
 *(.bss .bss.*)
 .bss           0x000000000000b340        0x4 ../system/platforms/arm-rpi3/bcm2837_power.o
 .bss           0x000000000000b344      0x12c ../system/platforms/arm-rpi3/dispatch.o
                0x000000000000b350                interruptVector
 .bss           0x000000000000b470     0x2698 ../system/initialize.o
                0x000000000000b470                thrcount
                0x000000000000b474                memheap
                0x000000000000b478                platform
                0x000000000000b4b4                memlist
                0x000000000000b4bc                thrtab
                0x000000000000d58c                thrcurrent
                0x000000000000d590                bfptab
                0x000000000000d650                readylist
                0x000000000000d654                cpuid
                0x000000000000d658                semtab
                0x000000000000d658                montab
 .bss           0x000000000000db08      0xe40 ../system/queue.o
                0x000000000000db08                quetab
 .bss           0x000000000000e948        0x4 ../system/create.o
 .bss           0x000000000000e94c        0x4 ../system/resched.o
                0x000000000000e94c                resdefer
 .bss           0x000000000000e950      0x83c ../device/uart-pl011/../uart/uartInit.o
                0x000000000000e950                uarttab
 .bss           0x000000000000f18c      0x828 ../device/tty/ttyInit.o
                0x000000000000f18c                ttytab
                0x000000000000f9c0                . = ALIGN (0x40)
                0x000000000000f9c0                _end = .

/DISCARD/
 *(.comment .comment.* .note .note.*)
LOAD ../loader/platforms/arm-rpi3/start.o
LOAD ../system/platforms/arm-rpi3/ctxsw.o
LOAD ../system/platforms/arm-rpi3/halt.o
LOAD ../system/platforms/arm-rpi3/intutils.o
LOAD ../system/platforms/arm-rpi3/irq_handler.o
LOAD ../system/platforms/arm-rpi3/memory_barrier.o
LOAD ../system/platforms/arm-rpi3/pause.o
LOAD ../system/platforms/arm-rpi3/getmode.o
LOAD ../system/platforms/arm-rpi3/setupStack.o
LOAD ../system/platforms/arm-rpi3/bcm2837_power.o
LOAD ../system/platforms/arm-rpi3/dispatch.o
LOAD ../system/platforms/arm-rpi3/kexec.o
LOAD ../system/platforms/arm-rpi3/platforminit.o
LOAD ../system/platforms/arm-rpi3/timer.o
LOAD ../system/platforms/arm-rpi3/usb_dwc_hcd.o
LOAD ../system/platforms/arm-rpi3/watchdog.o
LOAD ../system/initialize.o
LOAD ../system/queue.o
LOAD ../system/main.o
LOAD ../system/create.o
LOAD ../system/kill.o
LOAD ../system/ready.o
LOAD ../system/resched.o
LOAD ../system/resume.o
LOAD ../system/suspend.o
LOAD ../system/getitem.o
LOAD ../system/queinit.o
LOAD ../system/insert.o
LOAD ../system/gettid.o
LOAD ../system/xdone.o
LOAD ../system/yield.o
LOAD ../system/userret.o
LOAD ../system/unsleep.o
LOAD ../system/wakeup.o
LOAD ../system/udelay.o
LOAD ../system/signal.o
LOAD ../system/signaln.o
LOAD ../system/wait.o
LOAD ../system/memget.o
LOAD ../system/memfree.o
LOAD ../system/stkget.o
LOAD ../system/send.o
LOAD ../system/ioerr.o
LOAD ../system/ionull.o
LOAD ../system/read.o
LOAD ../system/putc.o
LOAD ../system/seek.o
LOAD ../system/write.o
LOAD ../system/getdev.o
LOAD ../system/open.o
LOAD ../device/uart-pl011/kgetc.o
LOAD ../device/uart-pl011/kputc.o
LOAD ../device/uart-pl011/../uart/uartControl.o
LOAD ../device/uart-pl011/../uart/uartGetc.o
LOAD ../device/uart-pl011/uartHwInit.o
LOAD ../device/uart-pl011/uartHwPutc.o
LOAD ../device/uart-pl011/uartHwStat.o
LOAD ../device/uart-pl011/../uart/uartInit.o
LOAD ../device/uart-pl011/uartInterrupt.o
LOAD ../device/uart-pl011/../uart/uartPutc.o
LOAD ../device/uart-pl011/../uart/uartRead.o
LOAD ../device/uart-pl011/../uart/uartWrite.o
LOAD ../device/uart-pl011/../uart/uartStat.o
LOAD ../device/uart-pl011/../uart/kprintf.o
LOAD ../device/uart-pl011/../uart/kvprintf.o
LOAD ../device/tty/ttyControl.o
LOAD ../device/tty/ttyOpen.o
LOAD ../device/tty/ttyRead.o
LOAD ../device/tty/ttyClose.o
LOAD ../device/tty/ttyGetc.o
LOAD ../device/tty/ttyInit.o
LOAD ../device/tty/ttyPutc.o
LOAD ../device/tty/ttyWrite.o
LOAD ../test/test_processcreation.o
LOAD ../system/conf.o
LOAD ../lib/libxc.a
OUTPUT(xinu.elf elf32-littlearm)

.ARM.attributes
                0x0000000000000000       0x34
 .ARM.attributes
                0x0000000000000000       0x28 ../loader/platforms/arm-rpi3/start.o
 .ARM.attributes
                0x0000000000000028       0x28 ../system/platforms/arm-rpi3/ctxsw.o
 .ARM.attributes
                0x0000000000000050       0x28 ../system/platforms/arm-rpi3/halt.o
 .ARM.attributes
                0x0000000000000078       0x28 ../system/platforms/arm-rpi3/intutils.o
 .ARM.attributes
                0x00000000000000a0       0x28 ../system/platforms/arm-rpi3/irq_handler.o
 .ARM.attributes
                0x00000000000000c8       0x28 ../system/platforms/arm-rpi3/memory_barrier.o
 .ARM.attributes
                0x00000000000000f0       0x28 ../system/platforms/arm-rpi3/getmode.o
 .ARM.attributes
                0x0000000000000118       0x38 ../system/platforms/arm-rpi3/setupStack.o
 .ARM.attributes
                0x0000000000000150       0x38 ../system/platforms/arm-rpi3/bcm2837_power.o
 .ARM.attributes
                0x0000000000000188       0x38 ../system/platforms/arm-rpi3/dispatch.o
 .ARM.attributes
                0x00000000000001c0       0x38 ../system/platforms/arm-rpi3/platforminit.o
 .ARM.attributes
                0x00000000000001f8       0x38 ../system/platforms/arm-rpi3/timer.o
 .ARM.attributes
                0x0000000000000230       0x38 ../system/initialize.o
 .ARM.attributes
                0x0000000000000268       0x38 ../system/queue.o
 .ARM.attributes
                0x00000000000002a0       0x38 ../system/main.o
 .ARM.attributes
                0x00000000000002d8       0x38 ../system/create.o
 .ARM.attributes
                0x0000000000000310       0x38 ../system/kill.o
 .ARM.attributes
                0x0000000000000348       0x38 ../system/ready.o
 .ARM.attributes
                0x0000000000000380       0x38 ../system/resched.o
 .ARM.attributes
                0x00000000000003b8       0x38 ../system/getitem.o
 .ARM.attributes
                0x00000000000003f0       0x38 ../system/queinit.o
 .ARM.attributes
                0x0000000000000428       0x38 ../system/insert.o
 .ARM.attributes
                0x0000000000000460       0x38 ../system/gettid.o
 .ARM.attributes
                0x0000000000000498       0x38 ../system/xdone.o
 .ARM.attributes
                0x00000000000004d0       0x38 ../system/userret.o
 .ARM.attributes
                0x0000000000000508       0x38 ../system/unsleep.o
 .ARM.attributes
                0x0000000000000540       0x38 ../system/udelay.o
 .ARM.attributes
                0x0000000000000578       0x38 ../system/signaln.o
 .ARM.attributes
                0x00000000000005b0       0x38 ../system/wait.o
 .ARM.attributes
                0x00000000000005e8       0x38 ../system/memfree.o
 .ARM.attributes
                0x0000000000000620       0x38 ../system/stkget.o
 .ARM.attributes
                0x0000000000000658       0x38 ../system/send.o
 .ARM.attributes
                0x0000000000000690       0x38 ../system/ioerr.o
 .ARM.attributes
                0x00000000000006c8       0x38 ../system/ionull.o
 .ARM.attributes
                0x0000000000000700       0x38 ../device/uart-pl011/kputc.o
 .ARM.attributes
                0x0000000000000738       0x38 ../device/uart-pl011/../uart/uartControl.o
 .ARM.attributes
                0x0000000000000770       0x38 ../device/uart-pl011/../uart/uartGetc.o
 .ARM.attributes
                0x00000000000007a8       0x38 ../device/uart-pl011/uartHwInit.o
 .ARM.attributes
                0x00000000000007e0       0x38 ../device/uart-pl011/uartHwPutc.o
 .ARM.attributes
                0x0000000000000818       0x38 ../device/uart-pl011/../uart/uartInit.o
 .ARM.attributes
                0x0000000000000850       0x38 ../device/uart-pl011/uartInterrupt.o
 .ARM.attributes
                0x0000000000000888       0x38 ../device/uart-pl011/../uart/uartPutc.o
 .ARM.attributes
                0x00000000000008c0       0x38 ../device/uart-pl011/../uart/uartRead.o
 .ARM.attributes
                0x00000000000008f8       0x38 ../device/uart-pl011/../uart/uartWrite.o
 .ARM.attributes
                0x0000000000000930       0x38 ../device/uart-pl011/../uart/kprintf.o
 .ARM.attributes
                0x0000000000000968       0x38 ../device/uart-pl011/../uart/kvprintf.o
 .ARM.attributes
                0x00000000000009a0       0x38 ../device/tty/ttyControl.o
 .ARM.attributes
                0x00000000000009d8       0x38 ../device/tty/ttyOpen.o
 .ARM.attributes
                0x0000000000000a10       0x38 ../device/tty/ttyRead.o
 .ARM.attributes
                0x0000000000000a48       0x38 ../device/tty/ttyClose.o
 .ARM.attributes
                0x0000000000000a80       0x38 ../device/tty/ttyGetc.o
 .ARM.attributes
                0x0000000000000ab8       0x38 ../device/tty/ttyInit.o
 .ARM.attributes
                0x0000000000000af0       0x38 ../device/tty/ttyPutc.o
 .ARM.attributes
                0x0000000000000b28       0x38 ../device/tty/ttyWrite.o
 .ARM.attributes
                0x0000000000000b60       0x38 ../test/test_processcreation.o
 .ARM.attributes
                0x0000000000000b98       0x38 ../system/conf.o
 .ARM.attributes
                0x0000000000000bd0       0x38 ../lib/libxc.a(bzero.o)
 .ARM.attributes
                0x0000000000000c08       0x38 ../lib/libxc.a(ctype_.o)
 .ARM.attributes
                0x0000000000000c40       0x38 ../lib/libxc.a(doprnt.o)
 .ARM.attributes
                0x0000000000000c78       0x38 ../lib/libxc.a(memcpy.o)
 .ARM.attributes
                0x0000000000000cb0       0x38 ../lib/libxc.a(memset.o)
 .ARM.attributes
                0x0000000000000ce8       0x38 ../lib/libxc.a(strlcpy.o)
 .ARM.attributes
                0x0000000000000d20       0x38 ../lib/libxc.a(strlen.o)
