Archive member included to satisfy reference by file (symbol)

../lib/libxc.a(abs.o)         ../test/test_libStdlib.o (abs)
../lib/libxc.a(atoi.o)        ../test/test_libStdlib.o (atoi)
../lib/libxc.a(atol.o)        ../test/test_libStdlib.o (atol)
../lib/libxc.a(bzero.o)       ../test/test_libStdlib.o (bzero)
../lib/libxc.a(ctype_.o)      ../test/test_libCtype.o (_ctype_)
../lib/libxc.a(doprnt.o)      ../device/uart-pl011/../uart/kvprintf.o (_doprnt)
../lib/libxc.a(labs.o)        ../test/test_libStdlib.o (labs)
../lib/libxc.a(memchr.o)      ../test/test_libString.o (memchr)
../lib/libxc.a(memcmp.o)      ../test/test_bufpool.o (memcmp)
../lib/libxc.a(memcpy.o)      ../system/platforms/arm-rpi3/kexec.o (memcpy)
../lib/libxc.a(memset.o)      ../test/test_libString.o (memset)
../lib/libxc.a(printf.o)      ../device/uart-pl011/uartHwStat.o (printf)
../lib/libxc.a(qsort.o)       ../test/test_libStdlib.o (qsort)
../lib/libxc.a(rand.o)        ../test/test_libStdlib.o (srand)
../lib/libxc.a(sprintf.o)     ../test/test_semaphore3.o (sprintf)
../lib/libxc.a(sscanf.o)      ../lib/libxc.a(atol.o) (sscanf)
../lib/libxc.a(strchr.o)      ../test/test_libString.o (strchr)
../lib/libxc.a(strlcpy.o)     ../system/platforms/arm-rpi3/platforminit.o (strlcpy)
../lib/libxc.a(strlen.o)      ../lib/libxc.a(doprnt.o) (strlen)
../lib/libxc.a(strncat.o)     ../test/test_libString.o (strncat)
../lib/libxc.a(strncmp.o)     ../system/getdev.o (strncmp)
../lib/libxc.a(strncpy.o)     ../test/test_libString.o (strncpy)
../lib/libxc.a(strnlen.o)     ../test/test_libString.o (strnlen)
../lib/libxc.a(strrchr.o)     ../test/test_libString.o (strrchr)
../lib/libxc.a(strstr.o)      ../test/test_libString.o (strstr)
../lib/libxc.a(malloc.o)      ../test/test_umemory.o (malloc)
../lib/libxc.a(free.o)        ../test/test_umemory.o (free)
../lib/libxc.a(doscan.o)      ../lib/libxc.a(sscanf.o) (_doscan)
../lib/libxc.a(fputc.o)       ../lib/libxc.a(printf.o) (fputc)

Discarded input sections

 .data          0x0000000000000000        0x0 ../loader/platforms/arm-rpi3/start.o
 .bss           0x0000000000000000        0x0 ../loader/platforms/arm-rpi3/start.o
 .data          0x0000000000000000        0x0 ../system/platforms/arm-rpi3/ctxsw.o
 .bss           0x0000000000000000        0x0 ../system/platforms/arm-rpi3/ctxsw.o
 .text          0x0000000000000000        0x4 ../system/platforms/arm-rpi3/halt.o
 .data          0x0000000000000000        0x0 ../system/platforms/arm-rpi3/halt.o
 .bss           0x0000000000000000        0x0 ../system/platforms/arm-rpi3/halt.o
 .data          0x0000000000000000        0x0 ../system/platforms/arm-rpi3/intutils.o
 .bss           0x0000000000000000        0x0 ../system/platforms/arm-rpi3/intutils.o
 .data          0x0000000000000000        0x0 ../system/platforms/arm-rpi3/irq_handler.o
 .bss           0x0000000000000000        0x0 ../system/platforms/arm-rpi3/irq_handler.o
 .data          0x0000000000000000        0x0 ../system/platforms/arm-rpi3/memory_barrier.o
 .bss           0x0000000000000000        0x0 ../system/platforms/arm-rpi3/memory_barrier.o
 .data          0x0000000000000000        0x0 ../system/platforms/arm-rpi3/pause.o
 .bss           0x0000000000000000        0x0 ../system/platforms/arm-rpi3/pause.o
 .text          0x0000000000000000        0x0 ../system/platforms/arm-rpi3/setupStack.o
 .data          0x0000000000000000        0x0 ../system/platforms/arm-rpi3/setupStack.o
 .bss           0x0000000000000000        0x0 ../system/platforms/arm-rpi3/setupStack.o
 .text.setupStack
                0x0000000000000000      0x118 ../system/platforms/arm-rpi3/setupStack.o
 .comment       0x0000000000000000       0x22 ../system/platforms/arm-rpi3/setupStack.o
 .text          0x0000000000000000        0x0 ../system/platforms/arm-rpi3/bcm2835_power.o
 .data          0x0000000000000000        0x0 ../system/platforms/arm-rpi3/bcm2835_power.o
 .text.bcm2835_setpower
                0x0000000000000000       0x84 ../system/platforms/arm-rpi3/bcm2835_power.o
 .comment       0x0000000000000000       0x22 ../system/platforms/arm-rpi3/bcm2835_power.o
 .text          0x0000000000000000        0x0 ../system/platforms/arm-rpi3/dispatch.o
 .data          0x0000000000000000        0x0 ../system/platforms/arm-rpi3/dispatch.o
 .bss           0x0000000000000000      0x250 ../system/platforms/arm-rpi3/dispatch.o
 .text.dispatch
                0x0000000000000000       0xec ../system/platforms/arm-rpi3/dispatch.o
 .text.enable_irq
                0x0000000000000000       0x78 ../system/platforms/arm-rpi3/dispatch.o
 .text.disable_irq
                0x0000000000000000       0x78 ../system/platforms/arm-rpi3/dispatch.o
 .rodata.str1.1
                0x0000000000000000       0x30 ../system/platforms/arm-rpi3/dispatch.o
 .comment       0x0000000000000000       0x22 ../system/platforms/arm-rpi3/dispatch.o
 .text          0x0000000000000000        0x0 ../system/platforms/arm-rpi3/kexec.o
 .data          0x0000000000000000        0x0 ../system/platforms/arm-rpi3/kexec.o
 .bss           0x0000000000000000        0x0 ../system/platforms/arm-rpi3/kexec.o
 .text.kexec    0x0000000000000000       0x6c ../system/platforms/arm-rpi3/kexec.o
 .rodata        0x0000000000000000       0x30 ../system/platforms/arm-rpi3/kexec.o
 .comment       0x0000000000000000       0x22 ../system/platforms/arm-rpi3/kexec.o
 .text          0x0000000000000000        0x0 ../system/platforms/arm-rpi3/platforminit.o
 .bss           0x0000000000000000        0x0 ../system/platforms/arm-rpi3/platforminit.o
 .text.pl011init
                0x0000000000000000       0xa0 ../system/platforms/arm-rpi3/platforminit.o
 .comment       0x0000000000000000       0x22 ../system/platforms/arm-rpi3/platforminit.o
 .text          0x0000000000000000        0x0 ../system/platforms/arm-rpi3/timer.o
 .data          0x0000000000000000        0x0 ../system/platforms/arm-rpi3/timer.o
 .bss           0x0000000000000000        0x0 ../system/platforms/arm-rpi3/timer.o
 .text.clkupdate
                0x0000000000000000       0x3c ../system/platforms/arm-rpi3/timer.o
 .comment       0x0000000000000000       0x22 ../system/platforms/arm-rpi3/timer.o
 .text          0x0000000000000000        0x0 ../system/platforms/arm-rpi3/usb_dwc_hcd.o
 .data          0x0000000000000000        0x0 ../system/platforms/arm-rpi3/usb_dwc_hcd.o
 .bss           0x0000000000000000     0x2060 ../system/platforms/arm-rpi3/usb_dwc_hcd.o
 .text.dwc_get_host_port_ctrlstatus
                0x0000000000000000       0x14 ../system/platforms/arm-rpi3/usb_dwc_hcd.o
 .text.dwc_host_port_status_changed
                0x0000000000000000       0x2c ../system/platforms/arm-rpi3/usb_dwc_hcd.o
 .text.dwc_channel_start_transaction
                0x0000000000000000       0xa8 ../system/platforms/arm-rpi3/usb_dwc_hcd.o
 .text.dwc_channel_start_xfer
                0x0000000000000000      0x2f0 ../system/platforms/arm-rpi3/usb_dwc_hcd.o
 .text.dwc_get_free_channel
                0x0000000000000000       0x64 ../system/platforms/arm-rpi3/usb_dwc_hcd.o
 .text.defer_xfer_thread
                0x0000000000000000       0xe0 ../system/platforms/arm-rpi3/usb_dwc_hcd.o
 .text.dwc_schedule_xfer_requests
                0x0000000000000000      0x3d8 ../system/platforms/arm-rpi3/usb_dwc_hcd.o
 .rodata        0x0000000000000000       0xb4 ../system/platforms/arm-rpi3/usb_dwc_hcd.o
 .text.dwc_interrupt_handler
                0x0000000000000000      0x65c ../system/platforms/arm-rpi3/usb_dwc_hcd.o
 .text.hcd_start
                0x0000000000000000      0x134 ../system/platforms/arm-rpi3/usb_dwc_hcd.o
 .text.hcd_stop
                0x0000000000000000       0x50 ../system/platforms/arm-rpi3/usb_dwc_hcd.o
 .text.hcd_submit_xfer_request
                0x0000000000000000       0x24 ../system/platforms/arm-rpi3/usb_dwc_hcd.o
 .rodata.str1.1
                0x0000000000000000       0x1d ../system/platforms/arm-rpi3/usb_dwc_hcd.o
 .comment       0x0000000000000000       0x22 ../system/platforms/arm-rpi3/usb_dwc_hcd.o
 .text          0x0000000000000000        0x0 ../system/platforms/arm-rpi3/watchdog.o
 .data          0x0000000000000000        0x0 ../system/platforms/arm-rpi3/watchdog.o
 .bss           0x0000000000000000        0x0 ../system/platforms/arm-rpi3/watchdog.o
 .text.watchdogset
                0x0000000000000000       0x48 ../system/platforms/arm-rpi3/watchdog.o
 .comment       0x0000000000000000       0x22 ../system/platforms/arm-rpi3/watchdog.o
 .text          0x0000000000000000        0x0 ../system/initialize.o
 .data          0x0000000000000000        0x0 ../system/initialize.o
 .text.led_on   0x0000000000000000       0x14 ../system/initialize.o
 .text.led_off  0x0000000000000000       0x14 ../system/initialize.o
 .comment       0x0000000000000000       0x22 ../system/initialize.o
 .text          0x0000000000000000        0x0 ../system/queue.o
 .data          0x0000000000000000        0x0 ../system/queue.o
 .comment       0x0000000000000000       0x22 ../system/queue.o
 .text          0x0000000000000000        0x0 ../system/ready.o
 .data          0x0000000000000000        0x0 ../system/ready.o
 .bss           0x0000000000000000        0x0 ../system/ready.o
 .comment       0x0000000000000000       0x22 ../system/ready.o
 .text          0x0000000000000000        0x0 ../system/resched.o
 .data          0x0000000000000000        0x0 ../system/resched.o
 .comment       0x0000000000000000       0x22 ../system/resched.o
 .text          0x0000000000000000        0x0 ../system/getitem.o
 .data          0x0000000000000000        0x0 ../system/getitem.o
 .bss           0x0000000000000000        0x0 ../system/getitem.o
 .text.getlast  0x0000000000000000       0x50 ../system/getitem.o
 .comment       0x0000000000000000       0x22 ../system/getitem.o
 .text          0x0000000000000000        0x0 ../system/insert.o
 .data          0x0000000000000000        0x0 ../system/insert.o
 .bss           0x0000000000000000        0x0 ../system/insert.o
 .comment       0x0000000000000000       0x22 ../system/insert.o
 .text          0x0000000000000000        0x0 ../system/udelay.o
 .data          0x0000000000000000        0x0 ../system/udelay.o
 .bss           0x0000000000000000        0x0 ../system/udelay.o
 .comment       0x0000000000000000       0x22 ../system/udelay.o
 .text          0x0000000000000000        0x0 ../system/semcreate.o
 .data          0x0000000000000000        0x0 ../system/semcreate.o
 .bss           0x0000000000000000        0x4 ../system/semcreate.o
 .text.semcreate
                0x0000000000000000       0xac ../system/semcreate.o
 .comment       0x0000000000000000       0x22 ../system/semcreate.o
 .text          0x0000000000000000        0x0 ../system/semfree.o
 .data          0x0000000000000000        0x0 ../system/semfree.o
 .bss           0x0000000000000000        0x0 ../system/semfree.o
 .text.semfree  0x0000000000000000       0xb0 ../system/semfree.o
 .comment       0x0000000000000000       0x22 ../system/semfree.o
 .text          0x0000000000000000        0x0 ../system/semcount.o
 .data          0x0000000000000000        0x0 ../system/semcount.o
 .bss           0x0000000000000000        0x0 ../system/semcount.o
 .text.semcount
                0x0000000000000000       0x40 ../system/semcount.o
 .comment       0x0000000000000000       0x22 ../system/semcount.o
 .text          0x0000000000000000        0x0 ../system/signal.o
 .data          0x0000000000000000        0x0 ../system/signal.o
 .bss           0x0000000000000000        0x0 ../system/signal.o
 .text.signal   0x0000000000000000       0x88 ../system/signal.o
 .comment       0x0000000000000000       0x22 ../system/signal.o
 .text          0x0000000000000000        0x0 ../system/signaln.o
 .data          0x0000000000000000        0x0 ../system/signaln.o
 .bss           0x0000000000000000        0x0 ../system/signaln.o
 .comment       0x0000000000000000       0x22 ../system/signaln.o
 .text          0x0000000000000000        0x0 ../system/wait.o
 .data          0x0000000000000000        0x0 ../system/wait.o
 .bss           0x0000000000000000        0x0 ../system/wait.o
 .comment       0x0000000000000000       0x22 ../system/wait.o
 .text          0x0000000000000000        0x0 ../system/close.o
 .data          0x0000000000000000        0x0 ../system/close.o
 .bss           0x0000000000000000        0x0 ../system/close.o
 .text.close    0x0000000000000000       0x1c ../system/close.o
 .comment       0x0000000000000000       0x22 ../system/close.o
 .text          0x0000000000000000        0x0 ../system/control.o
 .data          0x0000000000000000        0x0 ../system/control.o
 .bss           0x0000000000000000        0x0 ../system/control.o
 .text.control  0x0000000000000000       0x1c ../system/control.o
 .comment       0x0000000000000000       0x22 ../system/control.o
 .text          0x0000000000000000        0x0 ../system/getc.o
 .data          0x0000000000000000        0x0 ../system/getc.o
 .bss           0x0000000000000000        0x0 ../system/getc.o
 .text.getc     0x0000000000000000       0x1c ../system/getc.o
 .comment       0x0000000000000000       0x22 ../system/getc.o
 .text          0x0000000000000000        0x0 ../system/open.o
 .data          0x0000000000000000        0x0 ../system/open.o
 .bss           0x0000000000000000        0x0 ../system/open.o
 .text.open     0x0000000000000000       0x90 ../system/open.o
 .comment       0x0000000000000000       0x22 ../system/open.o
 .text          0x0000000000000000        0x0 ../system/ioerr.o
 .data          0x0000000000000000        0x0 ../system/ioerr.o
 .bss           0x0000000000000000        0x0 ../system/ioerr.o
 .comment       0x0000000000000000       0x22 ../system/ioerr.o
 .text          0x0000000000000000        0x0 ../system/ionull.o
 .data          0x0000000000000000        0x0 ../system/ionull.o
 .bss           0x0000000000000000        0x0 ../system/ionull.o
 .comment       0x0000000000000000       0x22 ../system/ionull.o
 .text          0x0000000000000000        0x0 ../system/read.o
 .data          0x0000000000000000        0x0 ../system/read.o
 .bss           0x0000000000000000        0x0 ../system/read.o
 .text.read     0x0000000000000000       0x1c ../system/read.o
 .comment       0x0000000000000000       0x22 ../system/read.o
 .text          0x0000000000000000        0x0 ../system/putc.o
 .data          0x0000000000000000        0x0 ../system/putc.o
 .bss           0x0000000000000000        0x0 ../system/putc.o
 .text.putc     0x0000000000000000       0x20 ../system/putc.o
 .comment       0x0000000000000000       0x22 ../system/putc.o
 .text          0x0000000000000000        0x0 ../system/seek.o
 .data          0x0000000000000000        0x0 ../system/seek.o
 .bss           0x0000000000000000        0x0 ../system/seek.o
 .text.seek     0x0000000000000000       0x20 ../system/seek.o
 .comment       0x0000000000000000       0x22 ../system/seek.o
 .text          0x0000000000000000        0x0 ../system/write.o
 .data          0x0000000000000000        0x0 ../system/write.o
 .bss           0x0000000000000000        0x0 ../system/write.o
 .text.write    0x0000000000000000       0x1c ../system/write.o
 .comment       0x0000000000000000       0x22 ../system/write.o
 .text          0x0000000000000000        0x0 ../system/getdev.o
 .data          0x0000000000000000        0x0 ../system/getdev.o
 .bss           0x0000000000000000        0x0 ../system/getdev.o
 .text.getdev   0x0000000000000000       0x28 ../system/getdev.o
 .comment       0x0000000000000000       0x22 ../system/getdev.o
 .text          0x0000000000000000        0x0 ../device/uart-pl011/kgetc.o
 .data          0x0000000000000000        0x0 ../device/uart-pl011/kgetc.o
 .bss           0x0000000000000000        0x0 ../device/uart-pl011/kgetc.o
 .text.kgetc    0x0000000000000000       0x48 ../device/uart-pl011/kgetc.o
 .comment       0x0000000000000000       0x22 ../device/uart-pl011/kgetc.o
 .text          0x0000000000000000        0x0 ../device/uart-pl011/kputc.o
 .data          0x0000000000000000        0x0 ../device/uart-pl011/kputc.o
 .bss           0x0000000000000000        0x0 ../device/uart-pl011/kputc.o
 .comment       0x0000000000000000       0x22 ../device/uart-pl011/kputc.o
 .text          0x0000000000000000        0x0 ../device/uart-pl011/../uart/uartControl.o
 .data          0x0000000000000000        0x0 ../device/uart-pl011/../uart/uartControl.o
 .bss           0x0000000000000000        0x0 ../device/uart-pl011/../uart/uartControl.o
 .comment       0x0000000000000000       0x22 ../device/uart-pl011/../uart/uartControl.o
 .text          0x0000000000000000        0x0 ../device/uart-pl011/../uart/uartGetc.o
 .data          0x0000000000000000        0x0 ../device/uart-pl011/../uart/uartGetc.o
 .bss           0x0000000000000000        0x0 ../device/uart-pl011/../uart/uartGetc.o
 .comment       0x0000000000000000       0x22 ../device/uart-pl011/../uart/uartGetc.o
 .text          0x0000000000000000        0x0 ../device/uart-pl011/uartHwInit.o
 .data          0x0000000000000000        0x0 ../device/uart-pl011/uartHwInit.o
 .bss           0x0000000000000000        0x0 ../device/uart-pl011/uartHwInit.o
 .comment       0x0000000000000000       0x22 ../device/uart-pl011/uartHwInit.o
 .text          0x0000000000000000        0x0 ../device/uart-pl011/uartHwPutc.o
 .data          0x0000000000000000        0x0 ../device/uart-pl011/uartHwPutc.o
 .bss           0x0000000000000000        0x0 ../device/uart-pl011/uartHwPutc.o
 .comment       0x0000000000000000       0x22 ../device/uart-pl011/uartHwPutc.o
 .text          0x0000000000000000        0x0 ../device/uart-pl011/uartHwStat.o
 .data          0x0000000000000000        0x0 ../device/uart-pl011/uartHwStat.o
 .bss           0x0000000000000000        0x0 ../device/uart-pl011/uartHwStat.o
 .text.uartHwStat
                0x0000000000000000       0x68 ../device/uart-pl011/uartHwStat.o
 .rodata        0x0000000000000000       0x10 ../device/uart-pl011/uartHwStat.o
 .rodata.str1.1
                0x0000000000000000       0x91 ../device/uart-pl011/uartHwStat.o
 .comment       0x0000000000000000       0x22 ../device/uart-pl011/uartHwStat.o
 .text          0x0000000000000000        0x0 ../device/uart-pl011/../uart/uartInit.o
 .data          0x0000000000000000        0x0 ../device/uart-pl011/../uart/uartInit.o
 .comment       0x0000000000000000       0x22 ../device/uart-pl011/../uart/uartInit.o
 .text          0x0000000000000000        0x0 ../device/uart-pl011/uartInterrupt.o
 .data          0x0000000000000000        0x0 ../device/uart-pl011/uartInterrupt.o
 .bss           0x0000000000000000        0x0 ../device/uart-pl011/uartInterrupt.o
 .comment       0x0000000000000000       0x22 ../device/uart-pl011/uartInterrupt.o
 .text          0x0000000000000000        0x0 ../device/uart-pl011/../uart/uartPutc.o
 .data          0x0000000000000000        0x0 ../device/uart-pl011/../uart/uartPutc.o
 .bss           0x0000000000000000        0x0 ../device/uart-pl011/../uart/uartPutc.o
 .comment       0x0000000000000000       0x22 ../device/uart-pl011/../uart/uartPutc.o
 .text          0x0000000000000000        0x0 ../device/uart-pl011/../uart/uartRead.o
 .data          0x0000000000000000        0x0 ../device/uart-pl011/../uart/uartRead.o
 .bss           0x0000000000000000        0x0 ../device/uart-pl011/../uart/uartRead.o
 .comment       0x0000000000000000       0x22 ../device/uart-pl011/../uart/uartRead.o
 .text          0x0000000000000000        0x0 ../device/uart-pl011/../uart/uartWrite.o
 .data          0x0000000000000000        0x0 ../device/uart-pl011/../uart/uartWrite.o
 .bss           0x0000000000000000        0x0 ../device/uart-pl011/../uart/uartWrite.o
 .comment       0x0000000000000000       0x22 ../device/uart-pl011/../uart/uartWrite.o
 .text          0x0000000000000000        0x0 ../device/uart-pl011/../uart/uartStat.o
 .data          0x0000000000000000        0x0 ../device/uart-pl011/../uart/uartStat.o
 .bss           0x0000000000000000        0x0 ../device/uart-pl011/../uart/uartStat.o
 .text.uartStat
                0x0000000000000000       0xec ../device/uart-pl011/../uart/uartStat.o
 .rodata.str1.1
                0x0000000000000000       0xd2 ../device/uart-pl011/../uart/uartStat.o
 .comment       0x0000000000000000       0x22 ../device/uart-pl011/../uart/uartStat.o
 .text          0x0000000000000000        0x0 ../device/uart-pl011/../uart/kprintf.o
 .data          0x0000000000000000        0x0 ../device/uart-pl011/../uart/kprintf.o
 .bss           0x0000000000000000        0x0 ../device/uart-pl011/../uart/kprintf.o
 .comment       0x0000000000000000       0x22 ../device/uart-pl011/../uart/kprintf.o
 .text          0x0000000000000000        0x0 ../device/uart-pl011/../uart/kvprintf.o
 .data          0x0000000000000000        0x0 ../device/uart-pl011/../uart/kvprintf.o
 .bss           0x0000000000000000        0x0 ../device/uart-pl011/../uart/kvprintf.o
 .comment       0x0000000000000000       0x22 ../device/uart-pl011/../uart/kvprintf.o
 .text          0x0000000000000000        0x0 ../test/testhelper.o
 .data          0x0000000000000000      0x218 ../test/testhelper.o
 .bss           0x0000000000000000        0x0 ../test/testhelper.o
 .text.testPass
                0x0000000000000000       0x1c ../test/testhelper.o
 .text.testFail
                0x0000000000000000       0x1c ../test/testhelper.o
 .text.testSkip
                0x0000000000000000       0x1c ../test/testhelper.o
 .text.testPrint
                0x0000000000000000       0x1c ../test/testhelper.o
 .rodata.str1.1
                0x0000000000000000      0x226 ../test/testhelper.o
 .comment       0x0000000000000000       0x22 ../test/testhelper.o
 .text          0x0000000000000000        0x0 ../test/test_arp.o
 .data          0x0000000000000000        0x0 ../test/test_arp.o
 .bss           0x0000000000000000        0x0 ../test/test_arp.o
 .text.test_arp
                0x0000000000000000       0x24 ../test/test_arp.o
 .rodata.str1.1
                0x0000000000000000        0x1 ../test/test_arp.o
 .comment       0x0000000000000000       0x22 ../test/test_arp.o
 .text          0x0000000000000000        0x0 ../test/test_mailbox.o
 .data          0x0000000000000000        0x0 ../test/test_mailbox.o
 .bss           0x0000000000000000        0x0 ../test/test_mailbox.o
 .text.producer
                0x0000000000000000       0x3c ../test/test_mailbox.o
 .text.consumer
                0x0000000000000000       0x34 ../test/test_mailbox.o
 .text.test_mailbox
                0x0000000000000000      0x4d0 ../test/test_mailbox.o
 .rodata.str1.1
                0x0000000000000000      0x246 ../test/test_mailbox.o
 .comment       0x0000000000000000       0x22 ../test/test_mailbox.o
 .text          0x0000000000000000        0x0 ../test/test_semaphore3.o
 .data          0x0000000000000000        0x0 ../test/test_semaphore3.o
 .bss           0x0000000000000000        0x0 ../test/test_semaphore3.o
 .text.test_semaphore3
                0x0000000000000000      0x250 ../test/test_semaphore3.o
 .rodata.str1.1
                0x0000000000000000       0x60 ../test/test_semaphore3.o
 .comment       0x0000000000000000       0x22 ../test/test_semaphore3.o
 .text          0x0000000000000000        0x0 ../test/test_bigargs.o
 .data          0x0000000000000000        0x0 ../test/test_bigargs.o
 .bss           0x0000000000000000        0x0 ../test/test_bigargs.o
 .text.bigargs  0x0000000000000000       0x4c ../test/test_bigargs.o
 .text.test_bigargs
                0x0000000000000000       0xe4 ../test/test_bigargs.o
 .rodata.str1.1
                0x0000000000000000        0x9 ../test/test_bigargs.o
 .comment       0x0000000000000000       0x22 ../test/test_bigargs.o
 .text          0x0000000000000000        0x0 ../test/test_memory.o
 .data          0x0000000000000000        0x0 ../test/test_memory.o
 .bss           0x0000000000000000        0x0 ../test/test_memory.o
 .text.list_check
                0x0000000000000000       0x34 ../test/test_memory.o
 .text.test_memory
                0x0000000000000000      0x200 ../test/test_memory.o
 .rodata.str1.1
                0x0000000000000000       0xb9 ../test/test_memory.o
 .comment       0x0000000000000000       0x22 ../test/test_memory.o
 .text          0x0000000000000000        0x0 ../test/test_semaphore4.o
 .data          0x0000000000000000        0x0 ../test/test_semaphore4.o
 .bss           0x0000000000000000        0x0 ../test/test_semaphore4.o
 .text.test_semaphore4
                0x0000000000000000      0x1ec ../test/test_semaphore4.o
 .rodata.str1.1
                0x0000000000000000       0x50 ../test/test_semaphore4.o
 .comment       0x0000000000000000       0x22 ../test/test_semaphore4.o
 .text          0x0000000000000000        0x0 ../test/test_bufpool.o
 .data          0x0000000000000000        0x0 ../test/test_bufpool.o
 .bss           0x0000000000000000        0x0 ../test/test_bufpool.o
 .text.test_bufpool
                0x0000000000000000      0x2a4 ../test/test_bufpool.o
 .rodata.str1.1
                0x0000000000000000      0x176 ../test/test_bufpool.o
 .comment       0x0000000000000000       0x22 ../test/test_bufpool.o
 .text          0x0000000000000000        0x0 ../test/test_messagePass.o
 .data          0x0000000000000000        0x0 ../test/test_messagePass.o
 .bss           0x0000000000000000        0x0 ../test/test_messagePass.o
 .text.recvthread
                0x0000000000000000       0x60 ../test/test_messagePass.o
 .text.test_messagePass
                0x0000000000000000      0x278 ../test/test_messagePass.o
 .rodata.str1.1
                0x0000000000000000      0x14f ../test/test_messagePass.o
 .comment       0x0000000000000000       0x22 ../test/test_messagePass.o
 .text          0x0000000000000000        0x0 ../test/test_semaphore.o
 .data          0x0000000000000000        0x0 ../test/test_semaphore.o
 .bss           0x0000000000000000        0x0 ../test/test_semaphore.o
 .text.test_semWaiter
                0x0000000000000000       0x50 ../test/test_semaphore.o
 .text.test_checkSemCount
                0x0000000000000000       0x9c ../test/test_semaphore.o
 .text.test_checkProcState
                0x0000000000000000       0x6c ../test/test_semaphore.o
 .text.test_checkResult
                0x0000000000000000       0x58 ../test/test_semaphore.o
 .text.test_semaphore
                0x0000000000000000      0x2f4 ../test/test_semaphore.o
 .rodata.str1.1
                0x0000000000000000       0xf9 ../test/test_semaphore.o
 .comment       0x0000000000000000       0x22 ../test/test_semaphore.o
 .text          0x0000000000000000        0x0 ../test/test_deltaQueue.o
 .data          0x0000000000000000        0x0 ../test/test_deltaQueue.o
 .bss           0x0000000000000000        0x0 ../test/test_deltaQueue.o
 .text.test_deltaQueue
                0x0000000000000000      0x410 ../test/test_deltaQueue.o
 .rodata.str1.1
                0x0000000000000000       0x60 ../test/test_deltaQueue.o
 .comment       0x0000000000000000       0x22 ../test/test_deltaQueue.o
 .text          0x0000000000000000        0x0 ../test/test_netaddr.o
 .data          0x0000000000000000        0x0 ../test/test_netaddr.o
 .bss           0x0000000000000000        0x0 ../test/test_netaddr.o
 .text.test_netaddr
                0x0000000000000000       0x24 ../test/test_netaddr.o
 .rodata.str1.1
                0x0000000000000000        0x1 ../test/test_netaddr.o
 .comment       0x0000000000000000       0x22 ../test/test_netaddr.o
 .text          0x0000000000000000        0x0 ../test/test_snoop.o
 .data          0x0000000000000000        0x0 ../test/test_snoop.o
 .bss           0x0000000000000000        0x0 ../test/test_snoop.o
 .text.test_snoop
                0x0000000000000000       0x24 ../test/test_snoop.o
 .rodata.str1.1
                0x0000000000000000        0x1 ../test/test_snoop.o
 .comment       0x0000000000000000       0x22 ../test/test_snoop.o
 .text          0x0000000000000000        0x0 ../test/test_ether.o
 .data          0x0000000000000000        0x0 ../test/test_ether.o
 .bss           0x0000000000000000        0x0 ../test/test_ether.o
 .text.test_ether
                0x0000000000000000       0x24 ../test/test_ether.o
 .rodata.str1.1
                0x0000000000000000        0x1 ../test/test_ether.o
 .comment       0x0000000000000000       0x22 ../test/test_ether.o
 .text          0x0000000000000000        0x0 ../test/test_netif.o
 .data          0x0000000000000000        0x0 ../test/test_netif.o
 .bss           0x0000000000000000        0x0 ../test/test_netif.o
 .text.test_netif
                0x0000000000000000       0x24 ../test/test_netif.o
 .rodata.str1.1
                0x0000000000000000        0x1 ../test/test_netif.o
 .comment       0x0000000000000000       0x22 ../test/test_netif.o
 .text          0x0000000000000000        0x0 ../test/test_ethloop.o
 .data          0x0000000000000000        0x0 ../test/test_ethloop.o
 .bss           0x0000000000000000        0x0 ../test/test_ethloop.o
 .text.test_ethloop
                0x0000000000000000       0x24 ../test/test_ethloop.o
 .rodata.str1.1
                0x0000000000000000        0x1 ../test/test_ethloop.o
 .comment       0x0000000000000000       0x22 ../test/test_ethloop.o
 .text          0x0000000000000000        0x0 ../test/test_nvram.o
 .data          0x0000000000000000        0x0 ../test/test_nvram.o
 .bss           0x0000000000000000        0x0 ../test/test_nvram.o
 .text.test_nvram
                0x0000000000000000       0x24 ../test/test_nvram.o
 .rodata.str1.1
                0x0000000000000000        0x1 ../test/test_nvram.o
 .comment       0x0000000000000000       0x22 ../test/test_nvram.o
 .text          0x0000000000000000        0x0 ../test/test_system.o
 .data          0x0000000000000000        0x0 ../test/test_system.o
 .bss           0x0000000000000000        0x0 ../test/test_system.o
 .text.test_system
                0x0000000000000000      0x268 ../test/test_system.o
 .rodata.str1.1
                0x0000000000000000       0xe4 ../test/test_system.o
 .comment       0x0000000000000000       0x22 ../test/test_system.o
 .text          0x0000000000000000        0x0 ../test/test_ip.o
 .data          0x0000000000000000        0x0 ../test/test_ip.o
 .bss           0x0000000000000000        0x0 ../test/test_ip.o
 .text.test_ip  0x0000000000000000       0x24 ../test/test_ip.o
 .rodata.str1.1
                0x0000000000000000        0x1 ../test/test_ip.o
 .comment       0x0000000000000000       0x22 ../test/test_ip.o
 .text          0x0000000000000000        0x0 ../test/test_preempt.o
 .data          0x0000000000000000        0x0 ../test/test_preempt.o
 .bss           0x0000000000000000        0x0 ../test/test_preempt.o
 .text.spin     0x0000000000000000       0x20 ../test/test_preempt.o
 .text.test_preempt
                0x0000000000000000       0x78 ../test/test_preempt.o
 .rodata.str1.1
                0x0000000000000000        0xb ../test/test_preempt.o
 .comment       0x0000000000000000       0x22 ../test/test_preempt.o
 .text          0x0000000000000000        0x0 ../test/test_tlb.o
 .data          0x0000000000000000        0x0 ../test/test_tlb.o
 .bss           0x0000000000000000        0x0 ../test/test_tlb.o
 .text.test_tlb
                0x0000000000000000       0x24 ../test/test_tlb.o
 .rodata.str1.1
                0x0000000000000000        0x1 ../test/test_tlb.o
 .comment       0x0000000000000000       0x22 ../test/test_tlb.o
 .text          0x0000000000000000        0x0 ../test/test_libCtype.o
 .data          0x0000000000000000        0x0 ../test/test_libCtype.o
 .bss           0x0000000000000000        0x0 ../test/test_libCtype.o
 .text.test_libCtype
                0x0000000000000000      0x378 ../test/test_libCtype.o
 .rodata.str1.1
                0x0000000000000000      0x11f ../test/test_libCtype.o
 .comment       0x0000000000000000       0x22 ../test/test_libCtype.o
 .text          0x0000000000000000        0x0 ../test/test_procQueue.o
 .data          0x0000000000000000        0x0 ../test/test_procQueue.o
 .bss           0x0000000000000000        0x0 ../test/test_procQueue.o
 .text.test_procQueue
                0x0000000000000000      0x514 ../test/test_procQueue.o
 .rodata.str1.1
                0x0000000000000000       0xc2 ../test/test_procQueue.o
 .comment       0x0000000000000000       0x22 ../test/test_procQueue.o
 .text          0x0000000000000000        0x0 ../test/test_ttydriver.o
 .data          0x0000000000000000        0x0 ../test/test_ttydriver.o
 .bss           0x0000000000000000        0x0 ../test/test_ttydriver.o
 .text.test_ttydriver
                0x0000000000000000       0x24 ../test/test_ttydriver.o
 .rodata.str1.1
                0x0000000000000000        0x1 ../test/test_ttydriver.o
 .comment       0x0000000000000000       0x22 ../test/test_ttydriver.o
 .text          0x0000000000000000        0x0 ../test/test_libLimits.o
 .data          0x0000000000000000        0x0 ../test/test_libLimits.o
 .bss           0x0000000000000000        0x0 ../test/test_libLimits.o
 .text.test_libLimits
                0x0000000000000000      0x218 ../test/test_libLimits.o
 .rodata.str1.1
                0x0000000000000000      0x19d ../test/test_libLimits.o
 .comment       0x0000000000000000       0x22 ../test/test_libLimits.o
 .text          0x0000000000000000        0x0 ../test/test_raw.o
 .data          0x0000000000000000        0x0 ../test/test_raw.o
 .bss           0x0000000000000000        0x0 ../test/test_raw.o
 .text.test_raw
                0x0000000000000000       0x24 ../test/test_raw.o
 .rodata.str1.1
                0x0000000000000000        0x1 ../test/test_raw.o
 .comment       0x0000000000000000       0x22 ../test/test_raw.o
 .text          0x0000000000000000        0x0 ../test/test_udp.o
 .data          0x0000000000000000        0x0 ../test/test_udp.o
 .bss           0x0000000000000000        0x0 ../test/test_udp.o
 .text.test_udp
                0x0000000000000000       0x24 ../test/test_udp.o
 .rodata.str1.1
                0x0000000000000000        0x1 ../test/test_udp.o
 .comment       0x0000000000000000       0x22 ../test/test_udp.o
 .text          0x0000000000000000        0x0 ../test/test_libStdio.o
 .data          0x0000000000000000        0x0 ../test/test_libStdio.o
 .bss           0x0000000000000000        0x0 ../test/test_libStdio.o
 .text.test_libStdio
                0x0000000000000000       0x24 ../test/test_libStdio.o
 .rodata.str1.1
                0x0000000000000000        0x1 ../test/test_libStdio.o
 .comment       0x0000000000000000       0x22 ../test/test_libStdio.o
 .text          0x0000000000000000        0x0 ../test/test_recursion.o
 .data          0x0000000000000000        0x0 ../test/test_recursion.o
 .bss           0x0000000000000000        0x4 ../test/test_recursion.o
 .text.t5       0x0000000000000000       0x88 ../test/test_recursion.o
 .text.test_recursion
                0x0000000000000000      0x2c0 ../test/test_recursion.o
 .rodata.str1.1
                0x0000000000000000       0xb3 ../test/test_recursion.o
 .comment       0x0000000000000000       0x22 ../test/test_recursion.o
 .text          0x0000000000000000        0x0 ../test/test_umemory.o
 .data          0x0000000000000000        0x0 ../test/test_umemory.o
 .bss           0x0000000000000000        0x0 ../test/test_umemory.o
 .text.list_check
                0x0000000000000000       0x5c ../test/test_umemory.o
 .text.test_umemory
                0x0000000000000000      0x22c ../test/test_umemory.o
 .rodata.str1.1
                0x0000000000000000       0xe8 ../test/test_umemory.o
 .comment       0x0000000000000000       0x22 ../test/test_umemory.o
 .text          0x0000000000000000        0x0 ../test/test_libStdlib.o
 .data          0x0000000000000000        0x0 ../test/test_libStdlib.o
 .bss           0x0000000000000000        0x0 ../test/test_libStdlib.o
 .text.qsort_callback
                0x0000000000000000       0x18 ../test/test_libStdlib.o
 .text.cmp_uints
                0x0000000000000000       0x18 ../test/test_libStdlib.o
 .text.test_libStdlib
                0x0000000000000000      0x5bc ../test/test_libStdlib.o
 .rodata.str1.1
                0x0000000000000000      0x137 ../test/test_libStdlib.o
 .comment       0x0000000000000000       0x22 ../test/test_libStdlib.o
 .text          0x0000000000000000        0x0 ../test/test_schedule.o
 .data          0x0000000000000000        0x0 ../test/test_schedule.o
 .bss           0x0000000000000000        0x0 ../test/test_schedule.o
 .text.t4       0x0000000000000000       0x70 ../test/test_schedule.o
 .text.test_schedule
                0x0000000000000000      0x1f4 ../test/test_schedule.o
 .rodata.str1.1
                0x0000000000000000       0x53 ../test/test_schedule.o
 .comment       0x0000000000000000       0x22 ../test/test_schedule.o
 .text          0x0000000000000000        0x0 ../test/test_libString.o
 .data          0x0000000000000000        0x0 ../test/test_libString.o
 .bss           0x0000000000000000        0x0 ../test/test_libString.o
 .text.test_libString
                0x0000000000000000      0x988 ../test/test_libString.o
 .rodata        0x0000000000000000        0x7 ../test/test_libString.o
 .rodata.str1.1
                0x0000000000000000      0x251 ../test/test_libString.o
 .comment       0x0000000000000000       0x22 ../test/test_libString.o
 .text          0x0000000000000000        0x0 ../test/test_semaphore2.o
 .data          0x0000000000000000        0x0 ../test/test_semaphore2.o
 .bss           0x0000000000000000        0x0 ../test/test_semaphore2.o
 .text.test_semaphore2
                0x0000000000000000      0x2d0 ../test/test_semaphore2.o
 .rodata.str1.1
                0x0000000000000000       0x78 ../test/test_semaphore2.o
 .comment       0x0000000000000000       0x22 ../test/test_semaphore2.o
 .text          0x0000000000000000        0x0 ../test/test_processcreation.o
 .data          0x0000000000000000        0x0 ../test/test_processcreation.o
 .bss           0x0000000000000000        0x0 ../test/test_processcreation.o
 .comment       0x0000000000000000       0x22 ../test/test_processcreation.o
 .text          0x0000000000000000        0x0 ../system/conf.o
 .data          0x0000000000000000        0x0 ../system/conf.o
 .bss           0x0000000000000000        0x0 ../system/conf.o
 .comment       0x0000000000000000       0x22 ../system/conf.o
 .text          0x0000000000000000        0x0 ../system/main.o
 .data          0x0000000000000000        0x0 ../system/main.o
 .bss           0x0000000000000000        0x0 ../system/main.o
 .text.startup.main
                0x0000000000000000        0x8 ../system/main.o
 .comment       0x0000000000000000       0x22 ../system/main.o
 .text          0x0000000000000000        0x0 ../lib/libxc.a(abs.o)
 .data          0x0000000000000000        0x0 ../lib/libxc.a(abs.o)
 .bss           0x0000000000000000        0x0 ../lib/libxc.a(abs.o)
 .text.abs      0x0000000000000000        0xc ../lib/libxc.a(abs.o)
 .comment       0x0000000000000000       0x22 ../lib/libxc.a(abs.o)
 .text          0x0000000000000000        0x0 ../lib/libxc.a(atoi.o)
 .data          0x0000000000000000        0x0 ../lib/libxc.a(atoi.o)
 .bss           0x0000000000000000        0x0 ../lib/libxc.a(atoi.o)
 .text.atoi     0x0000000000000000       0x14 ../lib/libxc.a(atoi.o)
 .comment       0x0000000000000000       0x22 ../lib/libxc.a(atoi.o)
 .text          0x0000000000000000        0x0 ../lib/libxc.a(atol.o)
 .data          0x0000000000000000        0x0 ../lib/libxc.a(atol.o)
 .bss           0x0000000000000000        0x0 ../lib/libxc.a(atol.o)
 .text.atol     0x0000000000000000       0x28 ../lib/libxc.a(atol.o)
 .rodata.str1.1
                0x0000000000000000        0x4 ../lib/libxc.a(atol.o)
 .comment       0x0000000000000000       0x22 ../lib/libxc.a(atol.o)
 .text          0x0000000000000000        0x0 ../lib/libxc.a(bzero.o)
 .data          0x0000000000000000        0x0 ../lib/libxc.a(bzero.o)
 .bss           0x0000000000000000        0x0 ../lib/libxc.a(bzero.o)
 .text.bzero    0x0000000000000000        0xc ../lib/libxc.a(bzero.o)
 .comment       0x0000000000000000       0x22 ../lib/libxc.a(bzero.o)
 .text          0x0000000000000000        0x0 ../lib/libxc.a(ctype_.o)
 .data          0x0000000000000000        0x0 ../lib/libxc.a(ctype_.o)
 .bss           0x0000000000000000        0x0 ../lib/libxc.a(ctype_.o)
 .rodata        0x0000000000000000      0x100 ../lib/libxc.a(ctype_.o)
 .comment       0x0000000000000000       0x22 ../lib/libxc.a(ctype_.o)
 .text          0x0000000000000000        0x0 ../lib/libxc.a(doprnt.o)
 .data          0x0000000000000000        0x0 ../lib/libxc.a(doprnt.o)
 .bss           0x0000000000000000        0x0 ../lib/libxc.a(doprnt.o)
 .comment       0x0000000000000000       0x22 ../lib/libxc.a(doprnt.o)
 .text          0x0000000000000000        0x0 ../lib/libxc.a(labs.o)
 .data          0x0000000000000000        0x0 ../lib/libxc.a(labs.o)
 .bss           0x0000000000000000        0x0 ../lib/libxc.a(labs.o)
 .text.labs     0x0000000000000000        0xc ../lib/libxc.a(labs.o)
 .comment       0x0000000000000000       0x22 ../lib/libxc.a(labs.o)
 .text          0x0000000000000000        0x0 ../lib/libxc.a(memchr.o)
 .data          0x0000000000000000        0x0 ../lib/libxc.a(memchr.o)
 .bss           0x0000000000000000        0x0 ../lib/libxc.a(memchr.o)
 .text.memchr   0x0000000000000000       0x30 ../lib/libxc.a(memchr.o)
 .comment       0x0000000000000000       0x22 ../lib/libxc.a(memchr.o)
 .text          0x0000000000000000        0x0 ../lib/libxc.a(memcmp.o)
 .data          0x0000000000000000        0x0 ../lib/libxc.a(memcmp.o)
 .bss           0x0000000000000000        0x0 ../lib/libxc.a(memcmp.o)
 .text.memcmp   0x0000000000000000       0x34 ../lib/libxc.a(memcmp.o)
 .comment       0x0000000000000000       0x22 ../lib/libxc.a(memcmp.o)
 .text          0x0000000000000000        0x0 ../lib/libxc.a(memcpy.o)
 .data          0x0000000000000000        0x0 ../lib/libxc.a(memcpy.o)
 .bss           0x0000000000000000        0x0 ../lib/libxc.a(memcpy.o)
 .comment       0x0000000000000000       0x22 ../lib/libxc.a(memcpy.o)
 .text          0x0000000000000000        0x0 ../lib/libxc.a(memset.o)
 .data          0x0000000000000000        0x0 ../lib/libxc.a(memset.o)
 .bss           0x0000000000000000        0x0 ../lib/libxc.a(memset.o)
 .text.memset   0x0000000000000000       0x20 ../lib/libxc.a(memset.o)
 .comment       0x0000000000000000       0x22 ../lib/libxc.a(memset.o)
 .text          0x0000000000000000        0x0 ../lib/libxc.a(printf.o)
 .data          0x0000000000000000        0x0 ../lib/libxc.a(printf.o)
 .bss           0x0000000000000000        0x0 ../lib/libxc.a(printf.o)
 .text.printf   0x0000000000000000       0x9c ../lib/libxc.a(printf.o)
 .comment       0x0000000000000000       0x22 ../lib/libxc.a(printf.o)
 .text          0x0000000000000000        0x0 ../lib/libxc.a(qsort.o)
 .data          0x0000000000000000        0x0 ../lib/libxc.a(qsort.o)
 .bss           0x0000000000000000        0x0 ../lib/libxc.a(qsort.o)
 .text.qsort    0x0000000000000000       0xe8 ../lib/libxc.a(qsort.o)
 .comment       0x0000000000000000       0x22 ../lib/libxc.a(qsort.o)
 .text          0x0000000000000000        0x0 ../lib/libxc.a(rand.o)
 .data          0x0000000000000000        0x4 ../lib/libxc.a(rand.o)
 .bss           0x0000000000000000        0x0 ../lib/libxc.a(rand.o)
 .text.srand    0x0000000000000000        0xc ../lib/libxc.a(rand.o)
 .text.rand     0x0000000000000000       0x24 ../lib/libxc.a(rand.o)
 .comment       0x0000000000000000       0x22 ../lib/libxc.a(rand.o)
 .text          0x0000000000000000        0x0 ../lib/libxc.a(sprintf.o)
 .data          0x0000000000000000        0x0 ../lib/libxc.a(sprintf.o)
 .bss           0x0000000000000000        0x0 ../lib/libxc.a(sprintf.o)
 .text.sprntf   0x0000000000000000       0x18 ../lib/libxc.a(sprintf.o)
 .text.sprintf  0x0000000000000000       0xa4 ../lib/libxc.a(sprintf.o)
 .comment       0x0000000000000000       0x22 ../lib/libxc.a(sprintf.o)
 .text          0x0000000000000000        0x0 ../lib/libxc.a(sscanf.o)
 .data          0x0000000000000000        0x0 ../lib/libxc.a(sscanf.o)
 .bss           0x0000000000000000        0x0 ../lib/libxc.a(sscanf.o)
 .text.sgetch   0x0000000000000000       0x24 ../lib/libxc.a(sscanf.o)
 .text.sungetch
                0x0000000000000000       0x14 ../lib/libxc.a(sscanf.o)
 .text.sscanf   0x0000000000000000       0x94 ../lib/libxc.a(sscanf.o)
 .comment       0x0000000000000000       0x22 ../lib/libxc.a(sscanf.o)
 .text          0x0000000000000000        0x0 ../lib/libxc.a(strchr.o)
 .data          0x0000000000000000        0x0 ../lib/libxc.a(strchr.o)
 .bss           0x0000000000000000        0x0 ../lib/libxc.a(strchr.o)
 .text.strchr   0x0000000000000000       0x20 ../lib/libxc.a(strchr.o)
 .comment       0x0000000000000000       0x22 ../lib/libxc.a(strchr.o)
 .text          0x0000000000000000        0x0 ../lib/libxc.a(strlcpy.o)
 .data          0x0000000000000000        0x0 ../lib/libxc.a(strlcpy.o)
 .bss           0x0000000000000000        0x0 ../lib/libxc.a(strlcpy.o)
 .comment       0x0000000000000000       0x22 ../lib/libxc.a(strlcpy.o)
 .text          0x0000000000000000        0x0 ../lib/libxc.a(strlen.o)
 .data          0x0000000000000000        0x0 ../lib/libxc.a(strlen.o)
 .bss           0x0000000000000000        0x0 ../lib/libxc.a(strlen.o)
 .comment       0x0000000000000000       0x22 ../lib/libxc.a(strlen.o)
 .text          0x0000000000000000        0x0 ../lib/libxc.a(strncat.o)
 .data          0x0000000000000000        0x0 ../lib/libxc.a(strncat.o)
 .bss           0x0000000000000000        0x0 ../lib/libxc.a(strncat.o)
 .text.strncat  0x0000000000000000       0x5c ../lib/libxc.a(strncat.o)
 .comment       0x0000000000000000       0x22 ../lib/libxc.a(strncat.o)
 .text          0x0000000000000000        0x0 ../lib/libxc.a(strncmp.o)
 .data          0x0000000000000000        0x0 ../lib/libxc.a(strncmp.o)
 .bss           0x0000000000000000        0x0 ../lib/libxc.a(strncmp.o)
 .text.strncmp  0x0000000000000000       0x3c ../lib/libxc.a(strncmp.o)
 .comment       0x0000000000000000       0x22 ../lib/libxc.a(strncmp.o)
 .text          0x0000000000000000        0x0 ../lib/libxc.a(strncpy.o)
 .data          0x0000000000000000        0x0 ../lib/libxc.a(strncpy.o)
 .bss           0x0000000000000000        0x0 ../lib/libxc.a(strncpy.o)
 .text.strncpy  0x0000000000000000       0x38 ../lib/libxc.a(strncpy.o)
 .comment       0x0000000000000000       0x22 ../lib/libxc.a(strncpy.o)
 .text          0x0000000000000000        0x0 ../lib/libxc.a(strnlen.o)
 .data          0x0000000000000000        0x0 ../lib/libxc.a(strnlen.o)
 .bss           0x0000000000000000        0x0 ../lib/libxc.a(strnlen.o)
 .text.strnlen  0x0000000000000000       0x24 ../lib/libxc.a(strnlen.o)
 .comment       0x0000000000000000       0x22 ../lib/libxc.a(strnlen.o)
 .text          0x0000000000000000        0x0 ../lib/libxc.a(strrchr.o)
 .data          0x0000000000000000        0x0 ../lib/libxc.a(strrchr.o)
 .bss           0x0000000000000000        0x0 ../lib/libxc.a(strrchr.o)
 .text.strrchr  0x0000000000000000       0x24 ../lib/libxc.a(strrchr.o)
 .comment       0x0000000000000000       0x22 ../lib/libxc.a(strrchr.o)
 .text          0x0000000000000000        0x0 ../lib/libxc.a(strstr.o)
 .data          0x0000000000000000        0x0 ../lib/libxc.a(strstr.o)
 .bss           0x0000000000000000        0x0 ../lib/libxc.a(strstr.o)
 .text.strstr   0x0000000000000000       0x64 ../lib/libxc.a(strstr.o)
 .comment       0x0000000000000000       0x22 ../lib/libxc.a(strstr.o)
 .text          0x0000000000000000        0x0 ../lib/libxc.a(malloc.o)
 .data          0x0000000000000000        0x0 ../lib/libxc.a(malloc.o)
 .bss           0x0000000000000000        0x0 ../lib/libxc.a(malloc.o)
 .text.malloc   0x0000000000000000       0x4c ../lib/libxc.a(malloc.o)
 .comment       0x0000000000000000       0x22 ../lib/libxc.a(malloc.o)
 .text          0x0000000000000000        0x0 ../lib/libxc.a(free.o)
 .data          0x0000000000000000        0x0 ../lib/libxc.a(free.o)
 .bss           0x0000000000000000        0x0 ../lib/libxc.a(free.o)
 .text.free     0x0000000000000000       0x20 ../lib/libxc.a(free.o)
 .comment       0x0000000000000000       0x22 ../lib/libxc.a(free.o)
 .text          0x0000000000000000        0x0 ../lib/libxc.a(doscan.o)
 .data          0x0000000000000000        0x0 ../lib/libxc.a(doscan.o)
 .bss           0x0000000000000000        0x0 ../lib/libxc.a(doscan.o)
 .text._doscan  0x0000000000000000      0x5f4 ../lib/libxc.a(doscan.o)
 .comment       0x0000000000000000       0x22 ../lib/libxc.a(doscan.o)
 .text          0x0000000000000000        0x0 ../lib/libxc.a(fputc.o)
 .data          0x0000000000000000        0x0 ../lib/libxc.a(fputc.o)
 .bss           0x0000000000000000        0x0 ../lib/libxc.a(fputc.o)
 .text.fputc    0x0000000000000000       0x30 ../lib/libxc.a(fputc.o)
 .comment       0x0000000000000000       0x22 ../lib/libxc.a(fputc.o)

Memory Configuration

Name             Origin             Length             Attributes
*default*        0x0000000000000000 0xffffffffffffffff

Linker script and memory map

                0x0000000000080000                . = 0x80000

.init           0x0000000000080000       0x40
 *(.init .init.*)
 .init          0x0000000000080000       0x40 ../loader/platforms/arm-rpi3/start.o
                0x0000000000080000                _start
                0x0000000000080040                . = ALIGN (0x40)

.text           0x0000000000080040     0x1944
 *(.txt .text.*)
 .text.bcm2835_power_init
                0x0000000000080040       0x28 ../system/platforms/arm-rpi3/bcm2835_power.o
                0x0000000000080040                bcm2835_power_init
 .text.platforminit
                0x0000000000080068      0x114 ../system/platforms/arm-rpi3/platforminit.o
                0x0000000000080068                platforminit
 .text.clkcount
                0x000000000008017c       0x30 ../system/platforms/arm-rpi3/timer.o
                0x000000000008017c                clkcount
 .text.init_led
                0x00000000000801ac       0x24 ../system/initialize.o
                0x00000000000801ac                init_led
 .text.nulluser
                0x00000000000801d0      0x128 ../system/initialize.o
                0x00000000000801d0                nulluser
 .text.enqueue  0x00000000000802f8       0x74 ../system/queue.o
                0x00000000000802f8                enqueue
 .text.dequeue  0x000000000008036c       0x9c ../system/queue.o
                0x000000000008036c                dequeue
 .text.ready    0x0000000000080408       0x7c ../system/ready.o
                0x0000000000080408                ready
 .text.resched  0x0000000000080484      0x134 ../system/resched.o
                0x0000000000080484                resched
 .text.getitem  0x00000000000805b8       0x3c ../system/getitem.o
                0x00000000000805b8                getitem
 .text.getfirst
                0x00000000000805f4       0x44 ../system/getitem.o
                0x00000000000805f4                getfirst
 .text.insert   0x0000000000080638       0xbc ../system/insert.o
                0x0000000000080638                insert
 .text.udelay   0x00000000000806f4       0x70 ../system/udelay.o
                0x00000000000806f4                udelay
 .text.signaln  0x0000000000080764       0xa4 ../system/signaln.o
                0x0000000000080764                signaln
 .text.wait     0x0000000000080808       0xb4 ../system/wait.o
                0x0000000000080808                wait
 .text.ioerr    0x00000000000808bc        0x8 ../system/ioerr.o
                0x00000000000808bc                ioerr
 .text.ionull   0x00000000000808c4        0x8 ../system/ionull.o
                0x00000000000808c4                ionull
 .text.kputc    0x00000000000808cc       0x48 ../device/uart-pl011/kputc.o
                0x00000000000808cc                kputc
 .text.uartControl
                0x0000000000080914       0xac ../device/uart-pl011/../uart/uartControl.o
                0x0000000000080914                uartControl
 .text.uartGetc
                0x00000000000809c0       0x28 ../device/uart-pl011/../uart/uartGetc.o
                0x00000000000809c0                uartGetc
 .text.uartHwInit
                0x00000000000809e8       0xa4 ../device/uart-pl011/uartHwInit.o
                0x00000000000809e8                uartHwInit
 .text.uartHwPutc
                0x0000000000080a8c        0xc ../device/uart-pl011/uartHwPutc.o
                0x0000000000080a8c                uartHwPutc
 .text.uartInit
                0x0000000000080a98       0x5c ../device/uart-pl011/../uart/uartInit.o
                0x0000000000080a98                uartInit
 .text.uartInterrupt
                0x0000000000080af4      0x160 ../device/uart-pl011/uartInterrupt.o
                0x0000000000080af4                uartInterrupt
 .text.uartPutc
                0x0000000000080c54       0x30 ../device/uart-pl011/../uart/uartPutc.o
                0x0000000000080c54                uartPutc
 .text.uartRead
                0x0000000000080c84       0xdc ../device/uart-pl011/../uart/uartRead.o
                0x0000000000080c84                uartRead
 .text.uartWrite
                0x0000000000080d60       0xf4 ../device/uart-pl011/../uart/uartWrite.o
                0x0000000000080d60                uartWrite
 .text.kprintf  0x0000000000080e54       0x78 ../device/uart-pl011/../uart/kprintf.o
                0x0000000000080e54                kprintf
 .text.kvprintf
                0x0000000000080ecc       0x6c ../device/uart-pl011/../uart/kvprintf.o
                0x0000000000080ecc                kvprintf
 .text.testmain
                0x0000000000080f38       0x5c ../test/test_processcreation.o
                0x0000000000080f38                testmain
 .text._doprnt  0x0000000000080f94      0x6a4 ../lib/libxc.a(doprnt.o)
                0x0000000000080f94                _doprnt
 .text.memcpy   0x0000000000081638       0x20 ../lib/libxc.a(memcpy.o)
                0x0000000000081638                memcpy
 .text.strlcpy  0x0000000000081658       0x60 ../lib/libxc.a(strlcpy.o)
                0x0000000000081658                strlcpy
 .text.strlen   0x00000000000816b8       0x1c ../lib/libxc.a(strlen.o)
                0x00000000000816b8                strlen
 *(.rodata .rodata.*)
 .rodata.str1.1
                0x00000000000816d4       0x17 ../system/platforms/arm-rpi3/platforminit.o
 .rodata.str1.1
                0x00000000000816eb       0x1b ../system/initialize.o
 *fill*         0x0000000000081706        0x2 
 .rodata        0x0000000000081708        0x7 ../device/uart-pl011/../uart/uartControl.o
 .rodata.str1.1
                0x000000000008170f       0x29 ../test/test_processcreation.o
 .rodata        0x0000000000081738       0x70 ../system/conf.o
                0x0000000000081738                devtab
 .rodata.str1.1
                0x00000000000817a8        0x8 ../system/conf.o
 .rodata        0x00000000000817b0       0x31 ../lib/libxc.a(doprnt.o)
 .rodata.str1.1
                0x00000000000817e1        0x7 ../lib/libxc.a(doprnt.o)
 .text          0x00000000000817e8       0x70 ../loader/platforms/arm-rpi3/start.o
 *fill*         0x0000000000081858        0x8 
 .text          0x0000000000081860      0x10c ../system/platforms/arm-rpi3/ctxsw.o
                0x0000000000081860                ctxsw
 .text          0x000000000008196c        0xc ../system/platforms/arm-rpi3/intutils.o
                0x000000000008196c                enable
                0x0000000000081970                disable
                0x0000000000081974                restore
 .text          0x0000000000081978        0x4 ../system/platforms/arm-rpi3/irq_handler.o
                0x0000000000081978                irq_handler
 .text          0x000000000008197c        0x4 ../system/platforms/arm-rpi3/memory_barrier.o
                0x000000000008197c                dmb
 .text          0x0000000000081980        0x4 ../system/platforms/arm-rpi3/pause.o
                0x0000000000081980                pause

.iplt           0x0000000000081984        0x0
 .iplt          0x0000000000081984        0x0 ../loader/platforms/arm-rpi3/start.o

.rela.dyn       0x0000000000081988        0x0
 .rela.iplt     0x0000000000081988        0x0 ../loader/platforms/arm-rpi3/start.o
                0x00000000000819c0                . = ALIGN (0x40)

.data           0x00000000000819c0        0x8
 *(.data .data.*)
 .data          0x00000000000819c0        0x8 ../system/platforms/arm-rpi3/platforminit.o
                0x00000000000819c0                atags_ptr

.igot.plt       0x00000000000819c8        0x0
 .igot.plt      0x00000000000819c8        0x0 ../loader/platforms/arm-rpi3/start.o
                0x0000000000081a00                . = ALIGN (0x40)
                0x0000000000081a00                _bss = .

.bss            0x0000000000081a00     0x48d0
 *(.bss .bss.*)
 .bss           0x0000000000081a00        0x4 ../system/platforms/arm-rpi3/bcm2835_power.o
 *fill*         0x0000000000081a04        0x4 
 .bss           0x0000000000081a08     0x3238 ../system/initialize.o
                0x0000000000081a08                thrcount
                0x0000000000081a10                memheap
                0x0000000000081a18                platform
                0x0000000000081a68                memlist
                0x0000000000081a78                thrtab
                0x0000000000084638                thrcurrent
                0x0000000000084640                bfptab
                0x0000000000084780                cpuid
                0x0000000000084788                readylist
                0x0000000000084790                semtab
                0x0000000000084790                montab
 .bss           0x0000000000084c40      0xe40 ../system/queue.o
                0x0000000000084c40                quetab
 .bss           0x0000000000085a80        0x4 ../system/resched.o
                0x0000000000085a80                resdefer
 *fill*         0x0000000000085a84        0x4 
 .bss           0x0000000000085a88      0x848 ../device/uart-pl011/../uart/uartInit.o
                0x0000000000085a88                uarttab
                0x0000000000086300                . = ALIGN (0x40)
                0x0000000000086300                _end = .

/DISCARD/
 *(.comment .comment.* .note .note.*)
LOAD ../loader/platforms/arm-rpi3/start.o
LOAD ../system/platforms/arm-rpi3/ctxsw.o
LOAD ../system/platforms/arm-rpi3/halt.o
LOAD ../system/platforms/arm-rpi3/intutils.o
LOAD ../system/platforms/arm-rpi3/irq_handler.o
LOAD ../system/platforms/arm-rpi3/memory_barrier.o
LOAD ../system/platforms/arm-rpi3/pause.o
LOAD ../system/platforms/arm-rpi3/setupStack.o
LOAD ../system/platforms/arm-rpi3/bcm2835_power.o
LOAD ../system/platforms/arm-rpi3/dispatch.o
LOAD ../system/platforms/arm-rpi3/kexec.o
LOAD ../system/platforms/arm-rpi3/platforminit.o
LOAD ../system/platforms/arm-rpi3/timer.o
LOAD ../system/platforms/arm-rpi3/usb_dwc_hcd.o
LOAD ../system/platforms/arm-rpi3/watchdog.o
LOAD ../system/initialize.o
LOAD ../system/queue.o
LOAD ../system/ready.o
LOAD ../system/resched.o
LOAD ../system/getitem.o
LOAD ../system/insert.o
LOAD ../system/udelay.o
LOAD ../system/semcreate.o
LOAD ../system/semfree.o
LOAD ../system/semcount.o
LOAD ../system/signal.o
LOAD ../system/signaln.o
LOAD ../system/wait.o
LOAD ../system/close.o
LOAD ../system/control.o
LOAD ../system/getc.o
LOAD ../system/open.o
LOAD ../system/ioerr.o
LOAD ../system/ionull.o
LOAD ../system/read.o
LOAD ../system/putc.o
LOAD ../system/seek.o
LOAD ../system/write.o
LOAD ../system/getdev.o
LOAD ../device/uart-pl011/kgetc.o
LOAD ../device/uart-pl011/kputc.o
LOAD ../device/uart-pl011/../uart/uartControl.o
LOAD ../device/uart-pl011/../uart/uartGetc.o
LOAD ../device/uart-pl011/uartHwInit.o
LOAD ../device/uart-pl011/uartHwPutc.o
LOAD ../device/uart-pl011/uartHwStat.o
LOAD ../device/uart-pl011/../uart/uartInit.o
LOAD ../device/uart-pl011/uartInterrupt.o
LOAD ../device/uart-pl011/../uart/uartPutc.o
LOAD ../device/uart-pl011/../uart/uartRead.o
LOAD ../device/uart-pl011/../uart/uartWrite.o
LOAD ../device/uart-pl011/../uart/uartStat.o
LOAD ../device/uart-pl011/../uart/kprintf.o
LOAD ../device/uart-pl011/../uart/kvprintf.o
LOAD ../test/testhelper.o
LOAD ../test/test_arp.o
LOAD ../test/test_mailbox.o
LOAD ../test/test_semaphore3.o
LOAD ../test/test_bigargs.o
LOAD ../test/test_memory.o
LOAD ../test/test_semaphore4.o
LOAD ../test/test_bufpool.o
LOAD ../test/test_messagePass.o
LOAD ../test/test_semaphore.o
LOAD ../test/test_deltaQueue.o
LOAD ../test/test_netaddr.o
LOAD ../test/test_snoop.o
LOAD ../test/test_ether.o
LOAD ../test/test_netif.o
LOAD ../test/test_ethloop.o
LOAD ../test/test_nvram.o
LOAD ../test/test_system.o
LOAD ../test/test_ip.o
LOAD ../test/test_preempt.o
LOAD ../test/test_tlb.o
LOAD ../test/test_libCtype.o
LOAD ../test/test_procQueue.o
LOAD ../test/test_ttydriver.o
LOAD ../test/test_libLimits.o
LOAD ../test/test_raw.o
LOAD ../test/test_udp.o
LOAD ../test/test_libStdio.o
LOAD ../test/test_recursion.o
LOAD ../test/test_umemory.o
LOAD ../test/test_libStdlib.o
LOAD ../test/test_schedule.o
LOAD ../test/test_libString.o
LOAD ../test/test_semaphore2.o
LOAD ../test/test_processcreation.o
LOAD ../system/conf.o
LOAD ../system/main.o
LOAD ../lib/libxc.a
OUTPUT(xinu.elf elf64-littleaarch64)
