Archive member included to satisfy reference by file (symbol)

../lib/libxc.a(doprnt.o)      ../device/uart-pl011/../uart/kvprintf.o (_doprnt)
../lib/libxc.a(memcpy.o)      ../system/platforms/arm-rpi3/kexec.o (memcpy)
../lib/libxc.a(printf.o)      ../device/uart-pl011/uartHwStat.o (printf)
../lib/libxc.a(strlcpy.o)     ../system/platforms/arm-rpi3/platforminit.o (strlcpy)
../lib/libxc.a(strlen.o)      ../lib/libxc.a(doprnt.o) (strlen)
../lib/libxc.a(strncmp.o)     ../system/getdev.o (strncmp)
../lib/libxc.a(fputc.o)       ../lib/libxc.a(printf.o) (fputc)

Discarded input sections

 .text          0x0000000000000000        0x0 ../loader/platforms/arm-rpi3/start.o
 .data          0x0000000000000000        0x0 ../loader/platforms/arm-rpi3/start.o
 .bss           0x0000000000000000        0x0 ../loader/platforms/arm-rpi3/start.o
 .data          0x0000000000000000        0x0 ../system/platforms/arm-rpi3/ctxsw.o
 .bss           0x0000000000000000        0x0 ../system/platforms/arm-rpi3/ctxsw.o
 .data          0x0000000000000000        0x0 ../system/platforms/arm-rpi3/halt.o
 .bss           0x0000000000000000        0x0 ../system/platforms/arm-rpi3/halt.o
 .data          0x0000000000000000        0x0 ../system/platforms/arm-rpi3/intutils.o
 .bss           0x0000000000000000        0x0 ../system/platforms/arm-rpi3/intutils.o
 .text          0x0000000000000000        0x8 ../system/platforms/arm-rpi3/irq_handler.o
 .data          0x0000000000000000        0x0 ../system/platforms/arm-rpi3/irq_handler.o
 .bss           0x0000000000000000        0x0 ../system/platforms/arm-rpi3/irq_handler.o
 .data          0x0000000000000000        0x0 ../system/platforms/arm-rpi3/memory_barrier.o
 .bss           0x0000000000000000        0x0 ../system/platforms/arm-rpi3/memory_barrier.o
 .text          0x0000000000000000        0x4 ../system/platforms/arm-rpi3/pause.o
 .data          0x0000000000000000        0x0 ../system/platforms/arm-rpi3/pause.o
 .bss           0x0000000000000000        0x0 ../system/platforms/arm-rpi3/pause.o
 .text          0x0000000000000000        0x0 ../system/platforms/arm-rpi3/setupStack.o
 .data          0x0000000000000000        0x0 ../system/platforms/arm-rpi3/setupStack.o
 .bss           0x0000000000000000        0x0 ../system/platforms/arm-rpi3/setupStack.o
 .comment       0x0000000000000000       0x22 ../system/platforms/arm-rpi3/setupStack.o
 .text          0x0000000000000000        0x0 ../system/platforms/arm-rpi3/bcm2837_power.o
 .data          0x0000000000000000        0x0 ../system/platforms/arm-rpi3/bcm2837_power.o
 .text.bcm2837_setpower
                0x0000000000000000       0x84 ../system/platforms/arm-rpi3/bcm2837_power.o
 .comment       0x0000000000000000       0x22 ../system/platforms/arm-rpi3/bcm2837_power.o
 .text          0x0000000000000000        0x0 ../system/platforms/arm-rpi3/dispatch.o
 .data          0x0000000000000000        0x0 ../system/platforms/arm-rpi3/dispatch.o
 .text.dispatch
                0x0000000000000000       0xec ../system/platforms/arm-rpi3/dispatch.o
 .text.disable_irq
                0x0000000000000000       0x78 ../system/platforms/arm-rpi3/dispatch.o
 .rodata.str1.1
                0x0000000000000000       0x30 ../system/platforms/arm-rpi3/dispatch.o
 .comment       0x0000000000000000       0x22 ../system/platforms/arm-rpi3/dispatch.o
 .text          0x0000000000000000        0x0 ../system/platforms/arm-rpi3/kexec.o
 .data          0x0000000000000000        0x0 ../system/platforms/arm-rpi3/kexec.o
 .bss           0x0000000000000000        0x0 ../system/platforms/arm-rpi3/kexec.o
 .text.kexec    0x0000000000000000       0x6c ../system/platforms/arm-rpi3/kexec.o
 .rodata        0x0000000000000000       0x30 ../system/platforms/arm-rpi3/kexec.o
 .comment       0x0000000000000000       0x22 ../system/platforms/arm-rpi3/kexec.o
 .text          0x0000000000000000        0x0 ../system/platforms/arm-rpi3/platforminit.o
 .bss           0x0000000000000000        0x0 ../system/platforms/arm-rpi3/platforminit.o
 .comment       0x0000000000000000       0x22 ../system/platforms/arm-rpi3/platforminit.o
 .text          0x0000000000000000        0x0 ../system/platforms/arm-rpi3/timer.o
 .data          0x0000000000000000        0x0 ../system/platforms/arm-rpi3/timer.o
 .bss           0x0000000000000000        0x0 ../system/platforms/arm-rpi3/timer.o
 .comment       0x0000000000000000       0x22 ../system/platforms/arm-rpi3/timer.o
 .text          0x0000000000000000        0x0 ../system/platforms/arm-rpi3/usb_dwc_hcd.o
 .data          0x0000000000000000        0x0 ../system/platforms/arm-rpi3/usb_dwc_hcd.o
 .bss           0x0000000000000000     0x2060 ../system/platforms/arm-rpi3/usb_dwc_hcd.o
 .text.dwc_get_host_port_ctrlstatus
                0x0000000000000000       0x14 ../system/platforms/arm-rpi3/usb_dwc_hcd.o
 .text.dwc_host_port_status_changed
                0x0000000000000000       0x2c ../system/platforms/arm-rpi3/usb_dwc_hcd.o
 .text.dwc_channel_start_transaction
                0x0000000000000000       0xa8 ../system/platforms/arm-rpi3/usb_dwc_hcd.o
 .text.dwc_channel_start_xfer
                0x0000000000000000      0x2f0 ../system/platforms/arm-rpi3/usb_dwc_hcd.o
 .text.dwc_get_free_channel
                0x0000000000000000       0x64 ../system/platforms/arm-rpi3/usb_dwc_hcd.o
 .text.defer_xfer_thread
                0x0000000000000000       0xe0 ../system/platforms/arm-rpi3/usb_dwc_hcd.o
 .text.dwc_schedule_xfer_requests
                0x0000000000000000      0x3d8 ../system/platforms/arm-rpi3/usb_dwc_hcd.o
 .rodata        0x0000000000000000       0xb4 ../system/platforms/arm-rpi3/usb_dwc_hcd.o
 .text.dwc_interrupt_handler
                0x0000000000000000      0x65c ../system/platforms/arm-rpi3/usb_dwc_hcd.o
 .text.hcd_start
                0x0000000000000000      0x134 ../system/platforms/arm-rpi3/usb_dwc_hcd.o
 .text.hcd_stop
                0x0000000000000000       0x50 ../system/platforms/arm-rpi3/usb_dwc_hcd.o
 .text.hcd_submit_xfer_request
                0x0000000000000000       0x24 ../system/platforms/arm-rpi3/usb_dwc_hcd.o
 .rodata.str1.1
                0x0000000000000000       0x1d ../system/platforms/arm-rpi3/usb_dwc_hcd.o
 .comment       0x0000000000000000       0x22 ../system/platforms/arm-rpi3/usb_dwc_hcd.o
 .text          0x0000000000000000        0x0 ../system/platforms/arm-rpi3/watchdog.o
 .data          0x0000000000000000        0x0 ../system/platforms/arm-rpi3/watchdog.o
 .bss           0x0000000000000000        0x0 ../system/platforms/arm-rpi3/watchdog.o
 .text.watchdogset
                0x0000000000000000       0x48 ../system/platforms/arm-rpi3/watchdog.o
 .comment       0x0000000000000000       0x22 ../system/platforms/arm-rpi3/watchdog.o
 .text          0x0000000000000000        0x0 ../system/initialize.o
 .data          0x0000000000000000        0x0 ../system/initialize.o
 .text.led_on   0x0000000000000000       0x14 ../system/initialize.o
 .text.led_off  0x0000000000000000       0x14 ../system/initialize.o
 .text.button_lev
                0x0000000000000000       0x14 ../system/initialize.o
 .text.gpio_handler
                0x0000000000000000       0x2c ../system/initialize.o
 .comment       0x0000000000000000       0x22 ../system/initialize.o
 .text          0x0000000000000000        0x0 ../system/queue.o
 .data          0x0000000000000000        0x0 ../system/queue.o
 .comment       0x0000000000000000       0x22 ../system/queue.o
 .text          0x0000000000000000        0x0 ../system/main.o
 .data          0x0000000000000000        0x0 ../system/main.o
 .bss           0x0000000000000000        0x0 ../system/main.o
 .text.startup.main
                0x0000000000000000        0x8 ../system/main.o
 .comment       0x0000000000000000       0x22 ../system/main.o
 .text          0x0000000000000000        0x0 ../system/create.o
 .data          0x0000000000000000        0x0 ../system/create.o
 .comment       0x0000000000000000       0x22 ../system/create.o
 .text          0x0000000000000000        0x0 ../system/kill.o
 .data          0x0000000000000000        0x0 ../system/kill.o
 .bss           0x0000000000000000        0x0 ../system/kill.o
 .comment       0x0000000000000000       0x22 ../system/kill.o
 .text          0x0000000000000000        0x0 ../system/ready.o
 .data          0x0000000000000000        0x0 ../system/ready.o
 .bss           0x0000000000000000        0x0 ../system/ready.o
 .comment       0x0000000000000000       0x22 ../system/ready.o
 .text          0x0000000000000000        0x0 ../system/resched.o
 .data          0x0000000000000000        0x0 ../system/resched.o
 .comment       0x0000000000000000       0x22 ../system/resched.o
 .text          0x0000000000000000        0x0 ../system/resume.o
 .data          0x0000000000000000        0x0 ../system/resume.o
 .bss           0x0000000000000000        0x0 ../system/resume.o
 .text.resume   0x0000000000000000       0x84 ../system/resume.o
 .comment       0x0000000000000000       0x22 ../system/resume.o
 .text          0x0000000000000000        0x0 ../system/suspend.o
 .data          0x0000000000000000        0x0 ../system/suspend.o
 .bss           0x0000000000000000        0x0 ../system/suspend.o
 .text.suspend  0x0000000000000000       0xc8 ../system/suspend.o
 .comment       0x0000000000000000       0x22 ../system/suspend.o
 .text          0x0000000000000000        0x0 ../system/getitem.o
 .data          0x0000000000000000        0x0 ../system/getitem.o
 .bss           0x0000000000000000        0x0 ../system/getitem.o
 .text.getlast  0x0000000000000000       0x50 ../system/getitem.o
 .comment       0x0000000000000000       0x22 ../system/getitem.o
 .text          0x0000000000000000        0x0 ../system/queinit.o
 .data          0x0000000000000000        0x4 ../system/queinit.o
 .bss           0x0000000000000000        0x0 ../system/queinit.o
 .text.queinit  0x0000000000000000       0x68 ../system/queinit.o
 .comment       0x0000000000000000       0x22 ../system/queinit.o
 .text          0x0000000000000000        0x0 ../system/insert.o
 .data          0x0000000000000000        0x0 ../system/insert.o
 .bss           0x0000000000000000        0x0 ../system/insert.o
 .comment       0x0000000000000000       0x22 ../system/insert.o
 .text          0x0000000000000000        0x0 ../system/gettid.o
 .data          0x0000000000000000        0x0 ../system/gettid.o
 .bss           0x0000000000000000        0x0 ../system/gettid.o
 .comment       0x0000000000000000       0x22 ../system/gettid.o
 .text          0x0000000000000000        0x0 ../system/xdone.o
 .data          0x0000000000000000        0x0 ../system/xdone.o
 .bss           0x0000000000000000        0x0 ../system/xdone.o
 .comment       0x0000000000000000       0x22 ../system/xdone.o
 .text          0x0000000000000000        0x0 ../system/yield.o
 .data          0x0000000000000000        0x0 ../system/yield.o
 .bss           0x0000000000000000        0x0 ../system/yield.o
 .text.yield    0x0000000000000000       0x30 ../system/yield.o
 .comment       0x0000000000000000       0x22 ../system/yield.o
 .text          0x0000000000000000        0x0 ../system/userret.o
 .data          0x0000000000000000        0x0 ../system/userret.o
 .bss           0x0000000000000000        0x0 ../system/userret.o
 .comment       0x0000000000000000       0x22 ../system/userret.o
 .text          0x0000000000000000        0x0 ../system/unsleep.o
 .data          0x0000000000000000        0x0 ../system/unsleep.o
 .bss           0x0000000000000000        0x0 ../system/unsleep.o
 .comment       0x0000000000000000       0x22 ../system/unsleep.o
 .text          0x0000000000000000        0x0 ../system/wakeup.o
 .data          0x0000000000000000        0x0 ../system/wakeup.o
 .bss           0x0000000000000000        0x0 ../system/wakeup.o
 .text.wakeup   0x0000000000000000       0x70 ../system/wakeup.o
 .comment       0x0000000000000000       0x22 ../system/wakeup.o
 .text          0x0000000000000000        0x0 ../system/udelay.o
 .data          0x0000000000000000        0x0 ../system/udelay.o
 .bss           0x0000000000000000        0x0 ../system/udelay.o
 .comment       0x0000000000000000       0x22 ../system/udelay.o
 .text          0x0000000000000000        0x0 ../system/signal.o
 .data          0x0000000000000000        0x0 ../system/signal.o
 .bss           0x0000000000000000        0x0 ../system/signal.o
 .text.signal   0x0000000000000000       0x88 ../system/signal.o
 .comment       0x0000000000000000       0x22 ../system/signal.o
 .text          0x0000000000000000        0x0 ../system/signaln.o
 .data          0x0000000000000000        0x0 ../system/signaln.o
 .bss           0x0000000000000000        0x0 ../system/signaln.o
 .comment       0x0000000000000000       0x22 ../system/signaln.o
 .text          0x0000000000000000        0x0 ../system/wait.o
 .data          0x0000000000000000        0x0 ../system/wait.o
 .bss           0x0000000000000000        0x0 ../system/wait.o
 .comment       0x0000000000000000       0x22 ../system/wait.o
 .text          0x0000000000000000        0x0 ../system/memget.o
 .data          0x0000000000000000        0x0 ../system/memget.o
 .bss           0x0000000000000000        0x0 ../system/memget.o
 .text.memget   0x0000000000000000       0xac ../system/memget.o
 .comment       0x0000000000000000       0x22 ../system/memget.o
 .text          0x0000000000000000        0x0 ../system/memfree.o
 .data          0x0000000000000000        0x0 ../system/memfree.o
 .bss           0x0000000000000000        0x0 ../system/memfree.o
 .comment       0x0000000000000000       0x22 ../system/memfree.o
 .text          0x0000000000000000        0x0 ../system/stkget.o
 .data          0x0000000000000000        0x0 ../system/stkget.o
 .bss           0x0000000000000000        0x0 ../system/stkget.o
 .comment       0x0000000000000000       0x22 ../system/stkget.o
 .text          0x0000000000000000        0x0 ../system/send.o
 .data          0x0000000000000000        0x0 ../system/send.o
 .bss           0x0000000000000000        0x0 ../system/send.o
 .comment       0x0000000000000000       0x22 ../system/send.o
 .text          0x0000000000000000        0x0 ../system/ioerr.o
 .data          0x0000000000000000        0x0 ../system/ioerr.o
 .bss           0x0000000000000000        0x0 ../system/ioerr.o
 .comment       0x0000000000000000       0x22 ../system/ioerr.o
 .text          0x0000000000000000        0x0 ../system/ionull.o
 .data          0x0000000000000000        0x0 ../system/ionull.o
 .bss           0x0000000000000000        0x0 ../system/ionull.o
 .comment       0x0000000000000000       0x22 ../system/ionull.o
 .text          0x0000000000000000        0x0 ../system/read.o
 .data          0x0000000000000000        0x0 ../system/read.o
 .bss           0x0000000000000000        0x0 ../system/read.o
 .text.read     0x0000000000000000       0x1c ../system/read.o
 .comment       0x0000000000000000       0x22 ../system/read.o
 .text          0x0000000000000000        0x0 ../system/putc.o
 .data          0x0000000000000000        0x0 ../system/putc.o
 .bss           0x0000000000000000        0x0 ../system/putc.o
 .text.putc     0x0000000000000000       0x20 ../system/putc.o
 .comment       0x0000000000000000       0x22 ../system/putc.o
 .text          0x0000000000000000        0x0 ../system/seek.o
 .data          0x0000000000000000        0x0 ../system/seek.o
 .bss           0x0000000000000000        0x0 ../system/seek.o
 .text.seek     0x0000000000000000       0x20 ../system/seek.o
 .comment       0x0000000000000000       0x22 ../system/seek.o
 .text          0x0000000000000000        0x0 ../system/write.o
 .data          0x0000000000000000        0x0 ../system/write.o
 .bss           0x0000000000000000        0x0 ../system/write.o
 .text.write    0x0000000000000000       0x1c ../system/write.o
 .comment       0x0000000000000000       0x22 ../system/write.o
 .text          0x0000000000000000        0x0 ../system/getdev.o
 .data          0x0000000000000000        0x0 ../system/getdev.o
 .bss           0x0000000000000000        0x0 ../system/getdev.o
 .text.getdev   0x0000000000000000       0x28 ../system/getdev.o
 .comment       0x0000000000000000       0x22 ../system/getdev.o
 .text          0x0000000000000000        0x0 ../system/open.o
 .data          0x0000000000000000        0x0 ../system/open.o
 .bss           0x0000000000000000        0x0 ../system/open.o
 .text.open     0x0000000000000000       0x90 ../system/open.o
 .comment       0x0000000000000000       0x22 ../system/open.o
 .text          0x0000000000000000        0x0 ../device/uart-pl011/kgetc.o
 .data          0x0000000000000000        0x0 ../device/uart-pl011/kgetc.o
 .bss           0x0000000000000000        0x0 ../device/uart-pl011/kgetc.o
 .text.kgetc    0x0000000000000000       0x48 ../device/uart-pl011/kgetc.o
 .comment       0x0000000000000000       0x22 ../device/uart-pl011/kgetc.o
 .text          0x0000000000000000        0x0 ../device/uart-pl011/kputc.o
 .data          0x0000000000000000        0x0 ../device/uart-pl011/kputc.o
 .bss           0x0000000000000000        0x0 ../device/uart-pl011/kputc.o
 .comment       0x0000000000000000       0x22 ../device/uart-pl011/kputc.o
 .text          0x0000000000000000        0x0 ../device/uart-pl011/../uart/uartControl.o
 .data          0x0000000000000000        0x0 ../device/uart-pl011/../uart/uartControl.o
 .bss           0x0000000000000000        0x0 ../device/uart-pl011/../uart/uartControl.o
 .comment       0x0000000000000000       0x22 ../device/uart-pl011/../uart/uartControl.o
 .text          0x0000000000000000        0x0 ../device/uart-pl011/../uart/uartGetc.o
 .data          0x0000000000000000        0x0 ../device/uart-pl011/../uart/uartGetc.o
 .bss           0x0000000000000000        0x0 ../device/uart-pl011/../uart/uartGetc.o
 .comment       0x0000000000000000       0x22 ../device/uart-pl011/../uart/uartGetc.o
 .text          0x0000000000000000        0x0 ../device/uart-pl011/uartHwInit.o
 .data          0x0000000000000000        0x0 ../device/uart-pl011/uartHwInit.o
 .bss           0x0000000000000000        0x0 ../device/uart-pl011/uartHwInit.o
 .comment       0x0000000000000000       0x22 ../device/uart-pl011/uartHwInit.o
 .text          0x0000000000000000        0x0 ../device/uart-pl011/uartHwPutc.o
 .data          0x0000000000000000        0x0 ../device/uart-pl011/uartHwPutc.o
 .bss           0x0000000000000000        0x0 ../device/uart-pl011/uartHwPutc.o
 .comment       0x0000000000000000       0x22 ../device/uart-pl011/uartHwPutc.o
 .text          0x0000000000000000        0x0 ../device/uart-pl011/uartHwStat.o
 .data          0x0000000000000000        0x0 ../device/uart-pl011/uartHwStat.o
 .bss           0x0000000000000000        0x0 ../device/uart-pl011/uartHwStat.o
 .text.uartHwStat
                0x0000000000000000       0x68 ../device/uart-pl011/uartHwStat.o
 .rodata        0x0000000000000000       0x10 ../device/uart-pl011/uartHwStat.o
 .rodata.str1.1
                0x0000000000000000       0x91 ../device/uart-pl011/uartHwStat.o
 .comment       0x0000000000000000       0x22 ../device/uart-pl011/uartHwStat.o
 .text          0x0000000000000000        0x0 ../device/uart-pl011/../uart/uartInit.o
 .data          0x0000000000000000        0x0 ../device/uart-pl011/../uart/uartInit.o
 .comment       0x0000000000000000       0x22 ../device/uart-pl011/../uart/uartInit.o
 .text          0x0000000000000000        0x0 ../device/uart-pl011/uartInterrupt.o
 .data          0x0000000000000000        0x0 ../device/uart-pl011/uartInterrupt.o
 .bss           0x0000000000000000        0x0 ../device/uart-pl011/uartInterrupt.o
 .comment       0x0000000000000000       0x22 ../device/uart-pl011/uartInterrupt.o
 .text          0x0000000000000000        0x0 ../device/uart-pl011/../uart/uartPutc.o
 .data          0x0000000000000000        0x0 ../device/uart-pl011/../uart/uartPutc.o
 .bss           0x0000000000000000        0x0 ../device/uart-pl011/../uart/uartPutc.o
 .comment       0x0000000000000000       0x22 ../device/uart-pl011/../uart/uartPutc.o
 .text          0x0000000000000000        0x0 ../device/uart-pl011/../uart/uartRead.o
 .data          0x0000000000000000        0x0 ../device/uart-pl011/../uart/uartRead.o
 .bss           0x0000000000000000        0x0 ../device/uart-pl011/../uart/uartRead.o
 .comment       0x0000000000000000       0x22 ../device/uart-pl011/../uart/uartRead.o
 .text          0x0000000000000000        0x0 ../device/uart-pl011/../uart/uartWrite.o
 .data          0x0000000000000000        0x0 ../device/uart-pl011/../uart/uartWrite.o
 .bss           0x0000000000000000        0x0 ../device/uart-pl011/../uart/uartWrite.o
 .comment       0x0000000000000000       0x22 ../device/uart-pl011/../uart/uartWrite.o
 .text          0x0000000000000000        0x0 ../device/uart-pl011/../uart/uartStat.o
 .data          0x0000000000000000        0x0 ../device/uart-pl011/../uart/uartStat.o
 .bss           0x0000000000000000        0x0 ../device/uart-pl011/../uart/uartStat.o
 .text.uartStat
                0x0000000000000000       0xec ../device/uart-pl011/../uart/uartStat.o
 .rodata.str1.1
                0x0000000000000000       0xd2 ../device/uart-pl011/../uart/uartStat.o
 .comment       0x0000000000000000       0x22 ../device/uart-pl011/../uart/uartStat.o
 .text          0x0000000000000000        0x0 ../device/uart-pl011/../uart/kprintf.o
 .data          0x0000000000000000        0x0 ../device/uart-pl011/../uart/kprintf.o
 .bss           0x0000000000000000        0x0 ../device/uart-pl011/../uart/kprintf.o
 .comment       0x0000000000000000       0x22 ../device/uart-pl011/../uart/kprintf.o
 .text          0x0000000000000000        0x0 ../device/uart-pl011/../uart/kvprintf.o
 .data          0x0000000000000000        0x0 ../device/uart-pl011/../uart/kvprintf.o
 .bss           0x0000000000000000        0x0 ../device/uart-pl011/../uart/kvprintf.o
 .comment       0x0000000000000000       0x22 ../device/uart-pl011/../uart/kvprintf.o
 .text          0x0000000000000000        0x0 ../test/test_processcreation.o
 .data          0x0000000000000000        0x0 ../test/test_processcreation.o
 .bss           0x0000000000000000        0x0 ../test/test_processcreation.o
 .comment       0x0000000000000000       0x22 ../test/test_processcreation.o
 .text          0x0000000000000000        0x0 ../system/conf.o
 .data          0x0000000000000000        0x0 ../system/conf.o
 .bss           0x0000000000000000        0x0 ../system/conf.o
 .comment       0x0000000000000000       0x22 ../system/conf.o
 .text          0x0000000000000000        0x0 ../lib/libxc.a(doprnt.o)
 .data          0x0000000000000000        0x0 ../lib/libxc.a(doprnt.o)
 .bss           0x0000000000000000        0x0 ../lib/libxc.a(doprnt.o)
 .comment       0x0000000000000000       0x22 ../lib/libxc.a(doprnt.o)
 .text          0x0000000000000000        0x0 ../lib/libxc.a(memcpy.o)
 .data          0x0000000000000000        0x0 ../lib/libxc.a(memcpy.o)
 .bss           0x0000000000000000        0x0 ../lib/libxc.a(memcpy.o)
 .comment       0x0000000000000000       0x22 ../lib/libxc.a(memcpy.o)
 .text          0x0000000000000000        0x0 ../lib/libxc.a(printf.o)
 .data          0x0000000000000000        0x0 ../lib/libxc.a(printf.o)
 .bss           0x0000000000000000        0x0 ../lib/libxc.a(printf.o)
 .text.printf   0x0000000000000000       0x9c ../lib/libxc.a(printf.o)
 .comment       0x0000000000000000       0x22 ../lib/libxc.a(printf.o)
 .text          0x0000000000000000        0x0 ../lib/libxc.a(strlcpy.o)
 .data          0x0000000000000000        0x0 ../lib/libxc.a(strlcpy.o)
 .bss           0x0000000000000000        0x0 ../lib/libxc.a(strlcpy.o)
 .comment       0x0000000000000000       0x22 ../lib/libxc.a(strlcpy.o)
 .text          0x0000000000000000        0x0 ../lib/libxc.a(strlen.o)
 .data          0x0000000000000000        0x0 ../lib/libxc.a(strlen.o)
 .bss           0x0000000000000000        0x0 ../lib/libxc.a(strlen.o)
 .comment       0x0000000000000000       0x22 ../lib/libxc.a(strlen.o)
 .text          0x0000000000000000        0x0 ../lib/libxc.a(strncmp.o)
 .data          0x0000000000000000        0x0 ../lib/libxc.a(strncmp.o)
 .bss           0x0000000000000000        0x0 ../lib/libxc.a(strncmp.o)
 .text.strncmp  0x0000000000000000       0x3c ../lib/libxc.a(strncmp.o)
 .comment       0x0000000000000000       0x22 ../lib/libxc.a(strncmp.o)
 .text          0x0000000000000000        0x0 ../lib/libxc.a(fputc.o)
 .data          0x0000000000000000        0x0 ../lib/libxc.a(fputc.o)
 .bss           0x0000000000000000        0x0 ../lib/libxc.a(fputc.o)
 .text.fputc    0x0000000000000000       0x30 ../lib/libxc.a(fputc.o)
 .comment       0x0000000000000000       0x22 ../lib/libxc.a(fputc.o)

Memory Configuration

Name             Origin             Length             Attributes
*default*        0x0000000000000000 0xffffffffffffffff

Linker script and memory map

                0x0000000000080000                . = 0x80000

.init           0x0000000000080000       0x88
 *(.init .init.*)
 .init          0x0000000000080000       0x88 ../loader/platforms/arm-rpi3/start.o
                0x0000000000080000                _start
                0x00000000000800c0                . = ALIGN (0x40)

.text           0x00000000000800c0     0x2aa4
 *(.txt .text.*)
 .text.setupStack
                0x00000000000800c0      0x1e8 ../system/platforms/arm-rpi3/setupStack.o
                0x00000000000800c0                setupStack
 .text.bcm2837_power_init
                0x00000000000802a8       0x28 ../system/platforms/arm-rpi3/bcm2837_power.o
                0x00000000000802a8                bcm2837_power_init
 .text.enable_irq
                0x00000000000802d0       0x78 ../system/platforms/arm-rpi3/dispatch.o
                0x00000000000802d0                enable_irq
 .text.pl011init
                0x0000000000080348       0xa0 ../system/platforms/arm-rpi3/platforminit.o
                0x0000000000080348                pl011init
 .text.platforminit
                0x00000000000803e8      0x204 ../system/platforms/arm-rpi3/platforminit.o
                0x00000000000803e8                platforminit
 .text.clkcount
                0x00000000000805ec       0x30 ../system/platforms/arm-rpi3/timer.o
                0x00000000000805ec                clkcount
 .text.clkupdate
                0x000000000008061c       0x3c ../system/platforms/arm-rpi3/timer.o
                0x000000000008061c                clkupdate
 .text.init_led
                0x0000000000080658       0x24 ../system/initialize.o
                0x0000000000080658                init_led
 .text.init_button
                0x000000000008067c       0x18 ../system/initialize.o
                0x000000000008067c                init_button
 .text.nulluser
                0x0000000000080694      0x18c ../system/initialize.o
                0x0000000000080694                nulluser
 .text.enqueue  0x0000000000080820       0x74 ../system/queue.o
                0x0000000000080820                enqueue
 .text.dequeue  0x0000000000080894       0x9c ../system/queue.o
                0x0000000000080894                dequeue
 .text.print_os_info
                0x0000000000080930      0x13c ../system/main.o
                0x0000000000080930                print_os_info
 .text.create   0x0000000000080a6c      0x1d8 ../system/create.o
                0x0000000000080a6c                create
 .text.kill     0x0000000000080c44      0x170 ../system/kill.o
                0x0000000000080c44                kill
 .text.ready    0x0000000000080db4       0x7c ../system/ready.o
                0x0000000000080db4                ready
 .text.resched  0x0000000000080e30      0x134 ../system/resched.o
                0x0000000000080e30                resched
 .text.getitem  0x0000000000080f64       0x3c ../system/getitem.o
                0x0000000000080f64                getitem
 .text.getfirst
                0x0000000000080fa0       0x44 ../system/getitem.o
                0x0000000000080fa0                getfirst
 .text.insert   0x0000000000080fe4       0xbc ../system/insert.o
                0x0000000000080fe4                insert
 .text.gettid   0x00000000000810a0        0xc ../system/gettid.o
                0x00000000000810a0                gettid
 .text.xdone    0x00000000000810ac       0x20 ../system/xdone.o
                0x00000000000810ac                xdone
 .text.userret  0x00000000000810cc       0x14 ../system/userret.o
                0x00000000000810cc                userret
 .text.unsleep  0x00000000000810e0       0xb4 ../system/unsleep.o
                0x00000000000810e0                unsleep
 .text.udelay   0x0000000000081194       0x70 ../system/udelay.o
                0x0000000000081194                udelay
 .text.signaln  0x0000000000081204       0xa4 ../system/signaln.o
                0x0000000000081204                signaln
 .text.wait     0x00000000000812a8       0xb4 ../system/wait.o
                0x00000000000812a8                wait
 .text.memfree  0x000000000008135c      0x124 ../system/memfree.o
                0x000000000008135c                memfree
 .text.stkget   0x0000000000081480       0xb8 ../system/stkget.o
                0x0000000000081480                stkget
 .text.send     0x0000000000081538       0xb4 ../system/send.o
                0x0000000000081538                send
 .text.ioerr    0x00000000000815ec        0x8 ../system/ioerr.o
                0x00000000000815ec                ioerr
 .text.ionull   0x00000000000815f4        0x8 ../system/ionull.o
                0x00000000000815f4                ionull
 .text.kputc    0x00000000000815fc       0x48 ../device/uart-pl011/kputc.o
                0x00000000000815fc                kputc
 .text.uartControl
                0x0000000000081644       0xac ../device/uart-pl011/../uart/uartControl.o
                0x0000000000081644                uartControl
 .text.uartGetc
                0x00000000000816f0       0x28 ../device/uart-pl011/../uart/uartGetc.o
                0x00000000000816f0                uartGetc
 .text.uartHwInit
                0x0000000000081718       0xa4 ../device/uart-pl011/uartHwInit.o
                0x0000000000081718                uartHwInit
 .text.uartHwPutc
                0x00000000000817bc        0xc ../device/uart-pl011/uartHwPutc.o
                0x00000000000817bc                uartHwPutc
 .text.uartInit
                0x00000000000817c8       0x5c ../device/uart-pl011/../uart/uartInit.o
                0x00000000000817c8                uartInit
 .text.uartInterrupt
                0x0000000000081824      0x160 ../device/uart-pl011/uartInterrupt.o
                0x0000000000081824                uartInterrupt
 .text.uartPutc
                0x0000000000081984       0x30 ../device/uart-pl011/../uart/uartPutc.o
                0x0000000000081984                uartPutc
 .text.uartRead
                0x00000000000819b4       0xdc ../device/uart-pl011/../uart/uartRead.o
                0x00000000000819b4                uartRead
 .text.uartWrite
                0x0000000000081a90       0xf4 ../device/uart-pl011/../uart/uartWrite.o
                0x0000000000081a90                uartWrite
 .text.kprintf  0x0000000000081b84       0x78 ../device/uart-pl011/../uart/kprintf.o
                0x0000000000081b84                kprintf
 .text.kvprintf
                0x0000000000081bfc       0x6c ../device/uart-pl011/../uart/kvprintf.o
                0x0000000000081bfc                kvprintf
 .text.testproc
                0x0000000000081c68       0x5c ../test/test_processcreation.o
                0x0000000000081c68                testproc
 .text.testmain
                0x0000000000081cc4       0xa4 ../test/test_processcreation.o
                0x0000000000081cc4                testmain
 .text._doprnt  0x0000000000081d68      0x6a4 ../lib/libxc.a(doprnt.o)
                0x0000000000081d68                _doprnt
 .text.memcpy   0x000000000008240c       0x20 ../lib/libxc.a(memcpy.o)
                0x000000000008240c                memcpy
 .text.strlcpy  0x000000000008242c       0x60 ../lib/libxc.a(strlcpy.o)
                0x000000000008242c                strlcpy
 .text.strlen   0x000000000008248c       0x1c ../lib/libxc.a(strlen.o)
                0x000000000008248c                strlen
 *(.rodata .rodata.*)
 .rodata.str1.1
                0x00000000000824a8       0xb9 ../system/platforms/arm-rpi3/setupStack.o
 .rodata.str1.1
                0x0000000000082561      0x163 ../system/platforms/arm-rpi3/platforminit.o
 .rodata.str1.1
                0x00000000000826c4       0x96 ../system/initialize.o
 .rodata.str1.1
                0x000000000008275a      0x147 ../system/main.o
                                        0x14f (size before relaxing)
 *fill*         0x00000000000828a1        0x3 
 .rodata        0x00000000000828a4        0x7 ../system/kill.o
 .rodata.str1.1
                0x00000000000828ab       0x2b ../system/xdone.o
 *fill*         0x00000000000828d6        0x2 
 .rodata        0x00000000000828d8        0x7 ../device/uart-pl011/../uart/uartControl.o
 .rodata.str1.1
                0x00000000000828df       0xa5 ../test/test_processcreation.o
 *fill*         0x0000000000082984        0x4 
 .rodata        0x0000000000082988       0x70 ../system/conf.o
                0x0000000000082988                devtab
 .rodata.str1.1
                0x00000000000829f8        0x8 ../system/conf.o
 .rodata        0x0000000000082a00       0x31 ../lib/libxc.a(doprnt.o)
 .rodata.str1.1
                0x0000000000082a31        0x7 ../lib/libxc.a(doprnt.o)
 *fill*         0x0000000000082a38        0x8 
 .text          0x0000000000082a40      0x10c ../system/platforms/arm-rpi3/ctxsw.o
                0x0000000000082a40                ctxsw
 .text          0x0000000000082b4c        0x4 ../system/platforms/arm-rpi3/halt.o
                0x0000000000082b4c                halt
 .text          0x0000000000082b50       0x10 ../system/platforms/arm-rpi3/intutils.o
                0x0000000000082b50                enable
                0x0000000000082b58                disable
                0x0000000000082b5c                restore
 .text          0x0000000000082b60        0x4 ../system/platforms/arm-rpi3/memory_barrier.o
                0x0000000000082b60                dmb

.iplt           0x0000000000082b64        0x0
 .iplt          0x0000000000082b64        0x0 ../loader/platforms/arm-rpi3/start.o

.rela.dyn       0x0000000000082b68        0x0
 .rela.iplt     0x0000000000082b68        0x0 ../loader/platforms/arm-rpi3/start.o
                0x0000000000082b80                . = ALIGN (0x40)

.data           0x0000000000082b80        0x8
 *(.data .data.*)
 .data          0x0000000000082b80        0x8 ../system/platforms/arm-rpi3/platforminit.o
                0x0000000000082b80                atags_ptr

.igot.plt       0x0000000000082b88        0x0
 .igot.plt      0x0000000000082b88        0x0 ../loader/platforms/arm-rpi3/start.o
                0x0000000000082bc0                . = ALIGN (0x40)
                0x0000000000082bc0                _bss = .

.bss            0x0000000000082bc0     0x4b20
 *(.bss .bss.*)
 .bss           0x0000000000082bc0        0x4 ../system/platforms/arm-rpi3/bcm2837_power.o
 *fill*         0x0000000000082bc4        0x4 
 .bss           0x0000000000082bc8      0x250 ../system/platforms/arm-rpi3/dispatch.o
                0x0000000000082bd8                interruptVector
 .bss           0x0000000000082e18     0x3238 ../system/initialize.o
                0x0000000000082e18                thrcount
                0x0000000000082e20                memheap
                0x0000000000082e28                platform
                0x0000000000082e78                memlist
                0x0000000000082e88                thrtab
                0x0000000000085a48                thrcurrent
                0x0000000000085a50                bfptab
                0x0000000000085b90                cpuid
                0x0000000000085b98                readylist
                0x0000000000085ba0                semtab
                0x0000000000085ba0                montab
 .bss           0x0000000000086050      0xe40 ../system/queue.o
                0x0000000000086050                quetab
 .bss           0x0000000000086e90        0x4 ../system/create.o
 .bss           0x0000000000086e94        0x4 ../system/resched.o
                0x0000000000086e94                resdefer
 .bss           0x0000000000086e98      0x848 ../device/uart-pl011/../uart/uartInit.o
                0x0000000000086e98                uarttab
                0x0000000000087700                . = ALIGN (0x40)
                0x0000000000087700                _end = .

/DISCARD/
 *(.comment .comment.* .note .note.*)
LOAD ../loader/platforms/arm-rpi3/start.o
LOAD ../system/platforms/arm-rpi3/ctxsw.o
LOAD ../system/platforms/arm-rpi3/halt.o
LOAD ../system/platforms/arm-rpi3/intutils.o
LOAD ../system/platforms/arm-rpi3/irq_handler.o
LOAD ../system/platforms/arm-rpi3/memory_barrier.o
LOAD ../system/platforms/arm-rpi3/pause.o
LOAD ../system/platforms/arm-rpi3/setupStack.o
LOAD ../system/platforms/arm-rpi3/bcm2837_power.o
LOAD ../system/platforms/arm-rpi3/dispatch.o
LOAD ../system/platforms/arm-rpi3/kexec.o
LOAD ../system/platforms/arm-rpi3/platforminit.o
LOAD ../system/platforms/arm-rpi3/timer.o
LOAD ../system/platforms/arm-rpi3/usb_dwc_hcd.o
LOAD ../system/platforms/arm-rpi3/watchdog.o
LOAD ../system/initialize.o
LOAD ../system/queue.o
LOAD ../system/main.o
LOAD ../system/create.o
LOAD ../system/kill.o
LOAD ../system/ready.o
LOAD ../system/resched.o
LOAD ../system/resume.o
LOAD ../system/suspend.o
LOAD ../system/getitem.o
LOAD ../system/queinit.o
LOAD ../system/insert.o
LOAD ../system/gettid.o
LOAD ../system/xdone.o
LOAD ../system/yield.o
LOAD ../system/userret.o
LOAD ../system/unsleep.o
LOAD ../system/wakeup.o
LOAD ../system/udelay.o
LOAD ../system/signal.o
LOAD ../system/signaln.o
LOAD ../system/wait.o
LOAD ../system/memget.o
LOAD ../system/memfree.o
LOAD ../system/stkget.o
LOAD ../system/send.o
LOAD ../system/ioerr.o
LOAD ../system/ionull.o
LOAD ../system/read.o
LOAD ../system/putc.o
LOAD ../system/seek.o
LOAD ../system/write.o
LOAD ../system/getdev.o
LOAD ../system/open.o
LOAD ../device/uart-pl011/kgetc.o
LOAD ../device/uart-pl011/kputc.o
LOAD ../device/uart-pl011/../uart/uartControl.o
LOAD ../device/uart-pl011/../uart/uartGetc.o
LOAD ../device/uart-pl011/uartHwInit.o
LOAD ../device/uart-pl011/uartHwPutc.o
LOAD ../device/uart-pl011/uartHwStat.o
LOAD ../device/uart-pl011/../uart/uartInit.o
LOAD ../device/uart-pl011/uartInterrupt.o
LOAD ../device/uart-pl011/../uart/uartPutc.o
LOAD ../device/uart-pl011/../uart/uartRead.o
LOAD ../device/uart-pl011/../uart/uartWrite.o
LOAD ../device/uart-pl011/../uart/uartStat.o
LOAD ../device/uart-pl011/../uart/kprintf.o
LOAD ../device/uart-pl011/../uart/kvprintf.o
LOAD ../test/test_processcreation.o
LOAD ../system/conf.o
LOAD ../lib/libxc.a
OUTPUT(xinu.elf elf64-littleaarch64)
